Log file created at: 2021/01/08 23:00:25
Running on machine: SLOT1-4
Log line format: [IWEF]mmdd hh:mm:ss.uuuuuu threadid file:line] msg
E0108 23:00:25.508546 17698 logger_google.cpp:99] init_glog_warning_file
E0108 23:00:25.511970 17699 logger_google.cpp:99] [41;37m ERR(0): PN8phxpaxos13AcceptorStateE::Load empty database [0m
E0108 23:00:25.512360 17699 logger_google.cpp:99] [41;37m ERR(0): PN8phxpaxos8DatabaseE::GetMinChosenInstanceID no min chosen instanceid [0m
E0108 23:00:25.512673 17700 logger_google.cpp:99] [41;37m ERR(1): PN8phxpaxos13AcceptorStateE::Load empty database [0m
E0108 23:00:25.512730 17700 logger_google.cpp:99] [41;37m ERR(1): PN8phxpaxos8DatabaseE::GetMinChosenInstanceID no min chosen instanceid [0m
E0108 23:00:25.513000 17701 logger_google.cpp:99] [41;37m ERR(2): PN8phxpaxos13AcceptorStateE::Load empty database [0m
E0108 23:00:25.513051 17701 logger_google.cpp:99] [41;37m ERR(2): PN8phxpaxos8DatabaseE::GetMinChosenInstanceID no min chosen instanceid [0m
E0108 23:00:25.513392 17704 logger_google.cpp:99] STATUS(0): PN8phxpaxos7CleanerE::run sleep a while, max deleted instanceid 0 checkpoint instanceid (no checkpoint) now instanceid 0
E0108 23:00:25.513495 17707 logger_google.cpp:99] STATUS(1): PN8phxpaxos7CleanerE::run sleep a while, max deleted instanceid 0 checkpoint instanceid (no checkpoint) now instanceid 0
E0108 23:00:25.513645 17710 logger_google.cpp:99] STATUS(2): PN8phxpaxos7CleanerE::run sleep a while, max deleted instanceid 0 checkpoint instanceid (no checkpoint) now instanceid 0
E0108 23:00:26.055714 17707 logger_google.cpp:99] STATUS(1): PN8phxpaxos7CleanerE::run sleep a while, max deleted instanceid 0 checkpoint instanceid (no checkpoint) now instanceid 0
E0108 23:00:26.263823 17710 logger_google.cpp:99] STATUS(2): PN8phxpaxos7CleanerE::run sleep a while, max deleted instanceid 0 checkpoint instanceid (no checkpoint) now instanceid 0
E0108 23:00:26.373629 17704 logger_google.cpp:99] STATUS(0): PN8phxpaxos7CleanerE::run sleep a while, max deleted instanceid 0 checkpoint instanceid (no checkpoint) now instanceid 0
E0108 23:00:26.790019 17710 logger_google.cpp:99] STATUS(2): PN8phxpaxos7CleanerE::run sleep a while, max deleted instanceid 0 checkpoint instanceid (no checkpoint) now instanceid 0
E0108 23:00:26.890059 17707 logger_google.cpp:99] STATUS(1): PN8phxpaxos7CleanerE::run sleep a while, max deleted instanceid 0 checkpoint instanceid (no checkpoint) now instanceid 0
E0108 23:00:27.194823 17704 logger_google.cpp:99] STATUS(0): PN8phxpaxos7CleanerE::run sleep a while, max deleted instanceid 0 checkpoint instanceid (no checkpoint) now instanceid 0
E0108 23:00:27.436343 17710 logger_google.cpp:99] STATUS(2): PN8phxpaxos7CleanerE::run sleep a while, max deleted instanceid 0 checkpoint instanceid (no checkpoint) now instanceid 0
E0108 23:00:27.702224 17713 logger_google.cpp:99] STATUS(2): PN8phxpaxos9CommitterE::LogStatus wait threads 0 avg thread wait ms 0 reject rate 0
E0108 23:00:27.703183 17712 logger_google.cpp:99] STATUS(1): PN8phxpaxos9CommitterE::LogStatus wait threads 0 avg thread wait ms 0 reject rate 0
E0108 23:00:27.721020 17704 logger_google.cpp:99] STATUS(0): PN8phxpaxos7CleanerE::run sleep a while, max deleted instanceid 0 checkpoint instanceid (no checkpoint) now instanceid 0
E0108 23:00:27.722193 17711 logger_google.cpp:99] STATUS(0): PN8phxpaxos9CommitterE::LogStatus wait threads 0 avg thread wait ms 0 reject rate 0
E0108 23:00:27.835357 17707 logger_google.cpp:99] STATUS(1): PN8phxpaxos7CleanerE::run sleep a while, max deleted instanceid 0 checkpoint instanceid (no checkpoint) now instanceid 2
E0108 23:00:27.967658 17710 logger_google.cpp:99] STATUS(2): PN8phxpaxos7CleanerE::run sleep a while, max deleted instanceid 0 checkpoint instanceid (no checkpoint) now instanceid 2
E0108 23:00:28.462311 17704 logger_google.cpp:99] STATUS(0): PN8phxpaxos7CleanerE::run sleep a while, max deleted instanceid 0 checkpoint instanceid (no checkpoint) now instanceid 2
E0108 23:00:28.531859 17710 logger_google.cpp:99] STATUS(2): PN8phxpaxos7CleanerE::run sleep a while, max deleted instanceid 0 checkpoint instanceid (no checkpoint) now instanceid 2
E0108 23:00:28.792887 17717 logger_google.cpp:99] [41;37m ERR: PN8phxpaxos9EventLoopE::OnError event error, events 28 socketfd 57 socket ip 10.0.0.47 errno 0 [0m
E0108 23:00:28.805611 17707 logger_google.cpp:99] STATUS(1): PN8phxpaxos7CleanerE::run sleep a while, max deleted instanceid 0 checkpoint instanceid (no checkpoint) now instanceid 2
E0108 23:00:28.822825 17717 logger_google.cpp:99] [41;37m ERR: PN8phxpaxos9EventLoopE::OnError event error, events 28 socketfd 53 socket ip 10.0.0.14 errno 0 [0m
E0108 23:00:28.822890 17717 logger_google.cpp:99] [41;37m ERR: PN8phxpaxos9EventLoopE::OnError event error, events 28 socketfd 52 socket ip 10.0.0.13 errno 0 [0m
E0108 23:00:28.986963 17711 logger_google.cpp:99] STATUS(0): PN8phxpaxos9CommitterE::LogStatus wait threads 0 avg thread wait ms 0 reject rate 0
E0108 23:00:28.992432 17717 logger_google.cpp:99] [41;37m ERR: PN8phxpaxos12MessageEventE::ReConnect start, ip 10.0.0.47 [0m
E0108 23:00:29.016021 17717 logger_google.cpp:99] [41;37m ERR: PN8phxpaxos9EventLoopE::OnError event error, events 28 socketfd 57 socket ip 10.0.0.47 errno 115 [0m
E0108 23:00:29.022696 17717 logger_google.cpp:99] [41;37m ERR: PN8phxpaxos12MessageEventE::ReConnect start, ip 10.0.0.14 [0m
E0108 23:00:29.022779 17717 logger_google.cpp:99] [41;37m ERR: PN8phxpaxos12MessageEventE::ReConnect start, ip 10.0.0.13 [0m
E0108 23:00:29.076822 17717 logger_google.cpp:99] [41;37m ERR: PN8phxpaxos9EventLoopE::OnError event error, events 28 socketfd 53 socket ip 10.0.0.14 errno 115 [0m
E0108 23:00:29.076881 17717 logger_google.cpp:99] [41;37m ERR: PN8phxpaxos9EventLoopE::OnError event error, events 28 socketfd 52 socket ip 10.0.0.13 errno 115 [0m
E0108 23:00:29.215991 17717 logger_google.cpp:99] [41;37m ERR: PN8phxpaxos12MessageEventE::ReConnect start, ip 10.0.0.47 [0m
E0108 23:00:29.239464 17717 logger_google.cpp:99] [41;37m ERR: PN8phxpaxos9EventLoopE::OnError event error, events 28 socketfd 57 socket ip 10.0.0.47 errno 115 [0m
E0108 23:00:29.260995 17712 logger_google.cpp:99] STATUS(1): PN8phxpaxos9CommitterE::LogStatus wait threads 0 avg thread wait ms 0 reject rate 0
E0108 23:00:29.276945 17717 logger_google.cpp:99] [41;37m ERR: PN8phxpaxos12MessageEventE::ReConnect start, ip 10.0.0.14 [0m
E0108 23:00:29.277212 17717 logger_google.cpp:99] [41;37m ERR: PN8phxpaxos12MessageEventE::ReConnect start, ip 10.0.0.13 [0m
E0108 23:00:29.331009 17717 logger_google.cpp:99] [41;37m ERR: PN8phxpaxos9EventLoopE::OnError event error, events 28 socketfd 53 socket ip 10.0.0.14 errno 115 [0m
E0108 23:00:29.331324 17717 logger_google.cpp:99] [41;37m ERR: PN8phxpaxos9EventLoopE::OnError event error, events 28 socketfd 52 socket ip 10.0.0.13 errno 115 [0m
E0108 23:00:29.344496 17704 logger_google.cpp:99] STATUS(0): PN8phxpaxos7CleanerE::run sleep a while, max deleted instanceid 0 checkpoint instanceid (no checkpoint) now instanceid 3
E0108 23:00:29.439564 17717 logger_google.cpp:99] [41;37m ERR: PN8phxpaxos12MessageEventE::ReConnect start, ip 10.0.0.47 [0m
E0108 23:00:29.463158 17717 logger_google.cpp:99] [41;37m ERR: PN8phxpaxos9EventLoopE::OnError event error, events 28 socketfd 57 socket ip 10.0.0.47 errno 115 [0m
E0108 23:00:29.463192 17710 logger_google.cpp:99] STATUS(2): PN8phxpaxos7CleanerE::run sleep a while, max deleted instanceid 0 checkpoint instanceid (no checkpoint) now instanceid 2
E0108 23:00:29.530405 17717 logger_google.cpp:99] [41;37m ERR: PN8phxpaxos12MessageEventE::ReConnect start, ip 10.0.0.14 [0m
E0108 23:00:29.531716 17717 logger_google.cpp:99] [41;37m ERR: PN8phxpaxos12MessageEventE::ReConnect start, ip 10.0.0.13 [0m
E0108 23:00:29.584456 17717 logger_google.cpp:99] [41;37m ERR: PN8phxpaxos9EventLoopE::OnError event error, events 28 socketfd 53 socket ip 10.0.0.14 errno 115 [0m
E0108 23:00:29.646842 17707 logger_google.cpp:99] STATUS(1): PN8phxpaxos7CleanerE::run sleep a while, max deleted instanceid 0 checkpoint instanceid (no checkpoint) now instanceid 3
E0108 23:00:29.664131 17717 logger_google.cpp:99] [41;37m ERR: PN8phxpaxos12MessageEventE::ReConnect start, ip 10.0.0.47 [0m
E0108 23:00:29.687685 17717 logger_google.cpp:99] [41;37m ERR: PN8phxpaxos9EventLoopE::OnError event error, events 28 socketfd 57 socket ip 10.0.0.47 errno 115 [0m
E0108 23:00:29.720343 17713 logger_google.cpp:99] STATUS(2): PN8phxpaxos9CommitterE::LogStatus wait threads 0 avg thread wait ms 0 reject rate 0
E0108 23:00:29.784818 17717 logger_google.cpp:99] [41;37m ERR: PN8phxpaxos12MessageEventE::ReConnect start, ip 10.0.0.14 [0m
E0108 23:00:29.838903 17717 logger_google.cpp:99] [41;37m ERR: PN8phxpaxos9EventLoopE::OnError event error, events 28 socketfd 53 socket ip 10.0.0.14 errno 115 [0m
E0108 23:00:29.887513 17717 logger_google.cpp:99] [41;37m ERR: PN8phxpaxos12MessageEventE::ReConnect start, ip 10.0.0.47 [0m
E0108 23:00:29.911080 17717 logger_google.cpp:99] [41;37m ERR: PN8phxpaxos9EventLoopE::OnError event error, events 28 socketfd 57 socket ip 10.0.0.47 errno 115 [0m
E0108 23:00:30.038383 17717 logger_google.cpp:99] [41;37m ERR: PN8phxpaxos12MessageEventE::ReConnect start, ip 10.0.0.14 [0m
E0108 23:00:30.092478 17717 logger_google.cpp:99] [41;37m ERR: PN8phxpaxos9EventLoopE::OnError event error, events 28 socketfd 53 socket ip 10.0.0.14 errno 115 [0m
E0108 23:00:30.111840 17717 logger_google.cpp:99] [41;37m ERR: PN8phxpaxos12MessageEventE::ReConnect start, ip 10.0.0.47 [0m
E0108 23:00:30.135334 17717 logger_google.cpp:99] [41;37m ERR: PN8phxpaxos9EventLoopE::OnError event error, events 28 socketfd 57 socket ip 10.0.0.47 errno 115 [0m
E0108 23:00:30.175683 17704 logger_google.cpp:99] STATUS(0): PN8phxpaxos7CleanerE::run sleep a while, max deleted instanceid 0 checkpoint instanceid (no checkpoint) now instanceid 3
E0108 23:00:30.186599 17710 logger_google.cpp:99] STATUS(2): PN8phxpaxos7CleanerE::run sleep a while, max deleted instanceid 0 checkpoint instanceid (no checkpoint) now instanceid 3
E0108 23:00:30.292404 17717 logger_google.cpp:99] [41;37m ERR: PN8phxpaxos12MessageEventE::ReConnect start, ip 10.0.0.14 [0m
E0108 23:00:30.335387 17717 logger_google.cpp:99] [41;37m ERR: PN8phxpaxos12MessageEventE::ReConnect start, ip 10.0.0.47 [0m
E0108 23:00:30.346545 17717 logger_google.cpp:99] [41;37m ERR: PN8phxpaxos9EventLoopE::OnError event error, events 28 socketfd 53 socket ip 10.0.0.14 errno 115 [0m
E0108 23:00:30.353014 17707 logger_google.cpp:99] STATUS(1): PN8phxpaxos7CleanerE::run sleep a while, max deleted instanceid 0 checkpoint instanceid (no checkpoint) now instanceid 3
E0108 23:00:30.358935 17717 logger_google.cpp:99] [41;37m ERR: PN8phxpaxos9EventLoopE::OnError event error, events 28 socketfd 57 socket ip 10.0.0.47 errno 115 [0m
E0108 23:00:30.546239 17717 logger_google.cpp:99] [41;37m ERR: PN8phxpaxos12MessageEventE::ReConnect start, ip 10.0.0.14 [0m
E0108 23:00:30.558634 17717 logger_google.cpp:99] [41;37m ERR: PN8phxpaxos12MessageEventE::ReConnect start, ip 10.0.0.47 [0m
E0108 23:00:30.582185 17717 logger_google.cpp:99] [41;37m ERR: PN8phxpaxos9EventLoopE::OnError event error, events 28 socketfd 57 socket ip 10.0.0.47 errno 115 [0m
E0108 23:00:30.735769 17710 logger_google.cpp:99] STATUS(2): PN8phxpaxos7CleanerE::run sleep a while, max deleted instanceid 0 checkpoint instanceid (no checkpoint) now instanceid 3
E0108 23:00:30.782929 17717 logger_google.cpp:99] [41;37m ERR: PN8phxpaxos12MessageEventE::ReConnect start, ip 10.0.0.47 [0m
E0108 23:00:30.806511 17717 logger_google.cpp:99] [41;37m ERR: PN8phxpaxos9EventLoopE::OnError event error, events 28 socketfd 57 socket ip 10.0.0.47 errno 115 [0m
E0108 23:00:31.006642 17717 logger_google.cpp:99] [41;37m ERR: PN8phxpaxos12MessageEventE::ReConnect start, ip 10.0.0.47 [0m
E0108 23:00:31.030218 17717 logger_google.cpp:99] [41;37m ERR: PN8phxpaxos9EventLoopE::OnError event error, events 28 socketfd 57 socket ip 10.0.0.47 errno 115 [0m
E0108 23:00:31.174873 17704 logger_google.cpp:99] STATUS(0): PN8phxpaxos7CleanerE::run sleep a while, max deleted instanceid 0 checkpoint instanceid (no checkpoint) now instanceid 3
E0108 23:00:31.192538 17713 logger_google.cpp:99] STATUS(2): PN8phxpaxos9CommitterE::LogStatus wait threads 0 avg thread wait ms 0 reject rate 0
E0108 23:00:31.198160 17712 logger_google.cpp:99] STATUS(1): PN8phxpaxos9CommitterE::LogStatus wait threads 0 avg thread wait ms 0 reject rate 0
E0108 23:00:31.230265 17717 logger_google.cpp:99] [41;37m ERR: PN8phxpaxos12MessageEventE::ReConnect start, ip 10.0.0.47 [0m
E0108 23:00:31.253770 17717 logger_google.cpp:99] [41;37m ERR: PN8phxpaxos9EventLoopE::OnError event error, events 28 socketfd 57 socket ip 10.0.0.47 errno 115 [0m
E0108 23:00:31.269171 17707 logger_google.cpp:99] STATUS(1): PN8phxpaxos7CleanerE::run sleep a while, max deleted instanceid 0 checkpoint instanceid (no checkpoint) now instanceid 4
E0108 23:00:31.295948 17710 logger_google.cpp:99] STATUS(2): PN8phxpaxos7CleanerE::run sleep a while, max deleted instanceid 0 checkpoint instanceid (no checkpoint) now instanceid 4
E0108 23:00:31.453922 17717 logger_google.cpp:99] [41;37m ERR: PN8phxpaxos12MessageEventE::ReConnect start, ip 10.0.0.47 [0m
E0108 23:00:31.477505 17717 logger_google.cpp:99] [41;37m ERR: PN8phxpaxos9EventLoopE::OnError event error, events 28 socketfd 57 socket ip 10.0.0.47 errno 115 [0m
E0108 23:00:31.678289 17717 logger_google.cpp:99] [41;37m ERR: PN8phxpaxos12MessageEventE::ReConnect start, ip 10.0.0.47 [0m
E0108 23:00:31.815349 17707 logger_google.cpp:99] STATUS(1): PN8phxpaxos7CleanerE::run sleep a while, max deleted instanceid 0 checkpoint instanceid (no checkpoint) now instanceid 4
E0108 23:00:31.914045 17704 logger_google.cpp:99] STATUS(0): PN8phxpaxos7CleanerE::run sleep a while, max deleted instanceid 0 checkpoint instanceid (no checkpoint) now instanceid 3
E0108 23:00:32.122954 17711 logger_google.cpp:99] STATUS(0): PN8phxpaxos9CommitterE::LogStatus wait threads 0 avg thread wait ms 0 reject rate 0
E0108 23:00:32.147315 17710 logger_google.cpp:99] STATUS(2): PN8phxpaxos7CleanerE::run sleep a while, max deleted instanceid 0 checkpoint instanceid (no checkpoint) now instanceid 4
E0108 23:00:32.670338 17713 logger_google.cpp:99] STATUS(2): PN8phxpaxos9CommitterE::LogStatus wait threads 0 avg thread wait ms 0 reject rate 0
E0108 23:00:32.679392 17704 logger_google.cpp:99] STATUS(0): PN8phxpaxos7CleanerE::run sleep a while, max deleted instanceid 0 checkpoint instanceid (no checkpoint) now instanceid 4
E0108 23:00:32.723532 17707 logger_google.cpp:99] STATUS(1): PN8phxpaxos7CleanerE::run sleep a while, max deleted instanceid 0 checkpoint instanceid (no checkpoint) now instanceid 4
E0108 23:00:32.816666 17710 logger_google.cpp:99] STATUS(2): PN8phxpaxos7CleanerE::run sleep a while, max deleted instanceid 0 checkpoint instanceid (no checkpoint) now instanceid 5
E0108 23:00:33.018959 17712 logger_google.cpp:99] STATUS(1): PN8phxpaxos9CommitterE::LogStatus wait threads 0 avg thread wait ms 0 reject rate 0
E0108 23:00:33.244441 17709 logger_google.cpp:99] [41;37m ERR(2): PN8phxpaxos7LearnerE::OnAskforLearn LearnerSender working for others. [0m
E0108 23:00:33.327837 17710 logger_google.cpp:99] STATUS(2): PN8phxpaxos7CleanerE::run sleep a while, max deleted instanceid 0 checkpoint instanceid (no checkpoint) now instanceid 5
E0108 23:00:33.378829 17707 logger_google.cpp:99] STATUS(1): PN8phxpaxos7CleanerE::run sleep a while, max deleted instanceid 0 checkpoint instanceid (no checkpoint) now instanceid 5
E0108 23:00:33.558595 17704 logger_google.cpp:99] STATUS(0): PN8phxpaxos7CleanerE::run sleep a while, max deleted instanceid 0 checkpoint instanceid (no checkpoint) now instanceid 4
E0108 23:00:34.037168 17710 logger_google.cpp:99] STATUS(2): PN8phxpaxos7CleanerE::run sleep a while, max deleted instanceid 0 checkpoint instanceid (no checkpoint) now instanceid 5
E0108 23:00:34.080214 17706 logger_google.cpp:99] [41;37m ERR(1): PN8phxpaxos7LearnerE::OnAskforLearn LearnerSender working for others. [0m
E0108 23:00:34.119990 17707 logger_google.cpp:99] STATUS(1): PN8phxpaxos7CleanerE::run sleep a while, max deleted instanceid 0 checkpoint instanceid (no checkpoint) now instanceid 5
E0108 23:00:34.188990 17711 logger_google.cpp:99] STATUS(0): PN8phxpaxos9CommitterE::LogStatus wait threads 0 avg thread wait ms 0 reject rate 0
E0108 23:00:34.194994 17703 logger_google.cpp:99] [41;37m ERR(0): PN8phxpaxos7LearnerE::OnAskforLearn LearnerSender working for others. [0m
E0108 23:00:34.254843 17703 logger_google.cpp:99] [41;37m ERR(0): PN8phxpaxos7LearnerE::OnAskforLearn LearnerSender working for others. [0m
E0108 23:00:34.309270 17703 logger_google.cpp:99] [41;37m ERR(0): PN8phxpaxos7LearnerE::OnSendNowInstanceID Lag msg, skip [0m
E0108 23:00:34.543999 17704 logger_google.cpp:99] STATUS(0): PN8phxpaxos7CleanerE::run sleep a while, max deleted instanceid 0 checkpoint instanceid (no checkpoint) now instanceid 5
E0108 23:00:34.582144 17709 logger_google.cpp:99] [41;37m ERR(2): PN8phxpaxos7LearnerE::OnAskforLearn LearnerSender working for others. [0m
E0108 23:00:34.760143 17707 logger_google.cpp:99] STATUS(1): PN8phxpaxos7CleanerE::run sleep a while, max deleted instanceid 0 checkpoint instanceid (no checkpoint) now instanceid 5
E0108 23:00:34.928349 17710 logger_google.cpp:99] STATUS(2): PN8phxpaxos7CleanerE::run sleep a while, max deleted instanceid 0 checkpoint instanceid (no checkpoint) now instanceid 5
E0108 23:00:35.082096 17706 logger_google.cpp:99] [41;37m ERR(1): PN8phxpaxos7LearnerE::OnAskforLearn LearnerSender working for others. [0m
E0108 23:00:35.119194 17704 logger_google.cpp:99] STATUS(0): PN8phxpaxos7CleanerE::run sleep a while, max deleted instanceid 0 checkpoint instanceid (no checkpoint) now instanceid 5
E0108 23:00:35.269089 17703 logger_google.cpp:99] [41;37m ERR(0): PN8phxpaxos7LearnerE::OnAskforLearn LearnerSender working for others. [0m
E0108 23:00:35.539404 17707 logger_google.cpp:99] STATUS(1): PN8phxpaxos7CleanerE::run sleep a while, max deleted instanceid 0 checkpoint instanceid (no checkpoint) now instanceid 5
E0108 23:00:35.917532 17710 logger_google.cpp:99] STATUS(2): PN8phxpaxos7CleanerE::run sleep a while, max deleted instanceid 0 checkpoint instanceid (no checkpoint) now instanceid 5
E0108 23:00:35.932777 17713 logger_google.cpp:99] STATUS(2): PN8phxpaxos9CommitterE::LogStatus wait threads 0 avg thread wait ms 0 reject rate 0
E0108 23:00:36.028345 17704 logger_google.cpp:99] STATUS(0): PN8phxpaxos7CleanerE::run sleep a while, max deleted instanceid 0 checkpoint instanceid (no checkpoint) now instanceid 5
E0108 23:00:36.181663 17712 logger_google.cpp:99] STATUS(1): PN8phxpaxos9CommitterE::LogStatus wait threads 0 avg thread wait ms 0 reject rate 0
E0108 23:00:36.229717 17707 logger_google.cpp:99] STATUS(1): PN8phxpaxos7CleanerE::run sleep a while, max deleted instanceid 0 checkpoint instanceid (no checkpoint) now instanceid 5
E0108 23:00:36.420881 17710 logger_google.cpp:99] STATUS(2): PN8phxpaxos7CleanerE::run sleep a while, max deleted instanceid 0 checkpoint instanceid (no checkpoint) now instanceid 6
E0108 23:00:36.818879 17707 logger_google.cpp:99] STATUS(1): PN8phxpaxos7CleanerE::run sleep a while, max deleted instanceid 0 checkpoint instanceid (no checkpoint) now instanceid 6
E0108 23:00:36.955498 17704 logger_google.cpp:99] STATUS(0): PN8phxpaxos7CleanerE::run sleep a while, max deleted instanceid 0 checkpoint instanceid (no checkpoint) now instanceid 5
E0108 23:00:37.322863 17711 logger_google.cpp:99] STATUS(0): PN8phxpaxos9CommitterE::LogStatus wait threads 0 avg thread wait ms 0 reject rate 0
E0108 23:00:37.409049 17710 logger_google.cpp:99] STATUS(2): PN8phxpaxos7CleanerE::run sleep a while, max deleted instanceid 0 checkpoint instanceid (no checkpoint) now instanceid 6
E0108 23:00:37.630695 17704 logger_google.cpp:99] STATUS(0): PN8phxpaxos7CleanerE::run sleep a while, max deleted instanceid 0 checkpoint instanceid (no checkpoint) now instanceid 6
E0108 23:00:37.776082 17707 logger_google.cpp:99] STATUS(1): PN8phxpaxos7CleanerE::run sleep a while, max deleted instanceid 0 checkpoint instanceid (no checkpoint) now instanceid 6
E0108 23:00:37.960428 17710 logger_google.cpp:99] STATUS(2): PN8phxpaxos7CleanerE::run sleep a while, max deleted instanceid 0 checkpoint instanceid (no checkpoint) now instanceid 6
E0108 23:00:38.585966 17704 logger_google.cpp:99] STATUS(0): PN8phxpaxos7CleanerE::run sleep a while, max deleted instanceid 0 checkpoint instanceid (no checkpoint) now instanceid 6
E0108 23:00:38.612740 17710 logger_google.cpp:99] STATUS(2): PN8phxpaxos7CleanerE::run sleep a while, max deleted instanceid 0 checkpoint instanceid (no checkpoint) now instanceid 6
E0108 23:00:38.626267 17707 logger_google.cpp:99] STATUS(1): PN8phxpaxos7CleanerE::run sleep a while, max deleted instanceid 0 checkpoint instanceid (no checkpoint) now instanceid 6
E0108 23:00:38.649559 17713 logger_google.cpp:99] STATUS(2): PN8phxpaxos9CommitterE::LogStatus wait threads 0 avg thread wait ms 0 reject rate 0
E0108 23:00:39.095137 17704 logger_google.cpp:99] STATUS(0): PN8phxpaxos7CleanerE::run sleep a while, max deleted instanceid 0 checkpoint instanceid (no checkpoint) now instanceid 6
E0108 23:00:39.275420 17707 logger_google.cpp:99] STATUS(1): PN8phxpaxos7CleanerE::run sleep a while, max deleted instanceid 0 checkpoint instanceid (no checkpoint) now instanceid 6
E0108 23:00:39.476267 17712 logger_google.cpp:99] STATUS(1): PN8phxpaxos9CommitterE::LogStatus wait threads 0 avg thread wait ms 0 reject rate 0
E0108 23:00:39.529861 17710 logger_google.cpp:99] STATUS(2): PN8phxpaxos7CleanerE::run sleep a while, max deleted instanceid 0 checkpoint instanceid (no checkpoint) now instanceid 7
E0108 23:00:40.020351 17704 logger_google.cpp:99] STATUS(0): PN8phxpaxos7CleanerE::run sleep a while, max deleted instanceid 0 checkpoint instanceid (no checkpoint) now instanceid 6
E0108 23:00:40.028625 17707 logger_google.cpp:99] STATUS(1): PN8phxpaxos7CleanerE::run sleep a while, max deleted instanceid 0 checkpoint instanceid (no checkpoint) now instanceid 7
E0108 23:00:40.388422 17698 logger_google.cpp:99] STATUS(2): PN8phxpaxos9CommitterE::LogStatus wait threads 0 avg thread wait ms 0 reject rate 0
E0108 23:00:40.444263 17709 logger_google.cpp:99] ERR: PN5phxkv8KVClientE::Get LevelDB.Get not found, key 8
E0108 23:00:40.500118 17706 logger_google.cpp:99] ERR: PN5phxkv8KVClientE::Get LevelDB.Get not found, key 7
E0108 23:00:40.500545 17698 logger_google.cpp:99] STATUS(0): PN8phxpaxos9CommitterE::LogStatus wait threads 0 avg thread wait ms 0 reject rate 0
E0108 23:00:40.529062 17710 logger_google.cpp:99] STATUS(2): PN8phxpaxos7CleanerE::run sleep a while, max deleted instanceid 0 checkpoint instanceid (no checkpoint) now instanceid 8
E0108 23:00:40.555696 17703 logger_google.cpp:99] ERR: PN5phxkv8KVClientE::Get LevelDB.Get not found, key 6
E0108 23:00:40.611310 17709 logger_google.cpp:99] ERR: PN5phxkv8KVClientE::Get LevelDB.Get not found, key 5
E0108 23:00:40.611677 17698 logger_google.cpp:99] STATUS(1): PN8phxpaxos9CommitterE::LogStatus wait threads 0 avg thread wait ms 0 reject rate 0
E0108 23:00:40.666801 17706 logger_google.cpp:99] ERR: PN5phxkv8KVClientE::Get LevelDB.Get not found, key 4
E0108 23:00:40.722647 17703 logger_google.cpp:99] ERR: PN5phxkv8KVClientE::Get LevelDB.Get not found, key 3
E0108 23:00:40.807932 17709 logger_google.cpp:99] ERR: PN5phxkv8KVClientE::Get LevelDB.Get not found, key 2
E0108 23:00:40.853824 17707 logger_google.cpp:99] STATUS(1): PN8phxpaxos7CleanerE::run sleep a while, max deleted instanceid 0 checkpoint instanceid 9 now instanceid 9
E0108 23:00:40.863523 17706 logger_google.cpp:99] ERR: PN5phxkv8KVClientE::Get LevelDB.Get not found, key 1
E0108 23:00:40.919087 17703 logger_google.cpp:99] ERR: PN5phxkv8KVClientE::Get LevelDB.Get not found, key 0
E0108 23:00:40.955739 17704 logger_google.cpp:99] STATUS(0): PN8phxpaxos7CleanerE::run sleep a while, max deleted instanceid 0 checkpoint instanceid 9 now instanceid 10
E0108 23:00:40.974589 17703 logger_google.cpp:99] ERR: PN5phxkv8KVClientE::Get LevelDB.Get not found, key 9
E0108 23:00:41.030195 17706 logger_google.cpp:99] ERR: PN5phxkv8KVClientE::Get LevelDB.Get not found, key 10
E0108 23:00:41.040493 17706 logger_google.cpp:99] [41;37m ERR(1): PN8phxpaxos7LearnerE::OnAskforLearn LearnerSender working for others. [0m
E0108 23:00:41.064730 17706 logger_google.cpp:99] [41;37m ERR(1): PN8phxpaxos7LearnerE::OnSendNowInstanceID Lag msg, skip [0m
E0108 23:00:41.085791 17709 logger_google.cpp:99] ERR: PN5phxkv8KVClientE::Get LevelDB.Get not found, key 11
E0108 23:00:41.127216 17710 logger_google.cpp:99] STATUS(2): PN8phxpaxos7CleanerE::run sleep a while, max deleted instanceid 0 checkpoint instanceid 12 now instanceid 12
E0108 23:00:41.141268 17703 logger_google.cpp:99] ERR: PN5phxkv8KVClientE::Get LevelDB.Get not found, key 12
E0108 23:00:41.196843 17706 logger_google.cpp:99] ERR: PN5phxkv8KVClientE::Get LevelDB.Get not found, key 13
E0108 23:00:41.252503 17709 logger_google.cpp:99] ERR: PN5phxkv8KVClientE::Get LevelDB.Get not found, key 14
E0108 23:00:41.252912 17709 logger_google.cpp:99] [41;37m ERR(2): PN8phxpaxos7LearnerE::OnAskforLearn LearnerSender working for others. [0m
E0108 23:00:41.308102 17703 logger_google.cpp:99] ERR: PN5phxkv8KVClientE::Get LevelDB.Get not found, key 15
E0108 23:00:41.363629 17706 logger_google.cpp:99] ERR: PN5phxkv8KVClientE::Get LevelDB.Get not found, key 16
E0108 23:00:41.399986 17707 logger_google.cpp:99] STATUS(1): PN8phxpaxos7CleanerE::run sleep a while, max deleted instanceid 0 checkpoint instanceid 12 now instanceid 13
E0108 23:00:41.419482 17709 logger_google.cpp:99] ERR: PN5phxkv8KVClientE::Get LevelDB.Get not found, key 17
E0108 23:00:41.475010 17703 logger_google.cpp:99] ERR: PN5phxkv8KVClientE::Get LevelDB.Get not found, key 18
E0108 23:00:41.530465 17706 logger_google.cpp:99] ERR: PN5phxkv8KVClientE::Get LevelDB.Get not found, key 19
E0108 23:00:41.530825 17698 logger_google.cpp:99] STATUS(2): PN8phxpaxos9CommitterE::LogStatus wait threads 0 avg thread wait ms 0 reject rate 0
E0108 23:00:41.586009 17709 logger_google.cpp:99] ERR: PN5phxkv8KVClientE::Get LevelDB.Get not found, key 20
E0108 23:00:41.586405 17698 logger_google.cpp:99] STATUS(0): PN8phxpaxos9CommitterE::LogStatus wait threads 0 avg thread wait ms 0 reject rate 0
E0108 23:00:41.641472 17703 logger_google.cpp:99] ERR: PN5phxkv8KVClientE::Get LevelDB.Get not found, key 21
E0108 23:00:41.641834 17698 logger_google.cpp:99] STATUS(1): PN8phxpaxos9CommitterE::LogStatus wait threads 0 avg thread wait ms 0 reject rate 0
E0108 23:00:41.673898 17704 logger_google.cpp:99] STATUS(0): PN8phxpaxos7CleanerE::run sleep a while, max deleted instanceid 0 checkpoint instanceid 14 now instanceid 15
E0108 23:00:41.697073 17706 logger_google.cpp:99] ERR: PN5phxkv8KVClientE::Get LevelDB.Get not found, key 22
E0108 23:00:41.704409 17710 logger_google.cpp:99] STATUS(2): PN8phxpaxos7CleanerE::run sleep a while, max deleted instanceid 0 checkpoint instanceid 14 now instanceid 15
E0108 23:00:41.752768 17709 logger_google.cpp:99] ERR: PN5phxkv8KVClientE::Get LevelDB.Get not found, key 23
E0108 23:00:41.808528 17703 logger_google.cpp:99] ERR: PN5phxkv8KVClientE::Get LevelDB.Get not found, key 24
E0108 23:00:41.864256 17706 logger_google.cpp:99] ERR: PN5phxkv8KVClientE::Get LevelDB.Get not found, key 25
E0108 23:00:41.920179 17709 logger_google.cpp:99] ERR: PN5phxkv8KVClientE::Get LevelDB.Get not found, key 26
E0108 23:00:41.975698 17703 logger_google.cpp:99] ERR: PN5phxkv8KVClientE::Get LevelDB.Get not found, key 27
E0108 23:00:42.031380 17706 logger_google.cpp:99] ERR: PN5phxkv8KVClientE::Get LevelDB.Get not found, key 28
E0108 23:00:42.086949 17709 logger_google.cpp:99] ERR: PN5phxkv8KVClientE::Get LevelDB.Get not found, key 29
E0108 23:00:42.142747 17703 logger_google.cpp:99] ERR: PN5phxkv8KVClientE::Get LevelDB.Get not found, key 30
E0108 23:00:42.198503 17706 logger_google.cpp:99] ERR: PN5phxkv8KVClientE::Get LevelDB.Get not found, key 31
E0108 23:00:42.199280 17706 logger_google.cpp:99] [41;37m ERR(1): PN8phxpaxos7LearnerE::OnAskforLearn LearnerSender working for others. [0m
E0108 23:00:42.254113 17709 logger_google.cpp:99] ERR: PN5phxkv8KVClientE::Get LevelDB.Get not found, key 32
E0108 23:00:42.309262 17707 logger_google.cpp:99] STATUS(1): PN8phxpaxos7CleanerE::run sleep a while, max deleted instanceid 0 checkpoint instanceid 18 now instanceid 19
E0108 23:00:42.309648 17703 logger_google.cpp:99] ERR: PN5phxkv8KVClientE::Get LevelDB.Get not found, key 33
E0108 23:00:42.350775 17710 logger_google.cpp:99] STATUS(2): PN8phxpaxos7CleanerE::run sleep a while, max deleted instanceid 0 checkpoint instanceid 18 now instanceid 19
E0108 23:00:42.365401 17706 logger_google.cpp:99] ERR: PN5phxkv8KVClientE::Get LevelDB.Get not found, key 34
E0108 23:00:42.420727 17709 logger_google.cpp:99] ERR: PN5phxkv8KVClientE::Get LevelDB.Get not found, key 35
E0108 23:00:42.476285 17703 logger_google.cpp:99] ERR: PN5phxkv8KVClientE::Get LevelDB.Get not found, key 36
E0108 23:00:42.527091 17704 logger_google.cpp:99] STATUS(0): PN8phxpaxos7CleanerE::run sleep a while, max deleted instanceid 0 checkpoint instanceid 20 now instanceid 20
E0108 23:00:42.531653 17706 logger_google.cpp:99] ERR: PN5phxkv8KVClientE::Get LevelDB.Get not found, key 37
E0108 23:00:42.531991 17698 logger_google.cpp:99] STATUS(2): PN8phxpaxos9CommitterE::LogStatus wait threads 0 avg thread wait ms 0 reject rate 0
E0108 23:00:42.587253 17709 logger_google.cpp:99] ERR: PN5phxkv8KVClientE::Get LevelDB.Get not found, key 38
E0108 23:00:42.587571 17698 logger_google.cpp:99] STATUS(0): PN8phxpaxos9CommitterE::LogStatus wait threads 0 avg thread wait ms 0 reject rate 0
E0108 23:00:42.642740 17703 logger_google.cpp:99] ERR: PN5phxkv8KVClientE::Get LevelDB.Get not found, key 39
E0108 23:00:42.643139 17698 logger_google.cpp:99] STATUS(1): PN8phxpaxos9CommitterE::LogStatus wait threads 0 avg thread wait ms 0 reject rate 0
E0108 23:00:42.698335 17706 logger_google.cpp:99] ERR: PN5phxkv8KVClientE::Get LevelDB.Get not found, key 40
E0108 23:00:42.754108 17709 logger_google.cpp:99] ERR: PN5phxkv8KVClientE::Get LevelDB.Get not found, key 41
E0108 23:00:42.809831 17703 logger_google.cpp:99] ERR: PN5phxkv8KVClientE::Get LevelDB.Get not found, key 42
E0108 23:00:42.865453 17706 logger_google.cpp:99] ERR: PN5phxkv8KVClientE::Get LevelDB.Get not found, key 43
E0108 23:00:42.921208 17709 logger_google.cpp:99] ERR: PN5phxkv8KVClientE::Get LevelDB.Get not found, key 44
E0108 23:00:42.962975 17710 logger_google.cpp:99] STATUS(2): PN8phxpaxos7CleanerE::run sleep a while, max deleted instanceid 0 checkpoint instanceid 22 now instanceid 23
E0108 23:00:42.976722 17703 logger_google.cpp:99] ERR: PN5phxkv8KVClientE::Get LevelDB.Get not found, key 45
E0108 23:00:42.986901 17703 logger_google.cpp:99] [41;37m ERR(0): PN8phxpaxos7LearnerE::OnAskforLearn LearnerSender working for others. [0m
E0108 23:00:43.030498 17707 logger_google.cpp:99] STATUS(1): PN8phxpaxos7CleanerE::run sleep a while, max deleted instanceid 0 checkpoint instanceid 22 now instanceid 23
E0108 23:00:43.032395 17706 logger_google.cpp:99] ERR: PN5phxkv8KVClientE::Get LevelDB.Get not found, key 46
E0108 23:00:43.088025 17709 logger_google.cpp:99] ERR: PN5phxkv8KVClientE::Get LevelDB.Get not found, key 47
E0108 23:00:43.143632 17703 logger_google.cpp:99] ERR: PN5phxkv8KVClientE::Get LevelDB.Get not found, key 48
E0108 23:00:43.199209 17706 logger_google.cpp:99] ERR: PN5phxkv8KVClientE::Get LevelDB.Get not found, key 49
E0108 23:00:43.254856 17709 logger_google.cpp:99] ERR: PN5phxkv8KVClientE::Get LevelDB.Get not found, key 50
E0108 23:00:43.310439 17703 logger_google.cpp:99] ERR: PN5phxkv8KVClientE::Get LevelDB.Get not found, key 51
E0108 23:00:43.310820 17703 logger_google.cpp:99] [41;37m ERR(0): PN8phxpaxos7LearnerE::OnAskforLearn LearnerSender working for others. [0m
E0108 23:00:43.366134 17706 logger_google.cpp:99] ERR: PN5phxkv8KVClientE::Get LevelDB.Get not found, key 52
E0108 23:00:43.386291 17704 logger_google.cpp:99] STATUS(0): PN8phxpaxos7CleanerE::run sleep a while, max deleted instanceid 0 checkpoint instanceid 24 now instanceid 26
E0108 23:00:43.422008 17709 logger_google.cpp:99] ERR: PN5phxkv8KVClientE::Get LevelDB.Get not found, key 53
E0108 23:00:43.432185 17709 logger_google.cpp:99] [41;37m ERR(2): PN8phxpaxos7LearnerE::OnAskforLearn LearnerSender working for others. [0m
E0108 23:00:43.478062 17703 logger_google.cpp:99] ERR: PN5phxkv8KVClientE::Get LevelDB.Get not found, key 54
E0108 23:00:43.533638 17706 logger_google.cpp:99] ERR: PN5phxkv8KVClientE::Get LevelDB.Get not found, key 55
E0108 23:00:43.534067 17698 logger_google.cpp:99] STATUS(2): PN8phxpaxos9CommitterE::LogStatus wait threads 0 avg thread wait ms 0 reject rate 0
E0108 23:00:43.589382 17709 logger_google.cpp:99] ERR: PN5phxkv8KVClientE::Get LevelDB.Get not found, key 56
E0108 23:00:43.589789 17698 logger_google.cpp:99] STATUS(0): PN8phxpaxos9CommitterE::LogStatus wait threads 0 avg thread wait ms 0 reject rate 0
E0108 23:00:43.645174 17703 logger_google.cpp:99] ERR: PN5phxkv8KVClientE::Get LevelDB.Get not found, key 57
E0108 23:00:43.645531 17698 logger_google.cpp:99] STATUS(1): PN8phxpaxos9CommitterE::LogStatus wait threads 0 avg thread wait ms 0 reject rate 0
E0108 23:00:43.700925 17706 logger_google.cpp:99] ERR: PN5phxkv8KVClientE::Get LevelDB.Get not found, key 58
E0108 23:00:43.710317 17710 logger_google.cpp:99] STATUS(2): PN8phxpaxos7CleanerE::run sleep a while, max deleted instanceid 0 checkpoint instanceid 26 now instanceid 27
E0108 23:00:43.711207 17706 logger_google.cpp:99] [41;37m ERR(1): PN8phxpaxos7LearnerE::OnAskforLearn LearnerSender working for others. [0m
E0108 23:00:43.756623 17709 logger_google.cpp:99] ERR: PN5phxkv8KVClientE::Get LevelDB.Get not found, key 59
E0108 23:00:43.812335 17703 logger_google.cpp:99] ERR: PN5phxkv8KVClientE::Get LevelDB.Get not found, key 60
E0108 23:00:43.861673 17707 logger_google.cpp:99] STATUS(1): PN8phxpaxos7CleanerE::run sleep a while, max deleted instanceid 0 checkpoint instanceid 28 now instanceid 28
E0108 23:00:43.867866 17706 logger_google.cpp:99] ERR: PN5phxkv8KVClientE::Get LevelDB.Get not found, key 61
E0108 23:00:43.923368 17709 logger_google.cpp:99] ERR: PN5phxkv8KVClientE::Get LevelDB.Get not found, key 62
E0108 23:00:43.979226 17703 logger_google.cpp:99] ERR: PN5phxkv8KVClientE::Get LevelDB.Get not found, key 63
E0108 23:00:44.034935 17706 logger_google.cpp:99] ERR: PN5phxkv8KVClientE::Get LevelDB.Get not found, key 64
E0108 23:00:44.090678 17709 logger_google.cpp:99] ERR: PN5phxkv8KVClientE::Get LevelDB.Get not found, key 65
E0108 23:00:44.091048 17709 logger_google.cpp:99] [41;37m ERR(2): PN8phxpaxos7LearnerE::OnAskforLearn LearnerSender working for others. [0m
E0108 23:00:44.146262 17703 logger_google.cpp:99] ERR: PN5phxkv8KVClientE::Get LevelDB.Get not found, key 66
E0108 23:00:44.201910 17706 logger_google.cpp:99] ERR: PN5phxkv8KVClientE::Get LevelDB.Get not found, key 67
E0108 23:00:44.266873 17704 logger_google.cpp:99] STATUS(0): PN8phxpaxos7CleanerE::run sleep a while, max deleted instanceid 0 checkpoint instanceid 30 now instanceid 31
E0108 23:00:44.279608 17710 logger_google.cpp:99] STATUS(2): PN8phxpaxos7CleanerE::run sleep a while, max deleted instanceid 0 checkpoint instanceid 30 now instanceid 31
E0108 23:00:44.303550 17709 logger_google.cpp:99] ERR: PN5phxkv8KVClientE::Get LevelDB.Get not found, key 68
E0108 23:00:44.359104 17703 logger_google.cpp:99] ERR: PN5phxkv8KVClientE::Get LevelDB.Get not found, key 69
E0108 23:00:44.414817 17706 logger_google.cpp:99] ERR: PN5phxkv8KVClientE::Get LevelDB.Get not found, key 70
E0108 23:00:44.470331 17709 logger_google.cpp:99] ERR: PN5phxkv8KVClientE::Get LevelDB.Get not found, key 71
E0108 23:00:44.526049 17703 logger_google.cpp:99] ERR: PN5phxkv8KVClientE::Get LevelDB.Get not found, key 72
E0108 23:00:44.581591 17706 logger_google.cpp:99] ERR: PN5phxkv8KVClientE::Get LevelDB.Get not found, key 73
E0108 23:00:44.581943 17698 logger_google.cpp:99] STATUS(2): PN8phxpaxos9CommitterE::LogStatus wait threads 0 avg thread wait ms 0 reject rate 0
E0108 23:00:44.637120 17709 logger_google.cpp:99] ERR: PN5phxkv8KVClientE::Get LevelDB.Get not found, key 74
E0108 23:00:44.637521 17698 logger_google.cpp:99] STATUS(0): PN8phxpaxos9CommitterE::LogStatus wait threads 0 avg thread wait ms 0 reject rate 0
E0108 23:00:44.692592 17703 logger_google.cpp:99] ERR: PN5phxkv8KVClientE::Get LevelDB.Get not found, key 75
E0108 23:00:44.692963 17698 logger_google.cpp:99] STATUS(1): PN8phxpaxos9CommitterE::LogStatus wait threads 0 avg thread wait ms 0 reject rate 0
E0108 23:00:44.748077 17706 logger_google.cpp:99] ERR: PN5phxkv8KVClientE::Get LevelDB.Get not found, key 76
E0108 23:00:44.803822 17709 logger_google.cpp:99] ERR: PN5phxkv8KVClientE::Get LevelDB.Get not found, key 77
E0108 23:00:44.811866 17707 logger_google.cpp:99] STATUS(1): PN8phxpaxos7CleanerE::run sleep a while, max deleted instanceid 0 checkpoint instanceid 35 now instanceid 35
E0108 23:00:44.814793 17710 logger_google.cpp:99] STATUS(2): PN8phxpaxos7CleanerE::run sleep a while, max deleted instanceid 0 checkpoint instanceid 35 now instanceid 35
E0108 23:00:44.859459 17703 logger_google.cpp:99] ERR: PN5phxkv8KVClientE::Get LevelDB.Get not found, key 78
E0108 23:00:44.859691 17703 logger_google.cpp:99] [41;37m ERR(0): PN8phxpaxos7LearnerE::OnAskforLearn LearnerSender working for others. [0m
E0108 23:00:44.914984 17706 logger_google.cpp:99] ERR: PN5phxkv8KVClientE::Get LevelDB.Get not found, key 79
E0108 23:00:44.971181 17709 logger_google.cpp:99] ERR: PN5phxkv8KVClientE::Get LevelDB.Get not found, key 80
E0108 23:00:45.026753 17703 logger_google.cpp:99] ERR: PN5phxkv8KVClientE::Get LevelDB.Get not found, key 81
E0108 23:00:45.082355 17706 logger_google.cpp:99] ERR: PN5phxkv8KVClientE::Get LevelDB.Get not found, key 82
E0108 23:00:45.082684 17706 logger_google.cpp:99] [41;37m ERR(1): PN8phxpaxos7LearnerE::OnAskforLearn LearnerSender working for others. [0m
E0108 23:00:45.137926 17709 logger_google.cpp:99] ERR: PN5phxkv8KVClientE::Get LevelDB.Get not found, key 83
E0108 23:00:45.193603 17703 logger_google.cpp:99] ERR: PN5phxkv8KVClientE::Get LevelDB.Get not found, key 84
E0108 23:00:45.218171 17704 logger_google.cpp:99] STATUS(0): PN8phxpaxos7CleanerE::run sleep a while, max deleted instanceid 0 checkpoint instanceid 37 now instanceid 37
E0108 23:00:45.249208 17706 logger_google.cpp:99] ERR: PN5phxkv8KVClientE::Get LevelDB.Get not found, key 85
E0108 23:00:45.304872 17709 logger_google.cpp:99] ERR: PN5phxkv8KVClientE::Get LevelDB.Get not found, key 86
E0108 23:00:45.360596 17703 logger_google.cpp:99] ERR: PN5phxkv8KVClientE::Get LevelDB.Get not found, key 87
E0108 23:00:45.416380 17706 logger_google.cpp:99] ERR: PN5phxkv8KVClientE::Get LevelDB.Get not found, key 88
E0108 23:00:45.441126 17710 logger_google.cpp:99] STATUS(2): PN8phxpaxos7CleanerE::run sleep a while, max deleted instanceid 0 checkpoint instanceid 37 now instanceid 38
E0108 23:00:45.472137 17709 logger_google.cpp:99] ERR: PN5phxkv8KVClientE::Get LevelDB.Get not found, key 89
E0108 23:00:45.505211 17707 logger_google.cpp:99] STATUS(1): PN8phxpaxos7CleanerE::run sleep a while, max deleted instanceid 0 checkpoint instanceid 39 now instanceid 39
E0108 23:00:45.527729 17703 logger_google.cpp:99] ERR: PN5phxkv8KVClientE::Get LevelDB.Get not found, key 90
E0108 23:00:45.591459 17706 logger_google.cpp:99] ERR: PN5phxkv8KVClientE::Get LevelDB.Get not found, key 91
E0108 23:00:45.591805 17698 logger_google.cpp:99] STATUS(2): PN8phxpaxos9CommitterE::LogStatus wait threads 0 avg thread wait ms 0 reject rate 0
E0108 23:00:45.644223 17711 logger_google.cpp:99] STATUS(0): PN8phxpaxos9CommitterE::LogStatus wait threads 0 avg thread wait ms 0 reject rate 0
E0108 23:00:45.647279 17709 logger_google.cpp:99] ERR: PN5phxkv8KVClientE::Get LevelDB.Get not found, key 92
E0108 23:00:45.754739 17703 logger_google.cpp:99] ERR: PN5phxkv8KVClientE::Get LevelDB.Get not found, key 93
E0108 23:00:45.755159 17698 logger_google.cpp:99] STATUS(1): PN8phxpaxos9CommitterE::LogStatus wait threads 0 avg thread wait ms 0 reject rate 0
E0108 23:00:45.810436 17706 logger_google.cpp:99] ERR: PN5phxkv8KVClientE::Get LevelDB.Get not found, key 94
E0108 23:00:45.865996 17709 logger_google.cpp:99] ERR: PN5phxkv8KVClientE::Get LevelDB.Get not found, key 95
E0108 23:00:45.921630 17703 logger_google.cpp:99] ERR: PN5phxkv8KVClientE::Get LevelDB.Get not found, key 96
E0108 23:00:45.931972 17703 logger_google.cpp:99] [41;37m ERR(0): PN8phxpaxos7LearnerE::OnAskforLearn LearnerSender working for others. [0m
E0108 23:00:45.977116 17706 logger_google.cpp:99] ERR: PN5phxkv8KVClientE::Get LevelDB.Get not found, key 97
E0108 23:00:46.033047 17709 logger_google.cpp:99] ERR: PN5phxkv8KVClientE::Get LevelDB.Get not found, key 98
E0108 23:00:46.088549 17703 logger_google.cpp:99] ERR: PN5phxkv8KVClientE::Get LevelDB.Get not found, key 99
E0108 23:00:46.144126 17706 logger_google.cpp:99] ERR: PN5phxkv8KVClientE::Get LevelDB.Get not found, key 100
E0108 23:00:46.150439 17704 logger_google.cpp:99] STATUS(0): PN8phxpaxos7CleanerE::run sleep a while, max deleted instanceid 0 checkpoint instanceid 41 now instanceid 43
E0108 23:00:46.177426 17707 logger_google.cpp:99] STATUS(1): PN8phxpaxos7CleanerE::run sleep a while, max deleted instanceid 0 checkpoint instanceid 41 now instanceid 43
E0108 23:00:46.199636 17709 logger_google.cpp:99] ERR: PN5phxkv8KVClientE::Get LevelDB.Get not found, key 101
E0108 23:00:46.222299 17710 logger_google.cpp:99] STATUS(2): PN8phxpaxos7CleanerE::run sleep a while, max deleted instanceid 0 checkpoint instanceid 43 now instanceid 43
E0108 23:00:46.255421 17703 logger_google.cpp:99] ERR: PN5phxkv8KVClientE::Get LevelDB.Get not found, key 102
E0108 23:00:46.255772 17703 logger_google.cpp:99] [41;37m ERR(0): PN8phxpaxos7LearnerE::OnAskforLearn LearnerSender working for others. [0m
E0108 23:00:46.311051 17706 logger_google.cpp:99] ERR: PN5phxkv8KVClientE::Get LevelDB.Get not found, key 103
E0108 23:00:46.312058 17706 logger_google.cpp:99] [41;37m ERR(1): PN8phxpaxos7LearnerE::OnAskforLearn LearnerSender working for others. [0m
E0108 23:00:46.367113 17709 logger_google.cpp:99] ERR: PN5phxkv8KVClientE::Get LevelDB.Get not found, key 104
E0108 23:00:46.423032 17703 logger_google.cpp:99] ERR: PN5phxkv8KVClientE::Get LevelDB.Get not found, key 105
E0108 23:00:46.478392 17706 logger_google.cpp:99] ERR: PN5phxkv8KVClientE::Get LevelDB.Get not found, key 106
E0108 23:00:46.533943 17709 logger_google.cpp:99] ERR: PN5phxkv8KVClientE::Get LevelDB.Get not found, key 107
E0108 23:00:46.589501 17703 logger_google.cpp:99] ERR: PN5phxkv8KVClientE::Get LevelDB.Get not found, key 108
E0108 23:00:46.644997 17706 logger_google.cpp:99] ERR: PN5phxkv8KVClientE::Get LevelDB.Get not found, key 109
E0108 23:00:46.645376 17698 logger_google.cpp:99] STATUS(2): PN8phxpaxos9CommitterE::LogStatus wait threads 0 avg thread wait ms 0 reject rate 0
E0108 23:00:46.700562 17709 logger_google.cpp:99] ERR: PN5phxkv8KVClientE::Get LevelDB.Get not found, key 110
E0108 23:00:46.701020 17698 logger_google.cpp:99] STATUS(0): PN8phxpaxos9CommitterE::LogStatus wait threads 0 avg thread wait ms 0 reject rate 0
E0108 23:00:46.756259 17703 logger_google.cpp:99] ERR: PN5phxkv8KVClientE::Get LevelDB.Get not found, key 111
E0108 23:00:46.756603 17698 logger_google.cpp:99] STATUS(1): PN8phxpaxos9CommitterE::LogStatus wait threads 0 avg thread wait ms 0 reject rate 0
E0108 23:00:46.812085 17706 logger_google.cpp:99] ERR: PN5phxkv8KVClientE::Get LevelDB.Get not found, key 112
E0108 23:00:46.827721 17704 logger_google.cpp:99] STATUS(0): PN8phxpaxos7CleanerE::run sleep a while, max deleted instanceid 0 checkpoint instanceid 45 now instanceid 47
E0108 23:00:46.867880 17709 logger_google.cpp:99] ERR: PN5phxkv8KVClientE::Get LevelDB.Get not found, key 113
E0108 23:00:46.923507 17703 logger_google.cpp:99] ERR: PN5phxkv8KVClientE::Get LevelDB.Get not found, key 114
E0108 23:00:46.979130 17706 logger_google.cpp:99] ERR: PN5phxkv8KVClientE::Get LevelDB.Get not found, key 115
E0108 23:00:47.034654 17709 logger_google.cpp:99] ERR: PN5phxkv8KVClientE::Get LevelDB.Get not found, key 116
E0108 23:00:47.035029 17709 logger_google.cpp:99] [41;37m ERR(2): PN8phxpaxos7LearnerE::OnAskforLearn LearnerSender working for others. [0m
E0108 23:00:47.036132 17709 logger_google.cpp:99] [41;37m ERR(2): PN8phxpaxos7LearnerE::OnAskforLearn LearnerSender working for others. [0m
E0108 23:00:47.036294 17709 logger_google.cpp:99] [41;37m ERR(2): PN8phxpaxos7LearnerE::OnAskforLearn LearnerSender working for others. [0m
E0108 23:00:47.061611 17707 logger_google.cpp:99] STATUS(1): PN8phxpaxos7CleanerE::run sleep a while, max deleted instanceid 0 checkpoint instanceid 47 now instanceid 49
E0108 23:00:47.090231 17703 logger_google.cpp:99] ERR: PN5phxkv8KVClientE::Get LevelDB.Get not found, key 117
E0108 23:00:47.146140 17706 logger_google.cpp:99] ERR: PN5phxkv8KVClientE::Get LevelDB.Get not found, key 118
E0108 23:00:47.162477 17710 logger_google.cpp:99] STATUS(2): PN8phxpaxos7CleanerE::run sleep a while, max deleted instanceid 0 checkpoint instanceid 47 now instanceid 49
E0108 23:00:47.201524 17709 logger_google.cpp:99] ERR: PN5phxkv8KVClientE::Get LevelDB.Get not found, key 119
E0108 23:00:47.257086 17703 logger_google.cpp:99] ERR: PN5phxkv8KVClientE::Get LevelDB.Get not found, key 120
E0108 23:00:47.312541 17706 logger_google.cpp:99] ERR: PN5phxkv8KVClientE::Get LevelDB.Get not found, key 121
E0108 23:00:47.368263 17709 logger_google.cpp:99] ERR: PN5phxkv8KVClientE::Get LevelDB.Get not found, key 122
E0108 23:00:47.424036 17703 logger_google.cpp:99] ERR: PN5phxkv8KVClientE::Get LevelDB.Get not found, key 123
E0108 23:00:47.479909 17706 logger_google.cpp:99] ERR: PN5phxkv8KVClientE::Get LevelDB.Get not found, key 124
E0108 23:00:47.535687 17709 logger_google.cpp:99] ERR: PN5phxkv8KVClientE::Get LevelDB.Get not found, key 125
E0108 23:00:47.591209 17703 logger_google.cpp:99] ERR: PN5phxkv8KVClientE::Get LevelDB.Get not found, key 126
E0108 23:00:47.621047 17704 logger_google.cpp:99] STATUS(0): PN8phxpaxos7CleanerE::run sleep a while, max deleted instanceid 0 checkpoint instanceid 52 now instanceid 52
E0108 23:00:47.646755 17706 logger_google.cpp:99] ERR: PN5phxkv8KVClientE::Get LevelDB.Get not found, key 127
E0108 23:00:47.647063 17698 logger_google.cpp:99] STATUS(2): PN8phxpaxos9CommitterE::LogStatus wait threads 0 avg thread wait ms 0 reject rate 0
E0108 23:00:47.702327 17709 logger_google.cpp:99] ERR: PN5phxkv8KVClientE::Get LevelDB.Get not found, key 128
E0108 23:00:47.702687 17698 logger_google.cpp:99] STATUS(0): PN8phxpaxos9CommitterE::LogStatus wait threads 0 avg thread wait ms 0 reject rate 0
E0108 23:00:47.757639 17703 logger_google.cpp:99] ERR: PN5phxkv8KVClientE::Get LevelDB.Get not found, key 129
E0108 23:00:47.758008 17698 logger_google.cpp:99] STATUS(1): PN8phxpaxos9CommitterE::LogStatus wait threads 0 avg thread wait ms 0 reject rate 0
E0108 23:00:47.813419 17706 logger_google.cpp:99] ERR: PN5phxkv8KVClientE::Get LevelDB.Get not found, key 130
E0108 23:00:47.869186 17709 logger_google.cpp:99] ERR: PN5phxkv8KVClientE::Get LevelDB.Get not found, key 131
E0108 23:00:47.915802 17710 logger_google.cpp:99] STATUS(2): PN8phxpaxos7CleanerE::run sleep a while, max deleted instanceid 0 checkpoint instanceid 54 now instanceid 54
E0108 23:00:47.924659 17703 logger_google.cpp:99] ERR: PN5phxkv8KVClientE::Get LevelDB.Get not found, key 132
E0108 23:00:47.957801 17707 logger_google.cpp:99] STATUS(1): PN8phxpaxos7CleanerE::run sleep a while, max deleted instanceid 0 checkpoint instanceid 54 now instanceid 55
E0108 23:00:47.980285 17706 logger_google.cpp:99] ERR: PN5phxkv8KVClientE::Get LevelDB.Get not found, key 133
E0108 23:00:48.035967 17709 logger_google.cpp:99] ERR: PN5phxkv8KVClientE::Get LevelDB.Get not found, key 134
E0108 23:00:48.091545 17703 logger_google.cpp:99] ERR: PN5phxkv8KVClientE::Get LevelDB.Get not found, key 135
E0108 23:00:48.147231 17706 logger_google.cpp:99] ERR: PN5phxkv8KVClientE::Get LevelDB.Get not found, key 136
E0108 23:00:48.202831 17709 logger_google.cpp:99] ERR: PN5phxkv8KVClientE::Get LevelDB.Get not found, key 137
E0108 23:00:48.258631 17703 logger_google.cpp:99] ERR: PN5phxkv8KVClientE::Get LevelDB.Get not found, key 138
E0108 23:00:48.314361 17706 logger_google.cpp:99] ERR: PN5phxkv8KVClientE::Get LevelDB.Get not found, key 139
E0108 23:00:48.395100 17709 logger_google.cpp:99] ERR: PN5phxkv8KVClientE::Get LevelDB.Get not found, key 140
E0108 23:00:48.450491 17703 logger_google.cpp:99] ERR: PN5phxkv8KVClientE::Get LevelDB.Get not found, key 141
E0108 23:00:48.461997 17707 logger_google.cpp:99] STATUS(1): PN8phxpaxos7CleanerE::run sleep a while, max deleted instanceid 0 checkpoint instanceid 56 now instanceid 58
E0108 23:00:48.485301 17704 logger_google.cpp:99] STATUS(0): PN8phxpaxos7CleanerE::run sleep a while, max deleted instanceid 0 checkpoint instanceid 56 now instanceid 58
E0108 23:00:48.506220 17706 logger_google.cpp:99] ERR: PN5phxkv8KVClientE::Get LevelDB.Get not found, key 142
E0108 23:00:48.561677 17709 logger_google.cpp:99] ERR: PN5phxkv8KVClientE::Get LevelDB.Get not found, key 143
E0108 23:00:48.617084 17703 logger_google.cpp:99] ERR: PN5phxkv8KVClientE::Get LevelDB.Get not found, key 144
E0108 23:00:48.672605 17706 logger_google.cpp:99] ERR: PN5phxkv8KVClientE::Get LevelDB.Get not found, key 145
E0108 23:00:48.673069 17698 logger_google.cpp:99] STATUS(2): PN8phxpaxos9CommitterE::LogStatus wait threads 0 avg thread wait ms 0 reject rate 0
E0108 23:00:48.728241 17709 logger_google.cpp:99] ERR: PN5phxkv8KVClientE::Get LevelDB.Get not found, key 146
