W0108 23:00:27.767942 17709 logger_google.cpp:103] [44;37m Imp(2): PN8phxpaxos8InstanceE::ReceiveMsgForLearner My commit ok, usetime 65ms [0m
W0108 23:00:27.767999 17709 logger_google.cpp:103] [44;37m Imp(2): PN8phxpaxos18MasterStateMachineE::LearnMaster Be master success, absexpiretime 1467291379 [0m
W0108 23:00:27.768040 17709 logger_google.cpp:103] [44;37m Imp(2): PN8phxpaxos8InstanceE::ReceiveMsgForLearner [Learned] New paxos starting, Now.Proposer.InstanceID 1 Now.Acceptor.InstanceID 1 Now.Learner.InstanceID 1 [0m
W0108 23:00:27.768062 17709 logger_google.cpp:103] [44;37m Imp(2): PN8phxpaxos8InstanceE::ReceiveMsgForLearner [Learned] Checksum change, last checksum 1193364321 new checksum 4011517902 [0m
W0108 23:00:27.768085 17709 logger_google.cpp:103] [44;37m Imp(2): PN8phxpaxos8InstanceE::ReceiveMsgForLearner [Learned] New paxos instance has started, Now.Proposer.InstanceID 2 Now.Acceptor.InstanceID 2 Now.Learner.InstanceID 2 [0m
W0108 23:00:27.768127 17709 logger_google.cpp:103] [44;37m Imp(2): PN8phxpaxos8ProposerE::OnAcceptReply END [0m
W0108 23:00:27.768517 17706 logger_google.cpp:103] [44;37m Imp(1): PN8phxpaxos8ProposerE::OnAcceptReply START Msg.ProposalID 4 State.ProposalID 4 Msg.from_nodeid 2810246210428873575 RejectByPromiseID 0 [0m
W0108 23:00:27.768573 17706 logger_google.cpp:103] [44;37m Imp(1): PN8phxpaxos8InstanceE::ChecksumLogic my last checksum 4288474734 other last checksum 4288474734 [0m
W0108 23:00:27.768596 17706 logger_google.cpp:103] [44;37m Imp(1): PN8phxpaxos7LearnerE::OnProposerSendSuccess START Msg.InstanceID 1 Now.InstanceID 1 Msg.ProposalID 4 State.AcceptedID 4 State.AcceptedNodeID 288230419101395815, Msg.from_nodeid 288230419101395815 [0m
W0108 23:00:27.768618 17706 logger_google.cpp:103] [44;37m Imp(1): PN8phxpaxos7LearnerE::OnProposerSendSuccess END Learn value OK, value 27 [0m
W0108 23:00:27.768640 17706 logger_google.cpp:103] [44;37m Imp(1): PN8phxpaxos8InstanceE::ReceiveMsgForLearner My commit ok, usetime 65ms [0m
W0108 23:00:27.768697 17706 logger_google.cpp:103] [44;37m Imp(1): PN8phxpaxos18MasterStateMachineE::LearnMaster Be master success, absexpiretime 1467291380 [0m
W0108 23:00:27.768738 17706 logger_google.cpp:103] [44;37m Imp(1): PN8phxpaxos8InstanceE::ReceiveMsgForLearner [Learned] New paxos starting, Now.Proposer.InstanceID 1 Now.Acceptor.InstanceID 1 Now.Learner.InstanceID 1 [0m
W0108 23:00:27.768760 17706 logger_google.cpp:103] [44;37m Imp(1): PN8phxpaxos8InstanceE::ReceiveMsgForLearner [Learned] Checksum change, last checksum 4288474734 new checksum 1288379258 [0m
W0108 23:00:27.768782 17706 logger_google.cpp:103] [44;37m Imp(1): PN8phxpaxos8InstanceE::ReceiveMsgForLearner [Learned] New paxos instance has started, Now.Proposer.InstanceID 2 Now.Acceptor.InstanceID 2 Now.Learner.InstanceID 2 [0m
W0108 23:00:27.768831 17706 logger_google.cpp:103] [44;37m Imp(1): PN8phxpaxos8ProposerE::OnAcceptReply END [0m
W0108 23:00:27.777556 17703 logger_google.cpp:103] [44;37m Imp(0): PN8phxpaxos8ProposerE::OnAcceptReply START Msg.ProposalID 4 State.ProposalID 4 Msg.from_nodeid 1297036735632386919 RejectByPromiseID 0 [0m
W0108 23:00:27.777599 17703 logger_google.cpp:103] [44;37m Imp(0): PN8phxpaxos8ProposerE::OnAcceptReply END [0m
W0108 23:00:27.787436 17703 logger_google.cpp:103] [44;37m Imp(0): PN8phxpaxos8ProposerE::OnAcceptReply START Msg.ProposalID 4 State.ProposalID 4 Msg.from_nodeid 2810246210428873575 RejectByPromiseID 0 [0m
W0108 23:00:27.787577 17703 logger_google.cpp:103] [44;37m Imp(0): PN8phxpaxos8InstanceE::ChecksumLogic my last checksum 3645234882 other last checksum 3645234882 [0m
W0108 23:00:27.787606 17703 logger_google.cpp:103] [44;37m Imp(0): PN8phxpaxos7LearnerE::OnProposerSendSuccess START Msg.InstanceID 1 Now.InstanceID 1 Msg.ProposalID 4 State.AcceptedID 4 State.AcceptedNodeID 288230419101395815, Msg.from_nodeid 288230419101395815 [0m
W0108 23:00:27.787628 17703 logger_google.cpp:103] [44;37m Imp(0): PN8phxpaxos7LearnerE::OnProposerSendSuccess END Learn value OK, value 27 [0m
W0108 23:00:27.787649 17703 logger_google.cpp:103] [44;37m Imp(0): PN8phxpaxos8InstanceE::ReceiveMsgForLearner My commit ok, usetime 65ms [0m
W0108 23:00:27.787706 17703 logger_google.cpp:103] [44;37m Imp(0): PN8phxpaxos18MasterStateMachineE::LearnMaster Be master success, absexpiretime 1467291399 [0m
W0108 23:00:27.787746 17703 logger_google.cpp:103] [44;37m Imp(0): PN8phxpaxos8InstanceE::ReceiveMsgForLearner [Learned] New paxos starting, Now.Proposer.InstanceID 1 Now.Acceptor.InstanceID 1 Now.Learner.InstanceID 1 [0m
W0108 23:00:27.787768 17703 logger_google.cpp:103] [44;37m Imp(0): PN8phxpaxos8InstanceE::ReceiveMsgForLearner [Learned] Checksum change, last checksum 3645234882 new checksum 826060339 [0m
W0108 23:00:27.787791 17703 logger_google.cpp:103] [44;37m Imp(0): PN8phxpaxos8InstanceE::ReceiveMsgForLearner [Learned] New paxos instance has started, Now.Proposer.InstanceID 2 Now.Acceptor.InstanceID 2 Now.Learner.InstanceID 2 [0m
W0108 23:00:27.787854 17703 logger_google.cpp:103] [44;37m Imp(0): PN8phxpaxos8ProposerE::OnAcceptReply END [0m
E0108 23:00:27.835357 17707 logger_google.cpp:99] STATUS(1): PN8phxpaxos7CleanerE::run sleep a while, max deleted instanceid 0 checkpoint instanceid (no checkpoint) now instanceid 2
E0108 23:00:27.967658 17710 logger_google.cpp:99] STATUS(2): PN8phxpaxos7CleanerE::run sleep a while, max deleted instanceid 0 checkpoint instanceid (no checkpoint) now instanceid 2
E0108 23:00:28.462311 17704 logger_google.cpp:99] STATUS(0): PN8phxpaxos7CleanerE::run sleep a while, max deleted instanceid 0 checkpoint instanceid (no checkpoint) now instanceid 2
E0108 23:00:28.531859 17710 logger_google.cpp:99] STATUS(2): PN8phxpaxos7CleanerE::run sleep a while, max deleted instanceid 0 checkpoint instanceid (no checkpoint) now instanceid 2
W0108 23:00:28.768262 17709 logger_google.cpp:103] [44;37m Imp(2): PN8phxpaxos7LearnerE::AskforLearn START [0m
W0108 23:00:28.768460 17709 logger_google.cpp:103] [44;37m Imp(2): PN8phxpaxos7LearnerE::AskforLearn END InstanceID 2 MyNodeID 288230419101395815 [0m
W0108 23:00:28.768981 17706 logger_google.cpp:103] [44;37m Imp(1): PN8phxpaxos7LearnerE::AskforLearn START [0m
W0108 23:00:28.769140 17706 logger_google.cpp:103] [44;37m Imp(1): PN8phxpaxos7LearnerE::AskforLearn END InstanceID 2 MyNodeID 288230419101395815 [0m
W0108 23:00:28.788012 17703 logger_google.cpp:103] [44;37m Imp(0): PN8phxpaxos7LearnerE::AskforLearn START [0m
W0108 23:00:28.788203 17703 logger_google.cpp:103] [44;37m Imp(0): PN8phxpaxos7LearnerE::AskforLearn END InstanceID 2 MyNodeID 288230419101395815 [0m
E0108 23:00:28.792887 17717 logger_google.cpp:99] [41;37m ERR: PN8phxpaxos9EventLoopE::OnError event error, events 28 socketfd 57 socket ip 10.0.0.47 errno 0 [0m
W0108 23:00:28.793026 17709 logger_google.cpp:103] [44;37m Imp(2): PN8phxpaxos7LearnerE::OnAskforLearn START Msg.InstanceID 2 Now.InstanceID 2 Msg.from_nodeid 2954361398504729447 MinChosenInstanceID 0 [0m
W0108 23:00:28.793654 17709 logger_google.cpp:103] [44;37m Imp(2): PN8phxpaxos7LearnerE::OnAskforLearn START Msg.InstanceID 2 Now.InstanceID 2 Msg.from_nodeid 2810246210428873575 MinChosenInstanceID 0 [0m
E0108 23:00:28.805611 17707 logger_google.cpp:99] STATUS(1): PN8phxpaxos7CleanerE::run sleep a while, max deleted instanceid 0 checkpoint instanceid (no checkpoint) now instanceid 2
W0108 23:00:28.812680 17703 logger_google.cpp:103] [44;37m Imp(0): PN8phxpaxos7LearnerE::OnAskforLearn START Msg.InstanceID 2 Now.InstanceID 2 Msg.from_nodeid 2954361398504729447 MinChosenInstanceID 0 [0m
W0108 23:00:28.813153 17703 logger_google.cpp:103] [44;37m Imp(0): PN8phxpaxos7LearnerE::OnAskforLearn START Msg.InstanceID 2 Now.InstanceID 2 Msg.from_nodeid 2810246210428873575 MinChosenInstanceID 0 [0m
W0108 23:00:28.813210 17703 logger_google.cpp:103] [44;37m Imp(0): PN8phxpaxos7LearnerE::OnAskforLearn START Msg.InstanceID 2 Now.InstanceID 2 Msg.from_nodeid 1297036735632386919 MinChosenInstanceID 0 [0m
E0108 23:00:28.822825 17717 logger_google.cpp:99] [41;37m ERR: PN8phxpaxos9EventLoopE::OnError event error, events 28 socketfd 53 socket ip 10.0.0.14 errno 0 [0m
E0108 23:00:28.822890 17717 logger_google.cpp:99] [41;37m ERR: PN8phxpaxos9EventLoopE::OnError event error, events 28 socketfd 52 socket ip 10.0.0.13 errno 0 [0m
W0108 23:00:28.824013 17706 logger_google.cpp:103] [44;37m Imp(1): PN8phxpaxos7LearnerE::OnAskforLearn START Msg.InstanceID 2 Now.InstanceID 2 Msg.from_nodeid 1297036735632386919 MinChosenInstanceID 0 [0m
W0108 23:00:28.824445 17706 logger_google.cpp:103] [44;37m Imp(1): PN8phxpaxos7LearnerE::OnAskforLearn START Msg.InstanceID 2 Now.InstanceID 2 Msg.from_nodeid 2810246210428873575 MinChosenInstanceID 0 [0m
E0108 23:00:28.986963 17711 logger_google.cpp:99] STATUS(0): PN8phxpaxos9CommitterE::LogStatus wait threads 0 avg thread wait ms 0 reject rate 0
W0108 23:00:28.987196 17711 logger_google.cpp:103] [44;37m Imp(0): PN8phxpaxos9CommitCtxE::NewCommit OK, valuesize 27 [0m
W0108 23:00:28.987315 17703 logger_google.cpp:103] [44;37m Imp(0): PN8phxpaxos8ProposerE::NewValue skip prepare, directly start accept [0m
W0108 23:00:28.987357 17703 logger_google.cpp:103] [44;37m Imp(0): PN8phxpaxos8ProposerE::Accept START ProposalID 4 ValueSize 27 ValueLen 27 [0m
W0108 23:00:28.987385 17703 logger_google.cpp:103] [44;37m Imp(0): PN8phxpaxos8ProposerE::AddAcceptTimer timeoutms 2000 [0m
W0108 23:00:28.987406 17703 logger_google.cpp:103] [44;37m Imp(0): PN8phxpaxos8ProposerE::Accept END [0m
W0108 23:00:28.987462 17703 logger_google.cpp:103] [44;37m Imp(0): PN8phxpaxos8InstanceE::ChecksumLogic my last checksum 826060339 other last checksum 826060339 [0m
W0108 23:00:28.987484 17703 logger_google.cpp:103] [44;37m Imp(0): PN8phxpaxos8AcceptorE::OnAccept START Msg.InstanceID 2 Msg.from_nodeid 288230419101395815 Msg.ProposalID 4 Msg.ValueLen 27 [0m
W0108 23:00:28.987556 17703 logger_google.cpp:103] [44;37m Imp(0): PN8phxpaxos8AcceptorE::OnAccept END Now.InstanceID 2 ReplyNodeID 288230419101395815 [0m
W0108 23:00:28.987589 17703 logger_google.cpp:103] [44;37m Imp(0): PN8phxpaxos8ProposerE::OnAcceptReply START Msg.ProposalID 4 State.ProposalID 4 Msg.from_nodeid 288230419101395815 RejectByPromiseID 0 [0m
W0108 23:00:28.987617 17703 logger_google.cpp:103] [44;37m Imp(0): PN8phxpaxos8ProposerE::OnAcceptReply END [0m
W0108 23:00:28.992251 17703 logger_google.cpp:103] [44;37m Imp(0): PN8phxpaxos8ProposerE::OnAcceptReply START Msg.ProposalID 4 State.ProposalID 4 Msg.from_nodeid 792633577366891367 RejectByPromiseID 0 [0m
W0108 23:00:28.992292 17703 logger_google.cpp:103] [44;37m Imp(0): PN8phxpaxos8ProposerE::OnAcceptReply END [0m
E0108 23:00:28.992432 17717 logger_google.cpp:99] [41;37m ERR: PN8phxpaxos12MessageEventE::ReConnect start, ip 10.0.0.47 [0m
W0108 23:00:29.011665 17703 logger_google.cpp:103] [44;37m Imp(0): PN8phxpaxos8ProposerE::OnAcceptReply START Msg.ProposalID 4 State.ProposalID 4 Msg.from_nodeid 2954361398504729447 RejectByPromiseID 0 [0m
W0108 23:00:29.011875 17703 logger_google.cpp:103] [44;37m Imp(0): PN8phxpaxos8ProposerE::OnAcceptReply END [0m
E0108 23:00:29.016021 17717 logger_google.cpp:99] [41;37m ERR: PN8phxpaxos9EventLoopE::OnError event error, events 28 socketfd 57 socket ip 10.0.0.47 errno 115 [0m
E0108 23:00:29.022696 17717 logger_google.cpp:99] [41;37m ERR: PN8phxpaxos12MessageEventE::ReConnect start, ip 10.0.0.14 [0m
E0108 23:00:29.022779 17717 logger_google.cpp:99] [41;37m ERR: PN8phxpaxos12MessageEventE::ReConnect start, ip 10.0.0.13 [0m
W0108 23:00:29.042182 17703 logger_google.cpp:103] [44;37m Imp(0): PN8phxpaxos8ProposerE::OnAcceptReply START Msg.ProposalID 4 State.ProposalID 4 Msg.from_nodeid 1297036735632386919 RejectByPromiseID 0 [0m
W0108 23:00:29.042229 17703 logger_google.cpp:103] [44;37m Imp(0): PN8phxpaxos8ProposerE::OnAcceptReply END [0m
W0108 23:00:29.052482 17703 logger_google.cpp:103] [44;37m Imp(0): PN8phxpaxos8ProposerE::OnAcceptReply START Msg.ProposalID 4 State.ProposalID 4 Msg.from_nodeid 2810246210428873575 RejectByPromiseID 0 [0m
W0108 23:00:29.052544 17703 logger_google.cpp:103] [44;37m Imp(0): PN8phxpaxos8InstanceE::ChecksumLogic my last checksum 826060339 other last checksum 826060339 [0m
W0108 23:00:29.052567 17703 logger_google.cpp:103] [44;37m Imp(0): PN8phxpaxos7LearnerE::OnProposerSendSuccess START Msg.InstanceID 2 Now.InstanceID 2 Msg.ProposalID 4 State.AcceptedID 4 State.AcceptedNodeID 288230419101395815, Msg.from_nodeid 288230419101395815 [0m
W0108 23:00:29.052587 17703 logger_google.cpp:103] [44;37m Imp(0): PN8phxpaxos7LearnerE::OnProposerSendSuccess END Learn value OK, value 27 [0m
W0108 23:00:29.052608 17703 logger_google.cpp:103] [44;37m Imp(0): PN8phxpaxos8InstanceE::ReceiveMsgForLearner My commit ok, usetime 65ms [0m
W0108 23:00:29.052681 17703 logger_google.cpp:103] [44;37m Imp(0): PN8phxpaxos18MasterStateMachineE::LearnMaster Be master success, absexpiretime 1467292663 [0m
W0108 23:00:29.052721 17703 logger_google.cpp:103] [44;37m Imp(0): PN8phxpaxos8InstanceE::ReceiveMsgForLearner [Learned] New paxos starting, Now.Proposer.InstanceID 2 Now.Acceptor.InstanceID 2 Now.Learner.InstanceID 2 [0m
W0108 23:00:29.052742 17703 logger_google.cpp:103] [44;37m Imp(0): PN8phxpaxos8InstanceE::ReceiveMsgForLearner [Learned] Checksum change, last checksum 826060339 new checksum 714075105 [0m
W0108 23:00:29.052764 17703 logger_google.cpp:103] [44;37m Imp(0): PN8phxpaxos8InstanceE::ReceiveMsgForLearner [Learned] New paxos instance has started, Now.Proposer.InstanceID 3 Now.Acceptor.InstanceID 3 Now.Learner.InstanceID 3 [0m
W0108 23:00:29.052811 17703 logger_google.cpp:103] [44;37m Imp(0): PN8phxpaxos8ProposerE::OnAcceptReply END [0m
E0108 23:00:29.076822 17717 logger_google.cpp:99] [41;37m ERR: PN8phxpaxos9EventLoopE::OnError event error, events 28 socketfd 53 socket ip 10.0.0.14 errno 115 [0m
E0108 23:00:29.076881 17717 logger_google.cpp:99] [41;37m ERR: PN8phxpaxos9EventLoopE::OnError event error, events 28 socketfd 52 socket ip 10.0.0.13 errno 115 [0m
E0108 23:00:29.215991 17717 logger_google.cpp:99] [41;37m ERR: PN8phxpaxos12MessageEventE::ReConnect start, ip 10.0.0.47 [0m
E0108 23:00:29.239464 17717 logger_google.cpp:99] [41;37m ERR: PN8phxpaxos9EventLoopE::OnError event error, events 28 socketfd 57 socket ip 10.0.0.47 errno 115 [0m
E0108 23:00:29.260995 17712 logger_google.cpp:99] STATUS(1): PN8phxpaxos9CommitterE::LogStatus wait threads 0 avg thread wait ms 0 reject rate 0
W0108 23:00:29.261063 17712 logger_google.cpp:103] [44;37m Imp(1): PN8phxpaxos9CommitCtxE::NewCommit OK, valuesize 26 [0m
W0108 23:00:29.261123 17706 logger_google.cpp:103] [44;37m Imp(1): PN8phxpaxos8ProposerE::NewValue skip prepare, directly start accept [0m
W0108 23:00:29.261165 17706 logger_google.cpp:103] [44;37m Imp(1): PN8phxpaxos8ProposerE::Accept START ProposalID 4 ValueSize 26 ValueLen 26 [0m
W0108 23:00:29.261195 17706 logger_google.cpp:103] [44;37m Imp(1): PN8phxpaxos8ProposerE::AddAcceptTimer timeoutms 2000 [0m
W0108 23:00:29.261215 17706 logger_google.cpp:103] [44;37m Imp(1): PN8phxpaxos8ProposerE::Accept END [0m
W0108 23:00:29.261268 17706 logger_google.cpp:103] [44;37m Imp(1): PN8phxpaxos8InstanceE::ChecksumLogic my last checksum 1288379258 other last checksum 1288379258 [0m
W0108 23:00:29.261291 17706 logger_google.cpp:103] [44;37m Imp(1): PN8phxpaxos8AcceptorE::OnAccept START Msg.InstanceID 2 Msg.from_nodeid 288230419101395815 Msg.ProposalID 4 Msg.ValueLen 26 [0m
W0108 23:00:29.261399 17706 logger_google.cpp:103] [44;37m Imp(1): PN8phxpaxos8AcceptorE::OnAccept END Now.InstanceID 2 ReplyNodeID 288230419101395815 [0m
W0108 23:00:29.261504 17706 logger_google.cpp:103] [44;37m Imp(1): PN8phxpaxos8ProposerE::OnAcceptReply START Msg.ProposalID 4 State.ProposalID 4 Msg.from_nodeid 288230419101395815 RejectByPromiseID 0 [0m
W0108 23:00:29.261538 17706 logger_google.cpp:103] [44;37m Imp(1): PN8phxpaxos8ProposerE::OnAcceptReply END [0m
W0108 23:00:29.266165 17706 logger_google.cpp:103] [44;37m Imp(1): PN8phxpaxos8ProposerE::OnAcceptReply START Msg.ProposalID 4 State.ProposalID 4 Msg.from_nodeid 792633577366891367 RejectByPromiseID 0 [0m
W0108 23:00:29.266211 17706 logger_google.cpp:103] [44;37m Imp(1): PN8phxpaxos8ProposerE::OnAcceptReply END [0m
E0108 23:00:29.276945 17717 logger_google.cpp:99] [41;37m ERR: PN8phxpaxos12MessageEventE::ReConnect start, ip 10.0.0.14 [0m
E0108 23:00:29.277212 17717 logger_google.cpp:99] [41;37m ERR: PN8phxpaxos12MessageEventE::ReConnect start, ip 10.0.0.13 [0m
W0108 23:00:29.285542 17706 logger_google.cpp:103] [44;37m Imp(1): PN8phxpaxos8ProposerE::OnAcceptReply START Msg.ProposalID 4 State.ProposalID 4 Msg.from_nodeid 2954361398504729447 RejectByPromiseID 0 [0m
W0108 23:00:29.285586 17706 logger_google.cpp:103] [44;37m Imp(1): PN8phxpaxos8ProposerE::OnAcceptReply END [0m
W0108 23:00:29.316016 17706 logger_google.cpp:103] [44;37m Imp(1): PN8phxpaxos8ProposerE::OnAcceptReply START Msg.ProposalID 4 State.ProposalID 4 Msg.from_nodeid 1297036735632386919 RejectByPromiseID 0 [0m
W0108 23:00:29.316061 17706 logger_google.cpp:103] [44;37m Imp(1): PN8phxpaxos8ProposerE::OnAcceptReply END [0m
W0108 23:00:29.326540 17706 logger_google.cpp:103] [44;37m Imp(1): PN8phxpaxos8ProposerE::OnAcceptReply START Msg.ProposalID 4 State.ProposalID 4 Msg.from_nodeid 2810246210428873575 RejectByPromiseID 0 [0m
W0108 23:00:29.326736 17706 logger_google.cpp:103] [44;37m Imp(1): PN8phxpaxos8InstanceE::ChecksumLogic my last checksum 1288379258 other last checksum 1288379258 [0m
W0108 23:00:29.326769 17706 logger_google.cpp:103] [44;37m Imp(1): PN8phxpaxos7LearnerE::OnProposerSendSuccess START Msg.InstanceID 2 Now.InstanceID 2 Msg.ProposalID 4 State.AcceptedID 4 State.AcceptedNodeID 288230419101395815, Msg.from_nodeid 288230419101395815 [0m
W0108 23:00:29.326790 17706 logger_google.cpp:103] [44;37m Imp(1): PN8phxpaxos7LearnerE::OnProposerSendSuccess END Learn value OK, value 26 [0m
W0108 23:00:29.326812 17706 logger_google.cpp:103] [44;37m Imp(1): PN8phxpaxos8InstanceE::ReceiveMsgForLearner My commit ok, usetime 66ms [0m
W0108 23:00:29.326867 17706 logger_google.cpp:103] [44;37m Imp(1): PN8phxpaxos18MasterStateMachineE::LearnMaster Be master success, absexpiretime 1467292937 [0m
W0108 23:00:29.326908 17706 logger_google.cpp:103] [44;37m Imp(1): PN8phxpaxos8InstanceE::ReceiveMsgForLearner [Learned] New paxos starting, Now.Proposer.InstanceID 2 Now.Acceptor.InstanceID 2 Now.Learner.InstanceID 2 [0m
W0108 23:00:29.326930 17706 logger_google.cpp:103] [44;37m Imp(1): PN8phxpaxos8InstanceE::ReceiveMsgForLearner [Learned] Checksum change, last checksum 1288379258 new checksum 424269455 [0m
W0108 23:00:29.326952 17706 logger_google.cpp:103] [44;37m Imp(1): PN8phxpaxos8InstanceE::ReceiveMsgForLearner [Learned] New paxos instance has started, Now.Proposer.InstanceID 3 Now.Acceptor.InstanceID 3 Now.Learner.InstanceID 3 [0m
W0108 23:00:29.326990 17706 logger_google.cpp:103] [44;37m Imp(1): PN8phxpaxos8ProposerE::OnAcceptReply END [0m
E0108 23:00:29.331009 17717 logger_google.cpp:99] [41;37m ERR: PN8phxpaxos9EventLoopE::OnError event error, events 28 socketfd 53 socket ip 10.0.0.14 errno 115 [0m
E0108 23:00:29.331324 17717 logger_google.cpp:99] [41;37m ERR: PN8phxpaxos9EventLoopE::OnError event error, events 28 socketfd 52 socket ip 10.0.0.13 errno 115 [0m
E0108 23:00:29.344496 17704 logger_google.cpp:99] STATUS(0): PN8phxpaxos7CleanerE::run sleep a while, max deleted instanceid 0 checkpoint instanceid (no checkpoint) now instanceid 3
E0108 23:00:29.439564 17717 logger_google.cpp:99] [41;37m ERR: PN8phxpaxos12MessageEventE::ReConnect start, ip 10.0.0.47 [0m
W0108 23:00:29.443604 17709 logger_google.cpp:103] [44;37m Imp(2): PN8phxpaxos7LearnerE::OnAskforLearn START Msg.InstanceID 2 Now.InstanceID 2 Msg.from_nodeid 1297036735632386919 MinChosenInstanceID 0 [0m
E0108 23:00:29.463158 17717 logger_google.cpp:99] [41;37m ERR: PN8phxpaxos9EventLoopE::OnError event error, events 28 socketfd 57 socket ip 10.0.0.47 errno 115 [0m
E0108 23:00:29.463192 17710 logger_google.cpp:99] STATUS(2): PN8phxpaxos7CleanerE::run sleep a while, max deleted instanceid 0 checkpoint instanceid (no checkpoint) now instanceid 2
E0108 23:00:29.530405 17717 logger_google.cpp:99] [41;37m ERR: PN8phxpaxos12MessageEventE::ReConnect start, ip 10.0.0.14 [0m
E0108 23:00:29.531716 17717 logger_google.cpp:99] [41;37m ERR: PN8phxpaxos12MessageEventE::ReConnect start, ip 10.0.0.13 [0m
E0108 23:00:29.584456 17717 logger_google.cpp:99] [41;37m ERR: PN8phxpaxos9EventLoopE::OnError event error, events 28 socketfd 53 socket ip 10.0.0.14 errno 115 [0m
E0108 23:00:29.646842 17707 logger_google.cpp:99] STATUS(1): PN8phxpaxos7CleanerE::run sleep a while, max deleted instanceid 0 checkpoint instanceid (no checkpoint) now instanceid 3
E0108 23:00:29.664131 17717 logger_google.cpp:99] [41;37m ERR: PN8phxpaxos12MessageEventE::ReConnect start, ip 10.0.0.47 [0m
E0108 23:00:29.687685 17717 logger_google.cpp:99] [41;37m ERR: PN8phxpaxos9EventLoopE::OnError event error, events 28 socketfd 57 socket ip 10.0.0.47 errno 115 [0m
E0108 23:00:29.720343 17713 logger_google.cpp:99] STATUS(2): PN8phxpaxos9CommitterE::LogStatus wait threads 0 avg thread wait ms 0 reject rate 0
W0108 23:00:29.720608 17713 logger_google.cpp:103] [44;37m Imp(2): PN8phxpaxos9CommitCtxE::NewCommit OK, valuesize 27 [0m
W0108 23:00:29.720715 17709 logger_google.cpp:103] [44;37m Imp(2): PN8phxpaxos8ProposerE::NewValue skip prepare, directly start accept [0m
W0108 23:00:29.720757 17709 logger_google.cpp:103] [44;37m Imp(2): PN8phxpaxos8ProposerE::Accept START ProposalID 4 ValueSize 27 ValueLen 27 [0m
W0108 23:00:29.720786 17709 logger_google.cpp:103] [44;37m Imp(2): PN8phxpaxos8ProposerE::AddAcceptTimer timeoutms 2000 [0m
W0108 23:00:29.720824 17709 logger_google.cpp:103] [44;37m Imp(2): PN8phxpaxos8ProposerE::Accept END [0m
W0108 23:00:29.720892 17709 logger_google.cpp:103] [44;37m Imp(2): PN8phxpaxos8InstanceE::ChecksumLogic my last checksum 4011517902 other last checksum 4011517902 [0m
W0108 23:00:29.720917 17709 logger_google.cpp:103] [44;37m Imp(2): PN8phxpaxos8AcceptorE::OnAccept START Msg.InstanceID 2 Msg.from_nodeid 288230419101395815 Msg.ProposalID 4 Msg.ValueLen 27 [0m
W0108 23:00:29.721009 17709 logger_google.cpp:103] [44;37m Imp(2): PN8phxpaxos8AcceptorE::OnAccept END Now.InstanceID 2 ReplyNodeID 288230419101395815 [0m
W0108 23:00:29.721042 17709 logger_google.cpp:103] [44;37m Imp(2): PN8phxpaxos8ProposerE::OnAcceptReply START Msg.ProposalID 4 State.ProposalID 4 Msg.from_nodeid 288230419101395815 RejectByPromiseID 0 [0m
W0108 23:00:29.721071 17709 logger_google.cpp:103] [44;37m Imp(2): PN8phxpaxos8ProposerE::OnAcceptReply END [0m
W0108 23:00:29.725900 17709 logger_google.cpp:103] [44;37m Imp(2): PN8phxpaxos8ProposerE::OnAcceptReply START Msg.ProposalID 4 State.ProposalID 4 Msg.from_nodeid 792633577366891367 RejectByPromiseID 0 [0m
W0108 23:00:29.725941 17709 logger_google.cpp:103] [44;37m Imp(2): PN8phxpaxos8ProposerE::OnAcceptReply END [0m
W0108 23:00:29.745141 17709 logger_google.cpp:103] [44;37m Imp(2): PN8phxpaxos8ProposerE::OnAcceptReply START Msg.ProposalID 4 State.ProposalID 4 Msg.from_nodeid 2954361398504729447 RejectByPromiseID 0 [0m
W0108 23:00:29.745182 17709 logger_google.cpp:103] [44;37m Imp(2): PN8phxpaxos8ProposerE::OnAcceptReply END [0m
W0108 23:00:29.775848 17709 logger_google.cpp:103] [44;37m Imp(2): PN8phxpaxos8ProposerE::OnAcceptReply START Msg.ProposalID 4 State.ProposalID 4 Msg.from_nodeid 1297036735632386919 RejectByPromiseID 0 [0m
W0108 23:00:29.775884 17709 logger_google.cpp:103] [44;37m Imp(2): PN8phxpaxos8ProposerE::OnAcceptReply END [0m
E0108 23:00:29.784818 17717 logger_google.cpp:99] [41;37m ERR: PN8phxpaxos12MessageEventE::ReConnect start, ip 10.0.0.14 [0m
W0108 23:00:29.785939 17709 logger_google.cpp:103] [44;37m Imp(2): PN8phxpaxos8ProposerE::OnAcceptReply START Msg.ProposalID 4 State.ProposalID 4 Msg.from_nodeid 2810246210428873575 RejectByPromiseID 0 [0m
W0108 23:00:29.786005 17709 logger_google.cpp:103] [44;37m Imp(2): PN8phxpaxos8InstanceE::ChecksumLogic my last checksum 4011517902 other last checksum 4011517902 [0m
W0108 23:00:29.786027 17709 logger_google.cpp:103] [44;37m Imp(2): PN8phxpaxos7LearnerE::OnProposerSendSuccess START Msg.InstanceID 2 Now.InstanceID 2 Msg.ProposalID 4 State.AcceptedID 4 State.AcceptedNodeID 288230419101395815, Msg.from_nodeid 288230419101395815 [0m
W0108 23:00:29.786047 17709 logger_google.cpp:103] [44;37m Imp(2): PN8phxpaxos7LearnerE::OnProposerSendSuccess END Learn value OK, value 27 [0m
W0108 23:00:29.786069 17709 logger_google.cpp:103] [44;37m Imp(2): PN8phxpaxos8InstanceE::ReceiveMsgForLearner My commit ok, usetime 65ms [0m
W0108 23:00:29.786129 17709 logger_google.cpp:103] [44;37m Imp(2): PN8phxpaxos18MasterStateMachineE::LearnMaster Be master success, absexpiretime 1467293397 [0m
W0108 23:00:29.786170 17709 logger_google.cpp:103] [44;37m Imp(2): PN8phxpaxos8InstanceE::ReceiveMsgForLearner [Learned] New paxos starting, Now.Proposer.InstanceID 2 Now.Acceptor.InstanceID 2 Now.Learner.InstanceID 2 [0m
W0108 23:00:29.786190 17709 logger_google.cpp:103] [44;37m Imp(2): PN8phxpaxos8InstanceE::ReceiveMsgForLearner [Learned] Checksum change, last checksum 4011517902 new checksum 3547897375 [0m
W0108 23:00:29.786212 17709 logger_google.cpp:103] [44;37m Imp(2): PN8phxpaxos8InstanceE::ReceiveMsgForLearner [Learned] New paxos instance has started, Now.Proposer.InstanceID 3 Now.Acceptor.InstanceID 3 Now.Learner.InstanceID 3 [0m
W0108 23:00:29.786254 17709 logger_google.cpp:103] [44;37m Imp(2): PN8phxpaxos8ProposerE::OnAcceptReply END [0m
E0108 23:00:29.838903 17717 logger_google.cpp:99] [41;37m ERR: PN8phxpaxos9EventLoopE::OnError event error, events 28 socketfd 53 socket ip 10.0.0.14 errno 115 [0m
E0108 23:00:29.887513 17717 logger_google.cpp:99] [41;37m ERR: PN8phxpaxos12MessageEventE::ReConnect start, ip 10.0.0.47 [0m
E0108 23:00:29.911080 17717 logger_google.cpp:99] [41;37m ERR: PN8phxpaxos9EventLoopE::OnError event error, events 28 socketfd 57 socket ip 10.0.0.47 errno 115 [0m
E0108 23:00:30.038383 17717 logger_google.cpp:99] [41;37m ERR: PN8phxpaxos12MessageEventE::ReConnect start, ip 10.0.0.14 [0m
E0108 23:00:30.092478 17717 logger_google.cpp:99] [41;37m ERR: PN8phxpaxos9EventLoopE::OnError event error, events 28 socketfd 53 socket ip 10.0.0.14 errno 115 [0m
E0108 23:00:30.111840 17717 logger_google.cpp:99] [41;37m ERR: PN8phxpaxos12MessageEventE::ReConnect start, ip 10.0.0.47 [0m
E0108 23:00:30.135334 17717 logger_google.cpp:99] [41;37m ERR: PN8phxpaxos9EventLoopE::OnError event error, events 28 socketfd 57 socket ip 10.0.0.47 errno 115 [0m
E0108 23:00:30.175683 17704 logger_google.cpp:99] STATUS(0): PN8phxpaxos7CleanerE::run sleep a while, max deleted instanceid 0 checkpoint instanceid (no checkpoint) now instanceid 3
E0108 23:00:30.186599 17710 logger_google.cpp:99] STATUS(2): PN8phxpaxos7CleanerE::run sleep a while, max deleted instanceid 0 checkpoint instanceid (no checkpoint) now instanceid 3
E0108 23:00:30.292404 17717 logger_google.cpp:99] [41;37m ERR: PN8phxpaxos12MessageEventE::ReConnect start, ip 10.0.0.14 [0m
E0108 23:00:30.335387 17717 logger_google.cpp:99] [41;37m ERR: PN8phxpaxos12MessageEventE::ReConnect start, ip 10.0.0.47 [0m
E0108 23:00:30.346545 17717 logger_google.cpp:99] [41;37m ERR: PN8phxpaxos9EventLoopE::OnError event error, events 28 socketfd 53 socket ip 10.0.0.14 errno 115 [0m
E0108 23:00:30.353014 17707 logger_google.cpp:99] STATUS(1): PN8phxpaxos7CleanerE::run sleep a while, max deleted instanceid 0 checkpoint instanceid (no checkpoint) now instanceid 3
E0108 23:00:30.358935 17717 logger_google.cpp:99] [41;37m ERR: PN8phxpaxos9EventLoopE::OnError event error, events 28 socketfd 57 socket ip 10.0.0.47 errno 115 [0m
W0108 23:00:30.443518 17706 logger_google.cpp:103] [44;37m Imp(1): PN8phxpaxos7LearnerE::OnAskforLearn START Msg.InstanceID 3 Now.InstanceID 3 Msg.from_nodeid 792633577366891367 MinChosenInstanceID 0 [0m
W0108 23:00:30.443722 17706 logger_google.cpp:103] [44;37m Imp(1): PN8phxpaxos7LearnerE::OnAskforLearn START Msg.InstanceID 3 Now.InstanceID 3 Msg.from_nodeid 2954361398504729447 MinChosenInstanceID 0 [0m
E0108 23:00:30.546239 17717 logger_google.cpp:99] [41;37m ERR: PN8phxpaxos12MessageEventE::ReConnect start, ip 10.0.0.14 [0m
E0108 23:00:30.558634 17717 logger_google.cpp:99] [41;37m ERR: PN8phxpaxos12MessageEventE::ReConnect start, ip 10.0.0.47 [0m
W0108 23:00:30.570163 17709 logger_google.cpp:103] [44;37m Imp(2): PN8phxpaxos7LearnerE::OnAskforLearn START Msg.InstanceID 3 Now.InstanceID 3 Msg.from_nodeid 792633577366891367 MinChosenInstanceID 0 [0m
E0108 23:00:30.582185 17717 logger_google.cpp:99] [41;37m ERR: PN8phxpaxos9EventLoopE::OnError event error, events 28 socketfd 57 socket ip 10.0.0.47 errno 115 [0m
E0108 23:00:30.735769 17710 logger_google.cpp:99] STATUS(2): PN8phxpaxos7CleanerE::run sleep a while, max deleted instanceid 0 checkpoint instanceid (no checkpoint) now instanceid 3
E0108 23:00:30.782929 17717 logger_google.cpp:99] [41;37m ERR: PN8phxpaxos12MessageEventE::ReConnect start, ip 10.0.0.47 [0m
E0108 23:00:30.806511 17717 logger_google.cpp:99] [41;37m ERR: PN8phxpaxos9EventLoopE::OnError event error, events 28 socketfd 57 socket ip 10.0.0.47 errno 115 [0m
E0108 23:00:31.006642 17717 logger_google.cpp:99] [41;37m ERR: PN8phxpaxos12MessageEventE::ReConnect start, ip 10.0.0.47 [0m
E0108 23:00:31.030218 17717 logger_google.cpp:99] [41;37m ERR: PN8phxpaxos9EventLoopE::OnError event error, events 28 socketfd 57 socket ip 10.0.0.47 errno 115 [0m
E0108 23:00:31.174873 17704 logger_google.cpp:99] STATUS(0): PN8phxpaxos7CleanerE::run sleep a while, max deleted instanceid 0 checkpoint instanceid (no checkpoint) now instanceid 3
E0108 23:00:31.192538 17713 logger_google.cpp:99] STATUS(2): PN8phxpaxos9CommitterE::LogStatus wait threads 0 avg thread wait ms 0 reject rate 0
W0108 23:00:31.192665 17713 logger_google.cpp:103] [44;37m Imp(2): PN8phxpaxos9CommitCtxE::NewCommit OK, valuesize 27 [0m
W0108 23:00:31.192764 17709 logger_google.cpp:103] [44;37m Imp(2): PN8phxpaxos8ProposerE::NewValue skip prepare, directly start accept [0m
W0108 23:00:31.192807 17709 logger_google.cpp:103] [44;37m Imp(2): PN8phxpaxos8ProposerE::Accept START ProposalID 4 ValueSize 27 ValueLen 27 [0m
W0108 23:00:31.192836 17709 logger_google.cpp:103] [44;37m Imp(2): PN8phxpaxos8ProposerE::AddAcceptTimer timeoutms 2000 [0m
W0108 23:00:31.192854 17709 logger_google.cpp:103] [44;37m Imp(2): PN8phxpaxos8ProposerE::Accept END [0m
W0108 23:00:31.192926 17709 logger_google.cpp:103] [44;37m Imp(2): PN8phxpaxos8InstanceE::ChecksumLogic my last checksum 3547897375 other last checksum 3547897375 [0m
W0108 23:00:31.192987 17709 logger_google.cpp:103] [44;37m Imp(2): PN8phxpaxos8AcceptorE::OnAccept START Msg.InstanceID 3 Msg.from_nodeid 288230419101395815 Msg.ProposalID 4 Msg.ValueLen 27 [0m
W0108 23:00:31.193079 17709 logger_google.cpp:103] [44;37m Imp(2): PN8phxpaxos8AcceptorE::OnAccept END Now.InstanceID 3 ReplyNodeID 288230419101395815 [0m
W0108 23:00:31.193112 17709 logger_google.cpp:103] [44;37m Imp(2): PN8phxpaxos8ProposerE::OnAcceptReply START Msg.ProposalID 4 State.ProposalID 4 Msg.from_nodeid 288230419101395815 RejectByPromiseID 0 [0m
W0108 23:00:31.193140 17709 logger_google.cpp:103] [44;37m Imp(2): PN8phxpaxos8ProposerE::OnAcceptReply END [0m
W0108 23:00:31.197585 17709 logger_google.cpp:103] [44;37m Imp(2): PN8phxpaxos8ProposerE::OnAcceptReply START Msg.ProposalID 4 State.ProposalID 4 Msg.from_nodeid 792633577366891367 RejectByPromiseID 0 [0m
W0108 23:00:31.197626 17709 logger_google.cpp:103] [44;37m Imp(2): PN8phxpaxos8ProposerE::OnAcceptReply END [0m
E0108 23:00:31.198160 17712 logger_google.cpp:99] STATUS(1): PN8phxpaxos9CommitterE::LogStatus wait threads 0 avg thread wait ms 0 reject rate 0
W0108 23:00:31.198287 17712 logger_google.cpp:103] [44;37m Imp(1): PN8phxpaxos9CommitCtxE::NewCommit OK, valuesize 27 [0m
W0108 23:00:31.198391 17706 logger_google.cpp:103] [44;37m Imp(1): PN8phxpaxos8ProposerE::NewValue skip prepare, directly start accept [0m
W0108 23:00:31.198437 17706 logger_google.cpp:103] [44;37m Imp(1): PN8phxpaxos8ProposerE::Accept START ProposalID 4 ValueSize 27 ValueLen 27 [0m
W0108 23:00:31.198464 17706 logger_google.cpp:103] [44;37m Imp(1): PN8phxpaxos8ProposerE::AddAcceptTimer timeoutms 2000 [0m
W0108 23:00:31.198487 17706 logger_google.cpp:103] [44;37m Imp(1): PN8phxpaxos8ProposerE::Accept END [0m
W0108 23:00:31.198544 17706 logger_google.cpp:103] [44;37m Imp(1): PN8phxpaxos8InstanceE::ChecksumLogic my last checksum 424269455 other last checksum 424269455 [0m
W0108 23:00:31.198568 17706 logger_google.cpp:103] [44;37m Imp(1): PN8phxpaxos8AcceptorE::OnAccept START Msg.InstanceID 3 Msg.from_nodeid 288230419101395815 Msg.ProposalID 4 Msg.ValueLen 27 [0m
W0108 23:00:31.198664 17706 logger_google.cpp:103] [44;37m Imp(1): PN8phxpaxos8AcceptorE::OnAccept END Now.InstanceID 3 ReplyNodeID 288230419101395815 [0m
W0108 23:00:31.198698 17706 logger_google.cpp:103] [44;37m Imp(1): PN8phxpaxos8ProposerE::OnAcceptReply START Msg.ProposalID 4 State.ProposalID 4 Msg.from_nodeid 288230419101395815 RejectByPromiseID 0 [0m
W0108 23:00:31.198729 17706 logger_google.cpp:103] [44;37m Imp(1): PN8phxpaxos8ProposerE::OnAcceptReply END [0m
W0108 23:00:31.203294 17706 logger_google.cpp:103] [44;37m Imp(1): PN8phxpaxos8ProposerE::OnAcceptReply START Msg.ProposalID 4 State.ProposalID 4 Msg.from_nodeid 792633577366891367 RejectByPromiseID 0 [0m
W0108 23:00:31.203481 17706 logger_google.cpp:103] [44;37m Imp(1): PN8phxpaxos8ProposerE::OnAcceptReply END [0m
W0108 23:00:31.217288 17709 logger_google.cpp:103] [44;37m Imp(2): PN8phxpaxos8ProposerE::OnAcceptReply START Msg.ProposalID 4 State.ProposalID 4 Msg.from_nodeid 2954361398504729447 RejectByPromiseID 0 [0m
W0108 23:00:31.217500 17709 logger_google.cpp:103] [44;37m Imp(2): PN8phxpaxos8ProposerE::OnAcceptReply END [0m
W0108 23:00:31.222779 17706 logger_google.cpp:103] [44;37m Imp(1): PN8phxpaxos8ProposerE::OnAcceptReply START Msg.ProposalID 4 State.ProposalID 4 Msg.from_nodeid 2954361398504729447 RejectByPromiseID 0 [0m
W0108 23:00:31.222841 17706 logger_google.cpp:103] [44;37m Imp(1): PN8phxpaxos8ProposerE::OnAcceptReply END [0m
E0108 23:00:31.230265 17717 logger_google.cpp:99] [41;37m ERR: PN8phxpaxos12MessageEventE::ReConnect start, ip 10.0.0.47 [0m
W0108 23:00:31.247923 17709 logger_google.cpp:103] [44;37m Imp(2): PN8phxpaxos8ProposerE::OnAcceptReply START Msg.ProposalID 4 State.ProposalID 4 Msg.from_nodeid 1297036735632386919 RejectByPromiseID 0 [0m
W0108 23:00:31.247967 17709 logger_google.cpp:103] [44;37m Imp(2): PN8phxpaxos8ProposerE::OnAcceptReply END [0m
W0108 23:00:31.253427 17706 logger_google.cpp:103] [44;37m Imp(1): PN8phxpaxos8ProposerE::OnAcceptReply START Msg.ProposalID 4 State.ProposalID 4 Msg.from_nodeid 1297036735632386919 RejectByPromiseID 0 [0m
W0108 23:00:31.253468 17706 logger_google.cpp:103] [44;37m Imp(1): PN8phxpaxos8ProposerE::OnAcceptReply END [0m
E0108 23:00:31.253770 17717 logger_google.cpp:99] [41;37m ERR: PN8phxpaxos9EventLoopE::OnError event error, events 28 socketfd 57 socket ip 10.0.0.47 errno 115 [0m
W0108 23:00:31.257803 17709 logger_google.cpp:103] [44;37m Imp(2): PN8phxpaxos8ProposerE::OnAcceptReply START Msg.ProposalID 4 State.ProposalID 4 Msg.from_nodeid 2810246210428873575 RejectByPromiseID 0 [0m
W0108 23:00:31.257865 17709 logger_google.cpp:103] [44;37m Imp(2): PN8phxpaxos8InstanceE::ChecksumLogic my last checksum 3547897375 other last checksum 3547897375 [0m
W0108 23:00:31.257887 17709 logger_google.cpp:103] [44;37m Imp(2): PN8phxpaxos7LearnerE::OnProposerSendSuccess START Msg.InstanceID 3 Now.InstanceID 3 Msg.ProposalID 4 State.AcceptedID 4 State.AcceptedNodeID 288230419101395815, Msg.from_nodeid 288230419101395815 [0m
W0108 23:00:31.257962 17709 logger_google.cpp:103] [44;37m Imp(2): PN8phxpaxos7LearnerE::OnProposerSendSuccess END Learn value OK, value 27 [0m
W0108 23:00:31.257992 17709 logger_google.cpp:103] [44;37m Imp(2): PN8phxpaxos8InstanceE::ReceiveMsgForLearner My commit ok, usetime 65ms [0m
W0108 23:00:31.258072 17709 logger_google.cpp:103] [44;37m Imp(2): PN8phxpaxos18MasterStateMachineE::LearnMaster Be master success, absexpiretime 1467294869 [0m
W0108 23:00:31.258118 17709 logger_google.cpp:103] [44;37m Imp(2): PN8phxpaxos8InstanceE::ReceiveMsgForLearner [Learned] New paxos starting, Now.Proposer.InstanceID 3 Now.Acceptor.InstanceID 3 Now.Learner.InstanceID 3 [0m
W0108 23:00:31.258159 17709 logger_google.cpp:103] [44;37m Imp(2): PN8phxpaxos8InstanceE::ReceiveMsgForLearner [Learned] Checksum change, last checksum 3547897375 new checksum 2259464877 [0m
W0108 23:00:31.258204 17709 logger_google.cpp:103] [44;37m Imp(2): PN8phxpaxos8InstanceE::ReceiveMsgForLearner [Learned] New paxos instance has started, Now.Proposer.InstanceID 4 Now.Acceptor.InstanceID 4 Now.Learner.InstanceID 4 [0m
W0108 23:00:31.258255 17709 logger_google.cpp:103] [44;37m Imp(2): PN8phxpaxos8ProposerE::OnAcceptReply END [0m
W0108 23:00:31.263428 17706 logger_google.cpp:103] [44;37m Imp(1): PN8phxpaxos8ProposerE::OnAcceptReply START Msg.ProposalID 4 State.ProposalID 4 Msg.from_nodeid 2810246210428873575 RejectByPromiseID 0 [0m
W0108 23:00:31.263491 17706 logger_google.cpp:103] [44;37m Imp(1): PN8phxpaxos8InstanceE::ChecksumLogic my last checksum 424269455 other last checksum 424269455 [0m
W0108 23:00:31.263515 17706 logger_google.cpp:103] [44;37m Imp(1): PN8phxpaxos7LearnerE::OnProposerSendSuccess START Msg.InstanceID 3 Now.InstanceID 3 Msg.ProposalID 4 State.AcceptedID 4 State.AcceptedNodeID 288230419101395815, Msg.from_nodeid 288230419101395815 [0m
W0108 23:00:31.263537 17706 logger_google.cpp:103] [44;37m Imp(1): PN8phxpaxos7LearnerE::OnProposerSendSuccess END Learn value OK, value 27 [0m
W0108 23:00:31.263559 17706 logger_google.cpp:103] [44;37m Imp(1): PN8phxpaxos8InstanceE::ReceiveMsgForLearner My commit ok, usetime 65ms [0m
W0108 23:00:31.263617 17706 logger_google.cpp:103] [44;37m Imp(1): PN8phxpaxos18MasterStateMachineE::LearnMaster Be master success, absexpiretime 1467294875 [0m
W0108 23:00:31.263677 17706 logger_google.cpp:103] [44;37m Imp(1): PN8phxpaxos8InstanceE::ReceiveMsgForLearner [Learned] New paxos starting, Now.Proposer.InstanceID 3 Now.Acceptor.InstanceID 3 Now.Learner.InstanceID 3 [0m
W0108 23:00:31.263702 17706 logger_google.cpp:103] [44;37m Imp(1): PN8phxpaxos8InstanceE::ReceiveMsgForLearner [Learned] Checksum change, last checksum 424269455 new checksum 2841092951 [0m
W0108 23:00:31.263725 17706 logger_google.cpp:103] [44;37m Imp(1): PN8phxpaxos8InstanceE::ReceiveMsgForLearner [Learned] New paxos instance has started, Now.Proposer.InstanceID 4 Now.Acceptor.InstanceID 4 Now.Learner.InstanceID 4 [0m
W0108 23:00:31.263767 17706 logger_google.cpp:103] [44;37m Imp(1): PN8phxpaxos8ProposerE::OnAcceptReply END [0m
E0108 23:00:31.269171 17707 logger_google.cpp:99] STATUS(1): PN8phxpaxos7CleanerE::run sleep a while, max deleted instanceid 0 checkpoint instanceid (no checkpoint) now instanceid 4
E0108 23:00:31.295948 17710 logger_google.cpp:99] STATUS(2): PN8phxpaxos7CleanerE::run sleep a while, max deleted instanceid 0 checkpoint instanceid (no checkpoint) now instanceid 4
E0108 23:00:31.453922 17717 logger_google.cpp:99] [41;37m ERR: PN8phxpaxos12MessageEventE::ReConnect start, ip 10.0.0.47 [0m
E0108 23:00:31.477505 17717 logger_google.cpp:99] [41;37m ERR: PN8phxpaxos9EventLoopE::OnError event error, events 28 socketfd 57 socket ip 10.0.0.47 errno 115 [0m
W0108 23:00:31.570333 17703 logger_google.cpp:103] [44;37m Imp(0): PN8phxpaxos7LearnerE::OnAskforLearn START Msg.InstanceID 3 Now.InstanceID 3 Msg.from_nodeid 1297036735632386919 MinChosenInstanceID 0 [0m
W0108 23:00:31.570549 17703 logger_google.cpp:103] [44;37m Imp(0): PN8phxpaxos7LearnerE::OnAskforLearn START Msg.InstanceID 3 Now.InstanceID 3 Msg.from_nodeid 2954361398504729447 MinChosenInstanceID 0 [0m
W0108 23:00:31.570670 17703 logger_google.cpp:103] [44;37m Imp(0): PN8phxpaxos7LearnerE::OnAskforLearn START Msg.InstanceID 3 Now.InstanceID 3 Msg.from_nodeid 792633577366891367 MinChosenInstanceID 0 [0m
E0108 23:00:31.678289 17717 logger_google.cpp:99] [41;37m ERR: PN8phxpaxos12MessageEventE::ReConnect start, ip 10.0.0.47 [0m
W0108 23:00:31.690704 17709 logger_google.cpp:103] [44;37m Imp(2): PN8phxpaxos7LearnerE::AskforLearn START [0m
W0108 23:00:31.690799 17709 logger_google.cpp:103] [44;37m Imp(2): PN8phxpaxos7LearnerE::AskforLearn END InstanceID 4 MyNodeID 288230419101395815 [0m
W0108 23:00:31.690886 17703 logger_google.cpp:103] [44;37m Imp(0): PN8phxpaxos7LearnerE::AskforLearn START [0m
W0108 23:00:31.690927 17703 logger_google.cpp:103] [44;37m Imp(0): PN8phxpaxos7LearnerE::AskforLearn END InstanceID 3 MyNodeID 288230419101395815 [0m
W0108 23:00:31.690985 17706 logger_google.cpp:103] [44;37m Imp(1): PN8phxpaxos7LearnerE::AskforLearn START [0m
W0108 23:00:31.691040 17706 logger_google.cpp:103] [44;37m Imp(1): PN8phxpaxos7LearnerE::AskforLearn END InstanceID 4 MyNodeID 288230419101395815 [0m
W0108 23:00:31.691182 17709 logger_google.cpp:103] [44;37m Imp(2): PN8phxpaxos7LearnerE::OnAskforLearn START Msg.InstanceID 4 Now.InstanceID 4 Msg.from_nodeid 2810246210428873575 MinChosenInstanceID 0 [0m
W0108 23:00:31.691299 17706 logger_google.cpp:103] [44;37m Imp(1): PN8phxpaxos7LearnerE::OnAskforLearn START Msg.InstanceID 4 Now.InstanceID 4 Msg.from_nodeid 1297036735632386919 MinChosenInstanceID 0 [0m
W0108 23:00:31.691460 17703 logger_google.cpp:103] [44;37m Imp(0): PN8phxpaxos7LearnerE::OnAskforLearn START Msg.InstanceID 3 Now.InstanceID 3 Msg.from_nodeid 2810246210428873575 MinChosenInstanceID 0 [0m
W0108 23:00:31.756053 17706 logger_google.cpp:103] [44;37m Imp(1): PN8phxpaxos7LearnerE::OnAskforLearn START Msg.InstanceID 4 Now.InstanceID 4 Msg.from_nodeid 2810246210428873575 MinChosenInstanceID 0 [0m
E0108 23:00:31.815349 17707 logger_google.cpp:99] STATUS(1): PN8phxpaxos7CleanerE::run sleep a while, max deleted instanceid 0 checkpoint instanceid (no checkpoint) now instanceid 4
E0108 23:00:31.914045 17704 logger_google.cpp:99] STATUS(0): PN8phxpaxos7CleanerE::run sleep a while, max deleted instanceid 0 checkpoint instanceid (no checkpoint) now instanceid 3
E0108 23:00:32.122954 17711 logger_google.cpp:99] STATUS(0): PN8phxpaxos9CommitterE::LogStatus wait threads 0 avg thread wait ms 0 reject rate 0
W0108 23:00:32.123198 17711 logger_google.cpp:103] [44;37m Imp(0): PN8phxpaxos9CommitCtxE::NewCommit OK, valuesize 27 [0m
W0108 23:00:32.123301 17703 logger_google.cpp:103] [44;37m Imp(0): PN8phxpaxos8ProposerE::NewValue skip prepare, directly start accept [0m
W0108 23:00:32.123344 17703 logger_google.cpp:103] [44;37m Imp(0): PN8phxpaxos8ProposerE::Accept START ProposalID 4 ValueSize 27 ValueLen 27 [0m
W0108 23:00:32.123371 17703 logger_google.cpp:103] [44;37m Imp(0): PN8phxpaxos8ProposerE::AddAcceptTimer timeoutms 2000 [0m
W0108 23:00:32.123392 17703 logger_google.cpp:103] [44;37m Imp(0): PN8phxpaxos8ProposerE::Accept END [0m
W0108 23:00:32.123448 17703 logger_google.cpp:103] [44;37m Imp(0): PN8phxpaxos8InstanceE::ChecksumLogic my last checksum 714075105 other last checksum 714075105 [0m
W0108 23:00:32.123472 17703 logger_google.cpp:103] [44;37m Imp(0): PN8phxpaxos8AcceptorE::OnAccept START Msg.InstanceID 3 Msg.from_nodeid 288230419101395815 Msg.ProposalID 4 Msg.ValueLen 27 [0m
W0108 23:00:32.123572 17703 logger_google.cpp:103] [44;37m Imp(0): PN8phxpaxos8AcceptorE::OnAccept END Now.InstanceID 3 ReplyNodeID 288230419101395815 [0m
W0108 23:00:32.123606 17703 logger_google.cpp:103] [44;37m Imp(0): PN8phxpaxos8ProposerE::OnAcceptReply START Msg.ProposalID 4 State.ProposalID 4 Msg.from_nodeid 288230419101395815 RejectByPromiseID 0 [0m
W0108 23:00:32.123634 17703 logger_google.cpp:103] [44;37m Imp(0): PN8phxpaxos8ProposerE::OnAcceptReply END [0m
W0108 23:00:32.128101 17703 logger_google.cpp:103] [44;37m Imp(0): PN8phxpaxos8ProposerE::OnAcceptReply START Msg.ProposalID 4 State.ProposalID 4 Msg.from_nodeid 792633577366891367 RejectByPromiseID 0 [0m
W0108 23:00:32.128196 17703 logger_google.cpp:103] [44;37m Imp(0): PN8phxpaxos8ProposerE::OnAcceptReply END [0m
E0108 23:00:32.147315 17710 logger_google.cpp:99] STATUS(2): PN8phxpaxos7CleanerE::run sleep a while, max deleted instanceid 0 checkpoint instanceid (no checkpoint) now instanceid 4
W0108 23:00:32.147675 17703 logger_google.cpp:103] [44;37m Imp(0): PN8phxpaxos8ProposerE::OnAcceptReply START Msg.ProposalID 4 State.ProposalID 4 Msg.from_nodeid 2954361398504729447 RejectByPromiseID 0 [0m
W0108 23:00:32.147716 17703 logger_google.cpp:103] [44;37m Imp(0): PN8phxpaxos8ProposerE::OnAcceptReply END [0m
W0108 23:00:32.178361 17703 logger_google.cpp:103] [44;37m Imp(0): PN8phxpaxos8ProposerE::OnAcceptReply START Msg.ProposalID 4 State.ProposalID 4 Msg.from_nodeid 1297036735632386919 RejectByPromiseID 0 [0m
W0108 23:00:32.178406 17703 logger_google.cpp:103] [44;37m Imp(0): PN8phxpaxos8ProposerE::OnAcceptReply END [0m
W0108 23:00:32.188503 17703 logger_google.cpp:103] [44;37m Imp(0): PN8phxpaxos8ProposerE::OnAcceptReply START Msg.ProposalID 4 State.ProposalID 4 Msg.from_nodeid 2810246210428873575 RejectByPromiseID 0 [0m
W0108 23:00:32.188560 17703 logger_google.cpp:103] [44;37m Imp(0): PN8phxpaxos8InstanceE::ChecksumLogic my last checksum 714075105 other last checksum 714075105 [0m
W0108 23:00:32.188582 17703 logger_google.cpp:103] [44;37m Imp(0): PN8phxpaxos7LearnerE::OnProposerSendSuccess START Msg.InstanceID 3 Now.InstanceID 3 Msg.ProposalID 4 State.AcceptedID 4 State.AcceptedNodeID 288230419101395815, Msg.from_nodeid 288230419101395815 [0m
W0108 23:00:32.188603 17703 logger_google.cpp:103] [44;37m Imp(0): PN8phxpaxos7LearnerE::OnProposerSendSuccess END Learn value OK, value 27 [0m
W0108 23:00:32.188624 17703 logger_google.cpp:103] [44;37m Imp(0): PN8phxpaxos8InstanceE::ReceiveMsgForLearner My commit ok, usetime 65ms [0m
W0108 23:00:32.188695 17703 logger_google.cpp:103] [44;37m Imp(0): PN8phxpaxos18MasterStateMachineE::LearnMaster Be master success, absexpiretime 1467295799 [0m
W0108 23:00:32.188736 17703 logger_google.cpp:103] [44;37m Imp(0): PN8phxpaxos8InstanceE::ReceiveMsgForLearner [Learned] New paxos starting, Now.Proposer.InstanceID 3 Now.Acceptor.InstanceID 3 Now.Learner.InstanceID 3 [0m
W0108 23:00:32.188757 17703 logger_google.cpp:103] [44;37m Imp(0): PN8phxpaxos8InstanceE::ReceiveMsgForLearner [Learned] Checksum change, last checksum 714075105 new checksum 1862392876 [0m
W0108 23:00:32.188779 17703 logger_google.cpp:103] [44;37m Imp(0): PN8phxpaxos8InstanceE::ReceiveMsgForLearner [Learned] New paxos instance has started, Now.Proposer.InstanceID 4 Now.Acceptor.InstanceID 4 Now.Learner.InstanceID 4 [0m
W0108 23:00:32.188822 17703 logger_google.cpp:103] [44;37m Imp(0): PN8phxpaxos8ProposerE::OnAcceptReply END [0m
E0108 23:00:32.670338 17713 logger_google.cpp:99] STATUS(2): PN8phxpaxos9CommitterE::LogStatus wait threads 0 avg thread wait ms 0 reject rate 0
W0108 23:00:32.670581 17713 logger_google.cpp:103] [44;37m Imp(2): PN8phxpaxos9CommitCtxE::NewCommit OK, valuesize 27 [0m
W0108 23:00:32.670686 17709 logger_google.cpp:103] [44;37m Imp(2): PN8phxpaxos8ProposerE::NewValue skip prepare, directly start accept [0m
W0108 23:00:32.670732 17709 logger_google.cpp:103] [44;37m Imp(2): PN8phxpaxos8ProposerE::Accept START ProposalID 4 ValueSize 27 ValueLen 27 [0m
W0108 23:00:32.670758 17709 logger_google.cpp:103] [44;37m Imp(2): PN8phxpaxos8ProposerE::AddAcceptTimer timeoutms 2000 [0m
W0108 23:00:32.670778 17709 logger_google.cpp:103] [44;37m Imp(2): PN8phxpaxos8ProposerE::Accept END [0m
W0108 23:00:32.670852 17709 logger_google.cpp:103] [44;37m Imp(2): PN8phxpaxos8InstanceE::ChecksumLogic my last checksum 2259464877 other last checksum 2259464877 [0m
W0108 23:00:32.670876 17709 logger_google.cpp:103] [44;37m Imp(2): PN8phxpaxos8AcceptorE::OnAccept START Msg.InstanceID 4 Msg.from_nodeid 288230419101395815 Msg.ProposalID 4 Msg.ValueLen 27 [0m
W0108 23:00:32.671008 17709 logger_google.cpp:103] [44;37m Imp(2): PN8phxpaxos8AcceptorE::OnAccept END Now.InstanceID 4 ReplyNodeID 288230419101395815 [0m
W0108 23:00:32.671043 17709 logger_google.cpp:103] [44;37m Imp(2): PN8phxpaxos8ProposerE::OnAcceptReply START Msg.ProposalID 4 State.ProposalID 4 Msg.from_nodeid 288230419101395815 RejectByPromiseID 0 [0m
W0108 23:00:32.671072 17709 logger_google.cpp:103] [44;37m Imp(2): PN8phxpaxos8ProposerE::OnAcceptReply END [0m
W0108 23:00:32.675628 17709 logger_google.cpp:103] [44;37m Imp(2): PN8phxpaxos8ProposerE::OnAcceptReply START Msg.ProposalID 4 State.ProposalID 4 Msg.from_nodeid 792633577366891367 RejectByPromiseID 0 [0m
W0108 23:00:32.675813 17709 logger_google.cpp:103] [44;37m Imp(2): PN8phxpaxos8ProposerE::OnAcceptReply END [0m
E0108 23:00:32.679392 17704 logger_google.cpp:99] STATUS(0): PN8phxpaxos7CleanerE::run sleep a while, max deleted instanceid 0 checkpoint instanceid (no checkpoint) now instanceid 4
W0108 23:00:32.694945 17709 logger_google.cpp:103] [44;37m Imp(2): PN8phxpaxos8ProposerE::OnAcceptReply START Msg.ProposalID 4 State.ProposalID 4 Msg.from_nodeid 2954361398504729447 RejectByPromiseID 0 [0m
W0108 23:00:32.694986 17709 logger_google.cpp:103] [44;37m Imp(2): PN8phxpaxos8ProposerE::OnAcceptReply END [0m
W0108 23:00:32.695067 17709 logger_google.cpp:103] [44;37m Imp(2): PN8phxpaxos7LearnerE::OnAskforLearn START Msg.InstanceID 4 Now.InstanceID 4 Msg.from_nodeid 2954361398504729447 MinChosenInstanceID 0 [0m
