W0108 23:00:32.695741 17709 logger_google.cpp:103] [44;37m Imp(2): PN8phxpaxos7LearnerE::OnAskforLearn START Msg.InstanceID 4 Now.InstanceID 4 Msg.from_nodeid 1297036735632386919 MinChosenInstanceID 0 [0m
E0108 23:00:32.723532 17707 logger_google.cpp:99] STATUS(1): PN8phxpaxos7CleanerE::run sleep a while, max deleted instanceid 0 checkpoint instanceid (no checkpoint) now instanceid 4
W0108 23:00:32.725669 17709 logger_google.cpp:103] [44;37m Imp(2): PN8phxpaxos8ProposerE::OnAcceptReply START Msg.ProposalID 4 State.ProposalID 4 Msg.from_nodeid 1297036735632386919 RejectByPromiseID 0 [0m
W0108 23:00:32.725711 17709 logger_google.cpp:103] [44;37m Imp(2): PN8phxpaxos8ProposerE::OnAcceptReply END [0m
W0108 23:00:32.726295 17709 logger_google.cpp:103] [44;37m Imp(2): PN8phxpaxos8ProposerE::OnAcceptReply START Msg.ProposalID 4 State.ProposalID 4 Msg.from_nodeid 936748765442747239 RejectByPromiseID 0 [0m
W0108 23:00:32.726372 17709 logger_google.cpp:103] [44;37m Imp(2): PN8phxpaxos8InstanceE::ChecksumLogic my last checksum 2259464877 other last checksum 2259464877 [0m
W0108 23:00:32.726394 17709 logger_google.cpp:103] [44;37m Imp(2): PN8phxpaxos7LearnerE::OnProposerSendSuccess START Msg.InstanceID 4 Now.InstanceID 4 Msg.ProposalID 4 State.AcceptedID 4 State.AcceptedNodeID 288230419101395815, Msg.from_nodeid 288230419101395815 [0m
W0108 23:00:32.726415 17709 logger_google.cpp:103] [44;37m Imp(2): PN8phxpaxos7LearnerE::OnProposerSendSuccess END Learn value OK, value 27 [0m
W0108 23:00:32.726436 17709 logger_google.cpp:103] [44;37m Imp(2): PN8phxpaxos8InstanceE::ReceiveMsgForLearner My commit ok, usetime 56ms [0m
W0108 23:00:32.726495 17709 logger_google.cpp:103] [44;37m Imp(2): PN8phxpaxos18MasterStateMachineE::LearnMaster Be master success, absexpiretime 1467296347 [0m
W0108 23:00:32.726534 17709 logger_google.cpp:103] [44;37m Imp(2): PN8phxpaxos8InstanceE::ReceiveMsgForLearner [Learned] New paxos starting, Now.Proposer.InstanceID 4 Now.Acceptor.InstanceID 4 Now.Learner.InstanceID 4 [0m
W0108 23:00:32.726555 17709 logger_google.cpp:103] [44;37m Imp(2): PN8phxpaxos8InstanceE::ReceiveMsgForLearner [Learned] Checksum change, last checksum 2259464877 new checksum 1382668056 [0m
W0108 23:00:32.726577 17709 logger_google.cpp:103] [44;37m Imp(2): PN8phxpaxos8InstanceE::ReceiveMsgForLearner [Learned] New paxos instance has started, Now.Proposer.InstanceID 5 Now.Acceptor.InstanceID 5 Now.Learner.InstanceID 5 [0m
W0108 23:00:32.726617 17709 logger_google.cpp:103] [44;37m Imp(2): PN8phxpaxos8ProposerE::OnAcceptReply END [0m
W0108 23:00:32.750761 17709 logger_google.cpp:103] [44;37m Imp(2): PN8phxpaxos7LearnerE::OnAskforLearn START Msg.InstanceID 0 Now.InstanceID 5 Msg.from_nodeid 936748765442747239 MinChosenInstanceID 0 [0m
W0108 23:00:32.756949 17706 logger_google.cpp:103] [44;37m Imp(1): PN8phxpaxos7LearnerE::OnAskforLearn START Msg.InstanceID 0 Now.InstanceID 4 Msg.from_nodeid 936748765442747239 MinChosenInstanceID 0 [0m
E0108 23:00:32.816666 17710 logger_google.cpp:99] STATUS(2): PN8phxpaxos7CleanerE::run sleep a while, max deleted instanceid 0 checkpoint instanceid (no checkpoint) now instanceid 5
E0108 23:00:33.018959 17712 logger_google.cpp:99] STATUS(1): PN8phxpaxos9CommitterE::LogStatus wait threads 0 avg thread wait ms 0 reject rate 0
W0108 23:00:33.019027 17712 logger_google.cpp:103] [44;37m Imp(1): PN8phxpaxos9CommitCtxE::NewCommit OK, valuesize 27 [0m
W0108 23:00:33.019140 17706 logger_google.cpp:103] [44;37m Imp(1): PN8phxpaxos8ProposerE::NewValue skip prepare, directly start accept [0m
W0108 23:00:33.019182 17706 logger_google.cpp:103] [44;37m Imp(1): PN8phxpaxos8ProposerE::Accept START ProposalID 4 ValueSize 27 ValueLen 27 [0m
W0108 23:00:33.019207 17706 logger_google.cpp:103] [44;37m Imp(1): PN8phxpaxos8ProposerE::AddAcceptTimer timeoutms 2000 [0m
W0108 23:00:33.019227 17706 logger_google.cpp:103] [44;37m Imp(1): PN8phxpaxos8ProposerE::Accept END [0m
W0108 23:00:33.019284 17706 logger_google.cpp:103] [44;37m Imp(1): PN8phxpaxos8InstanceE::ChecksumLogic my last checksum 2841092951 other last checksum 2841092951 [0m
W0108 23:00:33.019306 17706 logger_google.cpp:103] [44;37m Imp(1): PN8phxpaxos8AcceptorE::OnAccept START Msg.InstanceID 4 Msg.from_nodeid 288230419101395815 Msg.ProposalID 4 Msg.ValueLen 27 [0m
W0108 23:00:33.019381 17706 logger_google.cpp:103] [44;37m Imp(1): PN8phxpaxos8AcceptorE::OnAccept END Now.InstanceID 4 ReplyNodeID 288230419101395815 [0m
W0108 23:00:33.019433 17706 logger_google.cpp:103] [44;37m Imp(1): PN8phxpaxos8ProposerE::OnAcceptReply START Msg.ProposalID 4 State.ProposalID 4 Msg.from_nodeid 288230419101395815 RejectByPromiseID 0 [0m
W0108 23:00:33.019464 17706 logger_google.cpp:103] [44;37m Imp(1): PN8phxpaxos8ProposerE::OnAcceptReply END [0m
W0108 23:00:33.024031 17706 logger_google.cpp:103] [44;37m Imp(1): PN8phxpaxos8ProposerE::OnAcceptReply START Msg.ProposalID 4 State.ProposalID 4 Msg.from_nodeid 792633577366891367 RejectByPromiseID 0 [0m
W0108 23:00:33.024073 17706 logger_google.cpp:103] [44;37m Imp(1): PN8phxpaxos8ProposerE::OnAcceptReply END [0m
W0108 23:00:33.043473 17706 logger_google.cpp:103] [44;37m Imp(1): PN8phxpaxos8ProposerE::OnAcceptReply START Msg.ProposalID 4 State.ProposalID 4 Msg.from_nodeid 2954361398504729447 RejectByPromiseID 0 [0m
W0108 23:00:33.043514 17706 logger_google.cpp:103] [44;37m Imp(1): PN8phxpaxos8ProposerE::OnAcceptReply END [0m
W0108 23:00:33.073987 17706 logger_google.cpp:103] [44;37m Imp(1): PN8phxpaxos8ProposerE::OnAcceptReply START Msg.ProposalID 4 State.ProposalID 4 Msg.from_nodeid 936748765442747239 RejectByPromiseID 0 [0m
W0108 23:00:33.074029 17706 logger_google.cpp:103] [44;37m Imp(1): PN8phxpaxos8ProposerE::OnAcceptReply END [0m
W0108 23:00:33.074074 17706 logger_google.cpp:103] [44;37m Imp(1): PN8phxpaxos8ProposerE::OnAcceptReply START Msg.ProposalID 4 State.ProposalID 4 Msg.from_nodeid 1297036735632386919 RejectByPromiseID 0 [0m
W0108 23:00:33.074143 17706 logger_google.cpp:103] [44;37m Imp(1): PN8phxpaxos8InstanceE::ChecksumLogic my last checksum 2841092951 other last checksum 2841092951 [0m
W0108 23:00:33.074167 17706 logger_google.cpp:103] [44;37m Imp(1): PN8phxpaxos7LearnerE::OnProposerSendSuccess START Msg.InstanceID 4 Now.InstanceID 4 Msg.ProposalID 4 State.AcceptedID 4 State.AcceptedNodeID 288230419101395815, Msg.from_nodeid 288230419101395815 [0m
W0108 23:00:33.074187 17706 logger_google.cpp:103] [44;37m Imp(1): PN8phxpaxos7LearnerE::OnProposerSendSuccess END Learn value OK, value 27 [0m
W0108 23:00:33.074209 17706 logger_google.cpp:103] [44;37m Imp(1): PN8phxpaxos8InstanceE::ReceiveMsgForLearner My commit ok, usetime 56ms [0m
W0108 23:00:33.074360 17706 logger_google.cpp:103] [44;37m Imp(1): PN8phxpaxos18MasterStateMachineE::LearnMaster Be master success, absexpiretime 1467296695 [0m
W0108 23:00:33.074406 17706 logger_google.cpp:103] [44;37m Imp(1): PN8phxpaxos8InstanceE::ReceiveMsgForLearner [Learned] New paxos starting, Now.Proposer.InstanceID 4 Now.Acceptor.InstanceID 4 Now.Learner.InstanceID 4 [0m
W0108 23:00:33.074429 17706 logger_google.cpp:103] [44;37m Imp(1): PN8phxpaxos8InstanceE::ReceiveMsgForLearner [Learned] Checksum change, last checksum 2841092951 new checksum 4006523388 [0m
W0108 23:00:33.074452 17706 logger_google.cpp:103] [44;37m Imp(1): PN8phxpaxos8InstanceE::ReceiveMsgForLearner [Learned] New paxos instance has started, Now.Proposer.InstanceID 5 Now.Acceptor.InstanceID 5 Now.Learner.InstanceID 5 [0m
W0108 23:00:33.074493 17706 logger_google.cpp:103] [44;37m Imp(1): PN8phxpaxos8ProposerE::OnAcceptReply END [0m
W0108 23:00:33.188791 17709 logger_google.cpp:103] [44;37m Imp(2): PN8phxpaxos7LearnerE::OnAskforLearn START Msg.InstanceID 5 Now.InstanceID 5 Msg.from_nodeid 792633577366891367 MinChosenInstanceID 0 [0m
W0108 23:00:33.244159 17703 logger_google.cpp:103] [44;37m Imp(0): PN8phxpaxos7LearnerE::OnAskforLearn START Msg.InstanceID 0 Now.InstanceID 4 Msg.from_nodeid 936748765442747239 MinChosenInstanceID 0 [0m
W0108 23:00:33.244403 17709 logger_google.cpp:103] [44;37m Imp(2): PN8phxpaxos7LearnerE::OnAskforLearn START Msg.InstanceID 0 Now.InstanceID 5 Msg.from_nodeid 1008806359480675175 MinChosenInstanceID 0 [0m
E0108 23:00:33.244441 17709 logger_google.cpp:99] [41;37m ERR(2): PN8phxpaxos7LearnerE::OnAskforLearn LearnerSender working for others. [0m
E0108 23:00:33.327837 17710 logger_google.cpp:99] STATUS(2): PN8phxpaxos7CleanerE::run sleep a while, max deleted instanceid 0 checkpoint instanceid (no checkpoint) now instanceid 5
E0108 23:00:33.378829 17707 logger_google.cpp:99] STATUS(1): PN8phxpaxos7CleanerE::run sleep a while, max deleted instanceid 0 checkpoint instanceid (no checkpoint) now instanceid 5
E0108 23:00:33.558595 17704 logger_google.cpp:99] STATUS(0): PN8phxpaxos7CleanerE::run sleep a while, max deleted instanceid 0 checkpoint instanceid (no checkpoint) now instanceid 4
E0108 23:00:34.037168 17710 logger_google.cpp:99] STATUS(2): PN8phxpaxos7CleanerE::run sleep a while, max deleted instanceid 0 checkpoint instanceid (no checkpoint) now instanceid 5
W0108 23:00:34.079564 17706 logger_google.cpp:103] [44;37m Imp(1): PN8phxpaxos7LearnerE::OnAskforLearn START Msg.InstanceID 5 Now.InstanceID 5 Msg.from_nodeid 792633577366891367 MinChosenInstanceID 0 [0m
W0108 23:00:34.080181 17706 logger_google.cpp:103] [44;37m Imp(1): PN8phxpaxos7LearnerE::OnAskforLearn START Msg.InstanceID 0 Now.InstanceID 5 Msg.from_nodeid 1008806359480675175 MinChosenInstanceID 0 [0m
E0108 23:00:34.080214 17706 logger_google.cpp:99] [41;37m ERR(1): PN8phxpaxos7LearnerE::OnAskforLearn LearnerSender working for others. [0m
W0108 23:00:34.080269 17706 logger_google.cpp:103] [44;37m Imp(1): PN8phxpaxos7LearnerE::OnAskforLearn START Msg.InstanceID 5 Now.InstanceID 5 Msg.from_nodeid 2954361398504729447 MinChosenInstanceID 0 [0m
E0108 23:00:34.119990 17707 logger_google.cpp:99] STATUS(1): PN8phxpaxos7CleanerE::run sleep a while, max deleted instanceid 0 checkpoint instanceid (no checkpoint) now instanceid 5
E0108 23:00:34.188990 17711 logger_google.cpp:99] STATUS(0): PN8phxpaxos9CommitterE::LogStatus wait threads 0 avg thread wait ms 0 reject rate 0
W0108 23:00:34.189163 17711 logger_google.cpp:103] [44;37m Imp(0): PN8phxpaxos9CommitCtxE::NewCommit OK, valuesize 27 [0m
W0108 23:00:34.189280 17703 logger_google.cpp:103] [44;37m Imp(0): PN8phxpaxos8ProposerE::NewValue skip prepare, directly start accept [0m
W0108 23:00:34.189322 17703 logger_google.cpp:103] [44;37m Imp(0): PN8phxpaxos8ProposerE::Accept START ProposalID 4 ValueSize 27 ValueLen 27 [0m
W0108 23:00:34.189352 17703 logger_google.cpp:103] [44;37m Imp(0): PN8phxpaxos8ProposerE::AddAcceptTimer timeoutms 2000 [0m
W0108 23:00:34.189371 17703 logger_google.cpp:103] [44;37m Imp(0): PN8phxpaxos8ProposerE::Accept END [0m
W0108 23:00:34.189494 17703 logger_google.cpp:103] [44;37m Imp(0): PN8phxpaxos8InstanceE::ChecksumLogic my last checksum 1862392876 other last checksum 1862392876 [0m
W0108 23:00:34.189538 17703 logger_google.cpp:103] [44;37m Imp(0): PN8phxpaxos8AcceptorE::OnAccept START Msg.InstanceID 4 Msg.from_nodeid 288230419101395815 Msg.ProposalID 4 Msg.ValueLen 27 [0m
W0108 23:00:34.189633 17703 logger_google.cpp:103] [44;37m Imp(0): PN8phxpaxos8AcceptorE::OnAccept END Now.InstanceID 4 ReplyNodeID 288230419101395815 [0m
W0108 23:00:34.189667 17703 logger_google.cpp:103] [44;37m Imp(0): PN8phxpaxos8ProposerE::OnAcceptReply START Msg.ProposalID 4 State.ProposalID 4 Msg.from_nodeid 288230419101395815 RejectByPromiseID 0 [0m
W0108 23:00:34.189697 17703 logger_google.cpp:103] [44;37m Imp(0): PN8phxpaxos8ProposerE::OnAcceptReply END [0m
W0108 23:00:34.194254 17703 logger_google.cpp:103] [44;37m Imp(0): PN8phxpaxos8ProposerE::OnAcceptReply START Msg.ProposalID 4 State.ProposalID 4 Msg.from_nodeid 792633577366891367 RejectByPromiseID 0 [0m
W0108 23:00:34.194296 17703 logger_google.cpp:103] [44;37m Imp(0): PN8phxpaxos8ProposerE::OnAcceptReply END [0m
W0108 23:00:34.194342 17703 logger_google.cpp:103] [44;37m Imp(0): PN8phxpaxos7LearnerE::OnAskforLearn START Msg.InstanceID 4 Now.InstanceID 4 Msg.from_nodeid 792633577366891367 MinChosenInstanceID 0 [0m
W0108 23:00:34.194802 17703 logger_google.cpp:103] [44;37m Imp(0): PN8phxpaxos7LearnerE::OnAskforLearn START Msg.InstanceID 0 Now.InstanceID 4 Msg.from_nodeid 1008806359480675175 MinChosenInstanceID 0 [0m
E0108 23:00:34.194994 17703 logger_google.cpp:99] [41;37m ERR(0): PN8phxpaxos7LearnerE::OnAskforLearn LearnerSender working for others. [0m
W0108 23:00:34.213654 17703 logger_google.cpp:103] [44;37m Imp(0): PN8phxpaxos8ProposerE::OnAcceptReply START Msg.ProposalID 4 State.ProposalID 4 Msg.from_nodeid 2954361398504729447 RejectByPromiseID 0 [0m
W0108 23:00:34.213701 17703 logger_google.cpp:103] [44;37m Imp(0): PN8phxpaxos8ProposerE::OnAcceptReply END [0m
W0108 23:00:34.244175 17703 logger_google.cpp:103] [44;37m Imp(0): PN8phxpaxos8ProposerE::OnAcceptReply START Msg.ProposalID 4 State.ProposalID 4 Msg.from_nodeid 936748765442747239 RejectByPromiseID 0 [0m
W0108 23:00:34.244216 17703 logger_google.cpp:103] [44;37m Imp(0): PN8phxpaxos8ProposerE::OnAcceptReply END [0m
W0108 23:00:34.244241 17703 logger_google.cpp:103] [44;37m Imp(0): PN8phxpaxos7LearnerE::AskforLearn START [0m
W0108 23:00:34.244261 17703 logger_google.cpp:103] [44;37m Imp(0): PN8phxpaxos7LearnerE::AskforLearn END InstanceID 4 MyNodeID 288230419101395815 [0m
W0108 23:00:34.244354 17703 logger_google.cpp:103] [44;37m Imp(0): PN8phxpaxos8ProposerE::OnAcceptReply START Msg.ProposalID 4 State.ProposalID 4 Msg.from_nodeid 1297036735632386919 RejectByPromiseID 0 [0m
W0108 23:00:34.244426 17703 logger_google.cpp:103] [44;37m Imp(0): PN8phxpaxos8InstanceE::ChecksumLogic my last checksum 1862392876 other last checksum 1862392876 [0m
W0108 23:00:34.244449 17703 logger_google.cpp:103] [44;37m Imp(0): PN8phxpaxos7LearnerE::OnProposerSendSuccess START Msg.InstanceID 4 Now.InstanceID 4 Msg.ProposalID 4 State.AcceptedID 4 State.AcceptedNodeID 288230419101395815, Msg.from_nodeid 288230419101395815 [0m
W0108 23:00:34.244469 17703 logger_google.cpp:103] [44;37m Imp(0): PN8phxpaxos7LearnerE::OnProposerSendSuccess END Learn value OK, value 27 [0m
W0108 23:00:34.244490 17703 logger_google.cpp:103] [44;37m Imp(0): PN8phxpaxos8InstanceE::ReceiveMsgForLearner My commit ok, usetime 55ms [0m
W0108 23:00:34.244550 17703 logger_google.cpp:103] [44;37m Imp(0): PN8phxpaxos18MasterStateMachineE::LearnMaster Be master success, absexpiretime 1467297865 [0m
W0108 23:00:34.244590 17703 logger_google.cpp:103] [44;37m Imp(0): PN8phxpaxos8InstanceE::ReceiveMsgForLearner [Learned] New paxos starting, Now.Proposer.InstanceID 4 Now.Acceptor.InstanceID 4 Now.Learner.InstanceID 4 [0m
W0108 23:00:34.244612 17703 logger_google.cpp:103] [44;37m Imp(0): PN8phxpaxos8InstanceE::ReceiveMsgForLearner [Learned] Checksum change, last checksum 1862392876 new checksum 3647242522 [0m
W0108 23:00:34.244693 17703 logger_google.cpp:103] [44;37m Imp(0): PN8phxpaxos8InstanceE::ReceiveMsgForLearner [Learned] New paxos instance has started, Now.Proposer.InstanceID 5 Now.Acceptor.InstanceID 5 Now.Learner.InstanceID 5 [0m
W0108 23:00:34.244743 17703 logger_google.cpp:103] [44;37m Imp(0): PN8phxpaxos8ProposerE::OnAcceptReply END [0m
W0108 23:00:34.254792 17703 logger_google.cpp:103] [44;37m Imp(0): PN8phxpaxos7LearnerE::OnAskforLearn START Msg.InstanceID 4 Now.InstanceID 5 Msg.from_nodeid 2810246210428873575 MinChosenInstanceID 0 [0m
E0108 23:00:34.254843 17703 logger_google.cpp:99] [41;37m ERR(0): PN8phxpaxos7LearnerE::OnAskforLearn LearnerSender working for others. [0m
W0108 23:00:34.309233 17703 logger_google.cpp:103] [44;37m Imp(0): PN8phxpaxos7LearnerE::OnSendNowInstanceID START Msg.InstanceID 4 Now.InstanceID 5 Msg.from_nodeid 2810246210428873575 Msg.MaxInstanceID 5 systemvariables_size 0 mastervariables_size 0 [0m
E0108 23:00:34.309270 17703 logger_google.cpp:99] [41;37m ERR(0): PN8phxpaxos7LearnerE::OnSendNowInstanceID Lag msg, skip [0m
W0108 23:00:34.491632 17709 logger_google.cpp:103] [44;37m Imp(2): PN8phxpaxos7LearnerE::AskforLearn START [0m
W0108 23:00:34.491681 17709 logger_google.cpp:103] [44;37m Imp(2): PN8phxpaxos7LearnerE::AskforLearn END InstanceID 5 MyNodeID 288230419101395815 [0m
E0108 23:00:34.543999 17704 logger_google.cpp:99] STATUS(0): PN8phxpaxos7CleanerE::run sleep a while, max deleted instanceid 0 checkpoint instanceid (no checkpoint) now instanceid 5
W0108 23:00:34.556995 17709 logger_google.cpp:103] [44;37m Imp(2): PN8phxpaxos7LearnerE::OnAskforLearn START Msg.InstanceID 5 Now.InstanceID 5 Msg.from_nodeid 2810246210428873575 MinChosenInstanceID 0 [0m
W0108 23:00:34.581959 17709 logger_google.cpp:103] [44;37m Imp(2): PN8phxpaxos7LearnerE::OnAskforLearn START Msg.InstanceID 0 Now.InstanceID 5 Msg.from_nodeid 3386706962732297063 MinChosenInstanceID 0 [0m
E0108 23:00:34.582144 17709 logger_google.cpp:99] [41;37m ERR(2): PN8phxpaxos7LearnerE::OnAskforLearn LearnerSender working for others. [0m
E0108 23:00:34.760143 17707 logger_google.cpp:99] STATUS(1): PN8phxpaxos7CleanerE::run sleep a while, max deleted instanceid 0 checkpoint instanceid (no checkpoint) now instanceid 5
E0108 23:00:34.928349 17710 logger_google.cpp:99] STATUS(2): PN8phxpaxos7CleanerE::run sleep a while, max deleted instanceid 0 checkpoint instanceid (no checkpoint) now instanceid 5
W0108 23:00:35.081624 17706 logger_google.cpp:103] [44;37m Imp(1): PN8phxpaxos7LearnerE::OnAskforLearn START Msg.InstanceID 5 Now.InstanceID 5 Msg.from_nodeid 2810246210428873575 MinChosenInstanceID 0 [0m
W0108 23:00:35.081809 17706 logger_google.cpp:103] [44;37m Imp(1): PN8phxpaxos7LearnerE::AskforLearn START [0m
W0108 23:00:35.081849 17706 logger_google.cpp:103] [44;37m Imp(1): PN8phxpaxos7LearnerE::AskforLearn END InstanceID 5 MyNodeID 288230419101395815 [0m
W0108 23:00:35.082058 17706 logger_google.cpp:103] [44;37m Imp(1): PN8phxpaxos7LearnerE::OnAskforLearn START Msg.InstanceID 0 Now.InstanceID 5 Msg.from_nodeid 3386706962732297063 MinChosenInstanceID 0 [0m
E0108 23:00:35.082096 17706 logger_google.cpp:99] [41;37m ERR(1): PN8phxpaxos7LearnerE::OnAskforLearn LearnerSender working for others. [0m
W0108 23:00:35.082288 17706 logger_google.cpp:103] [44;37m Imp(1): PN8phxpaxos7LearnerE::OnAskforLearn START Msg.InstanceID 5 Now.InstanceID 5 Msg.from_nodeid 1297036735632386919 MinChosenInstanceID 0 [0m
E0108 23:00:35.119194 17704 logger_google.cpp:99] STATUS(0): PN8phxpaxos7CleanerE::run sleep a while, max deleted instanceid 0 checkpoint instanceid (no checkpoint) now instanceid 5
W0108 23:00:35.269057 17703 logger_google.cpp:103] [44;37m Imp(0): PN8phxpaxos7LearnerE::OnAskforLearn START Msg.InstanceID 0 Now.InstanceID 5 Msg.from_nodeid 3386706962732297063 MinChosenInstanceID 0 [0m
E0108 23:00:35.269089 17703 logger_google.cpp:99] [41;37m ERR(0): PN8phxpaxos7LearnerE::OnAskforLearn LearnerSender working for others. [0m
W0108 23:00:35.269385 17703 logger_google.cpp:103] [44;37m Imp(0): PN8phxpaxos7LearnerE::OnAskforLearn START Msg.InstanceID 5 Now.InstanceID 5 Msg.from_nodeid 2954361398504729447 MinChosenInstanceID 0 [0m
W0108 23:00:35.269443 17703 logger_google.cpp:103] [44;37m Imp(0): PN8phxpaxos7LearnerE::OnAskforLearn START Msg.InstanceID 5 Now.InstanceID 5 Msg.from_nodeid 1297036735632386919 MinChosenInstanceID 0 [0m
E0108 23:00:35.539404 17707 logger_google.cpp:99] STATUS(1): PN8phxpaxos7CleanerE::run sleep a while, max deleted instanceid 0 checkpoint instanceid (no checkpoint) now instanceid 5
W0108 23:00:35.560343 17709 logger_google.cpp:103] [44;37m Imp(2): PN8phxpaxos7LearnerE::OnAskforLearn START Msg.InstanceID 5 Now.InstanceID 5 Msg.from_nodeid 1297036735632386919 MinChosenInstanceID 0 [0m
W0108 23:00:35.560861 17709 logger_google.cpp:103] [44;37m Imp(2): PN8phxpaxos7LearnerE::OnAskforLearn START Msg.InstanceID 5 Now.InstanceID 5 Msg.from_nodeid 936748765442747239 MinChosenInstanceID 0 [0m
E0108 23:00:35.917532 17710 logger_google.cpp:99] STATUS(2): PN8phxpaxos7CleanerE::run sleep a while, max deleted instanceid 0 checkpoint instanceid (no checkpoint) now instanceid 5
E0108 23:00:35.932777 17713 logger_google.cpp:99] STATUS(2): PN8phxpaxos9CommitterE::LogStatus wait threads 0 avg thread wait ms 0 reject rate 0
W0108 23:00:35.932849 17713 logger_google.cpp:103] [44;37m Imp(2): PN8phxpaxos9CommitCtxE::NewCommit OK, valuesize 27 [0m
W0108 23:00:35.932924 17709 logger_google.cpp:103] [44;37m Imp(2): PN8phxpaxos8ProposerE::NewValue skip prepare, directly start accept [0m
W0108 23:00:35.932984 17709 logger_google.cpp:103] [44;37m Imp(2): PN8phxpaxos8ProposerE::Accept START ProposalID 4 ValueSize 27 ValueLen 27 [0m
W0108 23:00:35.933014 17709 logger_google.cpp:103] [44;37m Imp(2): PN8phxpaxos8ProposerE::AddAcceptTimer timeoutms 2000 [0m
W0108 23:00:35.933035 17709 logger_google.cpp:103] [44;37m Imp(2): PN8phxpaxos8ProposerE::Accept END [0m
W0108 23:00:35.933099 17709 logger_google.cpp:103] [44;37m Imp(2): PN8phxpaxos8InstanceE::ChecksumLogic my last checksum 1382668056 other last checksum 1382668056 [0m
W0108 23:00:35.933122 17709 logger_google.cpp:103] [44;37m Imp(2): PN8phxpaxos8AcceptorE::OnAccept START Msg.InstanceID 5 Msg.from_nodeid 288230419101395815 Msg.ProposalID 4 Msg.ValueLen 27 [0m
W0108 23:00:35.933212 17709 logger_google.cpp:103] [44;37m Imp(2): PN8phxpaxos8AcceptorE::OnAccept END Now.InstanceID 5 ReplyNodeID 288230419101395815 [0m
W0108 23:00:35.933245 17709 logger_google.cpp:103] [44;37m Imp(2): PN8phxpaxos8ProposerE::OnAcceptReply START Msg.ProposalID 4 State.ProposalID 4 Msg.from_nodeid 288230419101395815 RejectByPromiseID 0 [0m
W0108 23:00:35.933274 17709 logger_google.cpp:103] [44;37m Imp(2): PN8phxpaxos8ProposerE::OnAcceptReply END [0m
W0108 23:00:35.937964 17709 logger_google.cpp:103] [44;37m Imp(2): PN8phxpaxos8ProposerE::OnAcceptReply START Msg.ProposalID 4 State.ProposalID 4 Msg.from_nodeid 792633577366891367 RejectByPromiseID 0 [0m
W0108 23:00:35.938012 17709 logger_google.cpp:103] [44;37m Imp(2): PN8phxpaxos8ProposerE::OnAcceptReply END [0m
W0108 23:00:35.957211 17709 logger_google.cpp:103] [44;37m Imp(2): PN8phxpaxos8ProposerE::OnAcceptReply START Msg.ProposalID 4 State.ProposalID 4 Msg.from_nodeid 3386706962732297063 RejectByPromiseID 0 [0m
W0108 23:00:35.957274 17709 logger_google.cpp:103] [44;37m Imp(2): PN8phxpaxos8ProposerE::OnAcceptReply END [0m
W0108 23:00:35.957319 17709 logger_google.cpp:103] [44;37m Imp(2): PN8phxpaxos8ProposerE::OnAcceptReply START Msg.ProposalID 4 State.ProposalID 4 Msg.from_nodeid 2954361398504729447 RejectByPromiseID 0 [0m
W0108 23:00:35.957347 17709 logger_google.cpp:103] [44;37m Imp(2): PN8phxpaxos8ProposerE::OnAcceptReply END [0m
W0108 23:00:35.957389 17709 logger_google.cpp:103] [44;37m Imp(2): PN8phxpaxos7LearnerE::OnAskforLearn START Msg.InstanceID 5 Now.InstanceID 5 Msg.from_nodeid 2954361398504729447 MinChosenInstanceID 0 [0m
W0108 23:00:35.957914 17709 logger_google.cpp:103] [44;37m Imp(2): PN8phxpaxos7LearnerE::OnAskforLearn START Msg.InstanceID 5 Now.InstanceID 5 Msg.from_nodeid 1008806359480675175 MinChosenInstanceID 0 [0m
W0108 23:00:35.987907 17709 logger_google.cpp:103] [44;37m Imp(2): PN8phxpaxos8ProposerE::OnAcceptReply START Msg.ProposalID 4 State.ProposalID 4 Msg.from_nodeid 1297036735632386919 RejectByPromiseID 0 [0m
W0108 23:00:35.988122 17709 logger_google.cpp:103] [44;37m Imp(2): PN8phxpaxos8InstanceE::ChecksumLogic my last checksum 1382668056 other last checksum 1382668056 [0m
W0108 23:00:35.988155 17709 logger_google.cpp:103] [44;37m Imp(2): PN8phxpaxos7LearnerE::OnProposerSendSuccess START Msg.InstanceID 5 Now.InstanceID 5 Msg.ProposalID 4 State.AcceptedID 4 State.AcceptedNodeID 288230419101395815, Msg.from_nodeid 288230419101395815 [0m
W0108 23:00:35.988176 17709 logger_google.cpp:103] [44;37m Imp(2): PN8phxpaxos7LearnerE::OnProposerSendSuccess END Learn value OK, value 27 [0m
W0108 23:00:35.988214 17709 logger_google.cpp:103] [44;37m Imp(2): PN8phxpaxos8InstanceE::ReceiveMsgForLearner My commit ok, usetime 56ms [0m
W0108 23:00:35.988284 17709 logger_google.cpp:103] [44;37m Imp(2): PN8phxpaxos18MasterStateMachineE::LearnMaster Be master success, absexpiretime 1467299609 [0m
W0108 23:00:35.988324 17709 logger_google.cpp:103] [44;37m Imp(2): PN8phxpaxos8InstanceE::ReceiveMsgForLearner [Learned] New paxos starting, Now.Proposer.InstanceID 5 Now.Acceptor.InstanceID 5 Now.Learner.InstanceID 5 [0m
W0108 23:00:35.988345 17709 logger_google.cpp:103] [44;37m Imp(2): PN8phxpaxos8InstanceE::ReceiveMsgForLearner [Learned] Checksum change, last checksum 1382668056 new checksum 456163776 [0m
W0108 23:00:35.988368 17709 logger_google.cpp:103] [44;37m Imp(2): PN8phxpaxos8InstanceE::ReceiveMsgForLearner [Learned] New paxos instance has started, Now.Proposer.InstanceID 6 Now.Acceptor.InstanceID 6 Now.Learner.InstanceID 6 [0m
W0108 23:00:35.988407 17709 logger_google.cpp:103] [44;37m Imp(2): PN8phxpaxos8ProposerE::OnAcceptReply END [0m
E0108 23:00:36.028345 17704 logger_google.cpp:99] STATUS(0): PN8phxpaxos7CleanerE::run sleep a while, max deleted instanceid 0 checkpoint instanceid (no checkpoint) now instanceid 5
W0108 23:00:36.136814 17706 logger_google.cpp:103] [44;37m Imp(1): PN8phxpaxos7LearnerE::OnAskforLearn START Msg.InstanceID 5 Now.InstanceID 5 Msg.from_nodeid 936748765442747239 MinChosenInstanceID 0 [0m
E0108 23:00:36.181663 17712 logger_google.cpp:99] STATUS(1): PN8phxpaxos9CommitterE::LogStatus wait threads 0 avg thread wait ms 0 reject rate 0
W0108 23:00:36.181752 17712 logger_google.cpp:103] [44;37m Imp(1): PN8phxpaxos9CommitCtxE::NewCommit OK, valuesize 27 [0m
W0108 23:00:36.181861 17706 logger_google.cpp:103] [44;37m Imp(1): PN8phxpaxos8ProposerE::NewValue skip prepare, directly start accept [0m
W0108 23:00:36.181903 17706 logger_google.cpp:103] [44;37m Imp(1): PN8phxpaxos8ProposerE::Accept START ProposalID 4 ValueSize 27 ValueLen 27 [0m
W0108 23:00:36.181931 17706 logger_google.cpp:103] [44;37m Imp(1): PN8phxpaxos8ProposerE::AddAcceptTimer timeoutms 2000 [0m
W0108 23:00:36.181951 17706 logger_google.cpp:103] [44;37m Imp(1): PN8phxpaxos8ProposerE::Accept END [0m
W0108 23:00:36.182006 17706 logger_google.cpp:103] [44;37m Imp(1): PN8phxpaxos8InstanceE::ChecksumLogic my last checksum 4006523388 other last checksum 4006523388 [0m
W0108 23:00:36.182029 17706 logger_google.cpp:103] [44;37m Imp(1): PN8phxpaxos8AcceptorE::OnAccept START Msg.InstanceID 5 Msg.from_nodeid 288230419101395815 Msg.ProposalID 4 Msg.ValueLen 27 [0m
W0108 23:00:36.182108 17706 logger_google.cpp:103] [44;37m Imp(1): PN8phxpaxos8AcceptorE::OnAccept END Now.InstanceID 5 ReplyNodeID 288230419101395815 [0m
W0108 23:00:36.182157 17706 logger_google.cpp:103] [44;37m Imp(1): PN8phxpaxos8ProposerE::OnAcceptReply START Msg.ProposalID 4 State.ProposalID 4 Msg.from_nodeid 288230419101395815 RejectByPromiseID 0 [0m
W0108 23:00:36.182188 17706 logger_google.cpp:103] [44;37m Imp(1): PN8phxpaxos8ProposerE::OnAcceptReply END [0m
W0108 23:00:36.186543 17706 logger_google.cpp:103] [44;37m Imp(1): PN8phxpaxos8ProposerE::OnAcceptReply START Msg.ProposalID 4 State.ProposalID 4 Msg.from_nodeid 792633577366891367 RejectByPromiseID 0 [0m
W0108 23:00:36.186638 17706 logger_google.cpp:103] [44;37m Imp(1): PN8phxpaxos8ProposerE::OnAcceptReply END [0m
W0108 23:00:36.206238 17706 logger_google.cpp:103] [44;37m Imp(1): PN8phxpaxos8ProposerE::OnAcceptReply START Msg.ProposalID 4 State.ProposalID 4 Msg.from_nodeid 3386706962732297063 RejectByPromiseID 0 [0m
W0108 23:00:36.206419 17706 logger_google.cpp:103] [44;37m Imp(1): PN8phxpaxos8ProposerE::OnAcceptReply END [0m
W0108 23:00:36.206480 17706 logger_google.cpp:103] [44;37m Imp(1): PN8phxpaxos8ProposerE::OnAcceptReply START Msg.ProposalID 4 State.ProposalID 4 Msg.from_nodeid 2954361398504729447 RejectByPromiseID 0 [0m
W0108 23:00:36.206509 17706 logger_google.cpp:103] [44;37m Imp(1): PN8phxpaxos8ProposerE::OnAcceptReply END [0m
E0108 23:00:36.229717 17707 logger_google.cpp:99] STATUS(1): PN8phxpaxos7CleanerE::run sleep a while, max deleted instanceid 0 checkpoint instanceid (no checkpoint) now instanceid 5
W0108 23:00:36.236753 17706 logger_google.cpp:103] [44;37m Imp(1): PN8phxpaxos8ProposerE::OnAcceptReply START Msg.ProposalID 4 State.ProposalID 4 Msg.from_nodeid 936748765442747239 RejectByPromiseID 0 [0m
W0108 23:00:36.236816 17706 logger_google.cpp:103] [44;37m Imp(1): PN8phxpaxos8InstanceE::ChecksumLogic my last checksum 4006523388 other last checksum 4006523388 [0m
W0108 23:00:36.236838 17706 logger_google.cpp:103] [44;37m Imp(1): PN8phxpaxos7LearnerE::OnProposerSendSuccess START Msg.InstanceID 5 Now.InstanceID 5 Msg.ProposalID 4 State.AcceptedID 4 State.AcceptedNodeID 288230419101395815, Msg.from_nodeid 288230419101395815 [0m
W0108 23:00:36.236860 17706 logger_google.cpp:103] [44;37m Imp(1): PN8phxpaxos7LearnerE::OnProposerSendSuccess END Learn value OK, value 27 [0m
W0108 23:00:36.236881 17706 logger_google.cpp:103] [44;37m Imp(1): PN8phxpaxos8InstanceE::ReceiveMsgForLearner My commit ok, usetime 55ms [0m
W0108 23:00:36.236938 17706 logger_google.cpp:103] [44;37m Imp(1): PN8phxpaxos18MasterStateMachineE::LearnMaster Be master success, absexpiretime 1467299858 [0m
W0108 23:00:36.236995 17706 logger_google.cpp:103] [44;37m Imp(1): PN8phxpaxos8InstanceE::ReceiveMsgForLearner [Learned] New paxos starting, Now.Proposer.InstanceID 5 Now.Acceptor.InstanceID 5 Now.Learner.InstanceID 5 [0m
W0108 23:00:36.237018 17706 logger_google.cpp:103] [44;37m Imp(1): PN8phxpaxos8InstanceE::ReceiveMsgForLearner [Learned] Checksum change, last checksum 4006523388 new checksum 2170211572 [0m
W0108 23:00:36.237040 17706 logger_google.cpp:103] [44;37m Imp(1): PN8phxpaxos8InstanceE::ReceiveMsgForLearner [Learned] New paxos instance has started, Now.Proposer.InstanceID 6 Now.Acceptor.InstanceID 6 Now.Learner.InstanceID 6 [0m
W0108 23:00:36.237079 17706 logger_google.cpp:103] [44;37m Imp(1): PN8phxpaxos8ProposerE::OnAcceptReply END [0m
W0108 23:00:36.270121 17703 logger_google.cpp:103] [44;37m Imp(0): PN8phxpaxos7LearnerE::OnAskforLearn START Msg.InstanceID 5 Now.InstanceID 5 Msg.from_nodeid 936748765442747239 MinChosenInstanceID 0 [0m
E0108 23:00:36.420881 17710 logger_google.cpp:99] STATUS(2): PN8phxpaxos7CleanerE::run sleep a while, max deleted instanceid 0 checkpoint instanceid (no checkpoint) now instanceid 6
E0108 23:00:36.818879 17707 logger_google.cpp:99] STATUS(1): PN8phxpaxos7CleanerE::run sleep a while, max deleted instanceid 0 checkpoint instanceid (no checkpoint) now instanceid 6
E0108 23:00:36.955498 17704 logger_google.cpp:99] STATUS(0): PN8phxpaxos7CleanerE::run sleep a while, max deleted instanceid 0 checkpoint instanceid (no checkpoint) now instanceid 5
W0108 23:00:36.993610 17709 logger_google.cpp:103] [44;37m Imp(2): PN8phxpaxos7LearnerE::OnAskforLearn START Msg.InstanceID 6 Now.InstanceID 6 Msg.from_nodeid 792633577366891367 MinChosenInstanceID 0 [0m
W0108 23:00:37.109787 17709 logger_google.cpp:103] [44;37m Imp(2): PN8phxpaxos7LearnerE::AskforLearn START [0m
W0108 23:00:37.109849 17709 logger_google.cpp:103] [44;37m Imp(2): PN8phxpaxos7LearnerE::AskforLearn END InstanceID 6 MyNodeID 288230419101395815 [0m
W0108 23:00:37.242393 17706 logger_google.cpp:103] [44;37m Imp(1): PN8phxpaxos7LearnerE::OnAskforLearn START Msg.InstanceID 6 Now.InstanceID 6 Msg.from_nodeid 792633577366891367 MinChosenInstanceID 0 [0m
W0108 23:00:37.242868 17706 logger_google.cpp:103] [44;37m Imp(1): PN8phxpaxos7LearnerE::OnAskforLearn START Msg.InstanceID 6 Now.InstanceID 6 Msg.from_nodeid 1008806359480675175 MinChosenInstanceID 0 [0m
W0108 23:00:37.242923 17706 logger_google.cpp:103] [44;37m Imp(1): PN8phxpaxos7LearnerE::OnAskforLearn START Msg.InstanceID 6 Now.InstanceID 6 Msg.from_nodeid 2954361398504729447 MinChosenInstanceID 0 [0m
W0108 23:00:37.251696 17709 logger_google.cpp:103] [44;37m Imp(2): PN8phxpaxos7LearnerE::OnAskforLearn START Msg.InstanceID 6 Now.InstanceID 6 Msg.from_nodeid 3386706962732297063 MinChosenInstanceID 0 [0m
W0108 23:00:37.270287 17703 logger_google.cpp:103] [44;37m Imp(0): PN8phxpaxos7LearnerE::AskforLearn START [0m
W0108 23:00:37.270330 17703 logger_google.cpp:103] [44;37m Imp(0): PN8phxpaxos7LearnerE::AskforLearn END InstanceID 5 MyNodeID 288230419101395815 [0m
W0108 23:00:37.270834 17703 logger_google.cpp:103] [44;37m Imp(0): PN8phxpaxos7LearnerE::OnAskforLearn START Msg.InstanceID 5 Now.InstanceID 5 Msg.from_nodeid 2810246210428873575 MinChosenInstanceID 0 [0m
W0108 23:00:37.270908 17703 logger_google.cpp:103] [44;37m Imp(0): PN8phxpaxos7LearnerE::OnAskforLearn START Msg.InstanceID 5 Now.InstanceID 5 Msg.from_nodeid 1008806359480675175 MinChosenInstanceID 0 [0m
W0108 23:00:37.271086 17703 logger_google.cpp:103] [44;37m Imp(0): PN8phxpaxos7LearnerE::OnAskforLearn START Msg.InstanceID 5 Now.InstanceID 5 Msg.from_nodeid 792633577366891367 MinChosenInstanceID 0 [0m
E0108 23:00:37.322863 17711 logger_google.cpp:99] STATUS(0): PN8phxpaxos9CommitterE::LogStatus wait threads 0 avg thread wait ms 0 reject rate 0
W0108 23:00:37.322934 17711 logger_google.cpp:103] [44;37m Imp(0): PN8phxpaxos9CommitCtxE::NewCommit OK, valuesize 27 [0m
W0108 23:00:37.323053 17703 logger_google.cpp:103] [44;37m Imp(0): PN8phxpaxos8ProposerE::NewValue skip prepare, directly start accept [0m
W0108 23:00:37.323096 17703 logger_google.cpp:103] [44;37m Imp(0): PN8phxpaxos8ProposerE::Accept START ProposalID 4 ValueSize 27 ValueLen 27 [0m
W0108 23:00:37.323140 17703 logger_google.cpp:103] [44;37m Imp(0): PN8phxpaxos8ProposerE::AddAcceptTimer timeoutms 2000 [0m
W0108 23:00:37.323163 17703 logger_google.cpp:103] [44;37m Imp(0): PN8phxpaxos8ProposerE::Accept END [0m
W0108 23:00:37.323222 17703 logger_google.cpp:103] [44;37m Imp(0): PN8phxpaxos8InstanceE::ChecksumLogic my last checksum 3647242522 other last checksum 3647242522 [0m
W0108 23:00:37.323246 17703 logger_google.cpp:103] [44;37m Imp(0): PN8phxpaxos8AcceptorE::OnAccept START Msg.InstanceID 5 Msg.from_nodeid 288230419101395815 Msg.ProposalID 4 Msg.ValueLen 27 [0m
W0108 23:00:37.323320 17703 logger_google.cpp:103] [44;37m Imp(0): PN8phxpaxos8AcceptorE::OnAccept END Now.InstanceID 5 ReplyNodeID 288230419101395815 [0m
W0108 23:00:37.323354 17703 logger_google.cpp:103] [44;37m Imp(0): PN8phxpaxos8ProposerE::OnAcceptReply START Msg.ProposalID 4 State.ProposalID 4 Msg.from_nodeid 288230419101395815 RejectByPromiseID 0 [0m
W0108 23:00:37.323380 17703 logger_google.cpp:103] [44;37m Imp(0): PN8phxpaxos8ProposerE::OnAcceptReply END [0m
W0108 23:00:37.328178 17703 logger_google.cpp:103] [44;37m Imp(0): PN8phxpaxos8ProposerE::OnAcceptReply START Msg.ProposalID 4 State.ProposalID 4 Msg.from_nodeid 792633577366891367 RejectByPromiseID 0 [0m
W0108 23:00:37.328214 17703 logger_google.cpp:103] [44;37m Imp(0): PN8phxpaxos8ProposerE::OnAcceptReply END [0m
W0108 23:00:37.347494 17703 logger_google.cpp:103] [44;37m Imp(0): PN8phxpaxos8ProposerE::OnAcceptReply START Msg.ProposalID 4 State.ProposalID 4 Msg.from_nodeid 3386706962732297063 RejectByPromiseID 0 [0m
W0108 23:00:37.347538 17703 logger_google.cpp:103] [44;37m Imp(0): PN8phxpaxos8ProposerE::OnAcceptReply END [0m
W0108 23:00:37.347582 17703 logger_google.cpp:103] [44;37m Imp(0): PN8phxpaxos8ProposerE::OnAcceptReply START Msg.ProposalID 4 State.ProposalID 4 Msg.from_nodeid 2954361398504729447 RejectByPromiseID 0 [0m
W0108 23:00:37.347671 17703 logger_google.cpp:103] [44;37m Imp(0): PN8phxpaxos8ProposerE::OnAcceptReply END [0m
W0108 23:00:37.377985 17703 logger_google.cpp:103] [44;37m Imp(0): PN8phxpaxos8ProposerE::OnAcceptReply START Msg.ProposalID 4 State.ProposalID 4 Msg.from_nodeid 936748765442747239 RejectByPromiseID 0 [0m
W0108 23:00:37.378238 17703 logger_google.cpp:103] [44;37m Imp(0): PN8phxpaxos8InstanceE::ChecksumLogic my last checksum 3647242522 other last checksum 3647242522 [0m
W0108 23:00:37.378273 17703 logger_google.cpp:103] [44;37m Imp(0): PN8phxpaxos7LearnerE::OnProposerSendSuccess START Msg.InstanceID 5 Now.InstanceID 5 Msg.ProposalID 4 State.AcceptedID 4 State.AcceptedNodeID 288230419101395815, Msg.from_nodeid 288230419101395815 [0m
W0108 23:00:37.378341 17703 logger_google.cpp:103] [44;37m Imp(0): PN8phxpaxos7LearnerE::OnProposerSendSuccess END Learn value OK, value 27 [0m
W0108 23:00:37.378389 17703 logger_google.cpp:103] [44;37m Imp(0): PN8phxpaxos8InstanceE::ReceiveMsgForLearner My commit ok, usetime 56ms [0m
W0108 23:00:37.378476 17703 logger_google.cpp:103] [44;37m Imp(0): PN8phxpaxos18MasterStateMachineE::LearnMaster Be master success, absexpiretime 1467300999 [0m
W0108 23:00:37.378518 17703 logger_google.cpp:103] [44;37m Imp(0): PN8phxpaxos8InstanceE::ReceiveMsgForLearner [Learned] New paxos starting, Now.Proposer.InstanceID 5 Now.Acceptor.InstanceID 5 Now.Learner.InstanceID 5 [0m
W0108 23:00:37.378563 17703 logger_google.cpp:103] [44;37m Imp(0): PN8phxpaxos8InstanceE::ReceiveMsgForLearner [Learned] Checksum change, last checksum 3647242522 new checksum 3508246296 [0m
W0108 23:00:37.378599 17703 logger_google.cpp:103] [44;37m Imp(0): PN8phxpaxos8InstanceE::ReceiveMsgForLearner [Learned] New paxos instance has started, Now.Proposer.InstanceID 6 Now.Acceptor.InstanceID 6 Now.Learner.InstanceID 6 [0m
W0108 23:00:37.378674 17703 logger_google.cpp:103] [44;37m Imp(0): PN8phxpaxos8ProposerE::OnAcceptReply END [0m
E0108 23:00:37.409049 17710 logger_google.cpp:99] STATUS(2): PN8phxpaxos7CleanerE::run sleep a while, max deleted instanceid 0 checkpoint instanceid (no checkpoint) now instanceid 6
E0108 23:00:37.630695 17704 logger_google.cpp:99] STATUS(0): PN8phxpaxos7CleanerE::run sleep a while, max deleted instanceid 0 checkpoint instanceid (no checkpoint) now instanceid 6
E0108 23:00:37.776082 17707 logger_google.cpp:99] STATUS(1): PN8phxpaxos7CleanerE::run sleep a while, max deleted instanceid 0 checkpoint instanceid (no checkpoint) now instanceid 6
E0108 23:00:37.960428 17710 logger_google.cpp:99] STATUS(2): PN8phxpaxos7CleanerE::run sleep a while, max deleted instanceid 0 checkpoint instanceid (no checkpoint) now instanceid 6
W0108 23:00:38.243085 17706 logger_google.cpp:103] [44;37m Imp(1): PN8phxpaxos7LearnerE::AskforLearn START [0m
W0108 23:00:38.243322 17706 logger_google.cpp:103] [44;37m Imp(1): PN8phxpaxos7LearnerE::AskforLearn END InstanceID 6 MyNodeID 288230419101395815 [0m
W0108 23:00:38.243820 17706 logger_google.cpp:103] [44;37m Imp(1): PN8phxpaxos7LearnerE::OnAskforLearn START Msg.InstanceID 6 Now.InstanceID 6 Msg.from_nodeid 2810246210428873575 MinChosenInstanceID 0 [0m
W0108 23:00:38.243875 17706 logger_google.cpp:103] [44;37m Imp(1): PN8phxpaxos7LearnerE::OnAskforLearn START Msg.InstanceID 6 Now.InstanceID 6 Msg.from_nodeid 1297036735632386919 MinChosenInstanceID 0 [0m
W0108 23:00:38.243916 17706 logger_google.cpp:103] [44;37m Imp(1): PN8phxpaxos7LearnerE::OnAskforLearn START Msg.InstanceID 6 Now.InstanceID 6 Msg.from_nodeid 3386706962732297063 MinChosenInstanceID 0 [0m
W0108 23:00:38.252401 17709 logger_google.cpp:103] [44;37m Imp(2): PN8phxpaxos7LearnerE::OnAskforLearn START Msg.InstanceID 6 Now.InstanceID 6 Msg.from_nodeid 1297036735632386919 MinChosenInstanceID 0 [0m
W0108 23:00:38.252458 17709 logger_google.cpp:103] [44;37m Imp(2): PN8phxpaxos7LearnerE::OnAskforLearn START Msg.InstanceID 6 Now.InstanceID 6 Msg.from_nodeid 936748765442747239 MinChosenInstanceID 0 [0m
W0108 23:00:38.252559 17709 logger_google.cpp:103] [44;37m Imp(2): PN8phxpaxos7LearnerE::OnAskforLearn START Msg.InstanceID 6 Now.InstanceID 6 Msg.from_nodeid 2810246210428873575 MinChosenInstanceID 0 [0m
W0108 23:00:38.403306 17703 logger_google.cpp:103] [44;37m Imp(0): PN8phxpaxos7LearnerE::OnAskforLearn START Msg.InstanceID 6 Now.InstanceID 6 Msg.from_nodeid 3386706962732297063 MinChosenInstanceID 0 [0m
W0108 23:00:38.403538 17703 logger_google.cpp:103] [44;37m Imp(0): PN8phxpaxos7LearnerE::OnAskforLearn START Msg.InstanceID 6 Now.InstanceID 6 Msg.from_nodeid 2954361398504729447 MinChosenInstanceID 0 [0m
W0108 23:00:38.403811 17703 logger_google.cpp:103] [44;37m Imp(0): PN8phxpaxos7LearnerE::OnAskforLearn START Msg.InstanceID 6 Now.InstanceID 6 Msg.from_nodeid 1297036735632386919 MinChosenInstanceID 0 [0m
E0108 23:00:38.585966 17704 logger_google.cpp:99] STATUS(0): PN8phxpaxos7CleanerE::run sleep a while, max deleted instanceid 0 checkpoint instanceid (no checkpoint) now instanceid 6
E0108 23:00:38.612740 17710 logger_google.cpp:99] STATUS(2): PN8phxpaxos7CleanerE::run sleep a while, max deleted instanceid 0 checkpoint instanceid (no checkpoint) now instanceid 6
E0108 23:00:38.626267 17707 logger_google.cpp:99] STATUS(1): PN8phxpaxos7CleanerE::run sleep a while, max deleted instanceid 0 checkpoint instanceid (no checkpoint) now instanceid 6
E0108 23:00:38.649559 17713 logger_google.cpp:99] STATUS(2): PN8phxpaxos9CommitterE::LogStatus wait threads 0 avg thread wait ms 0 reject rate 0
W0108 23:00:38.649629 17713 logger_google.cpp:103] [44;37m Imp(2): PN8phxpaxos9CommitCtxE::NewCommit OK, valuesize 27 [0m
W0108 23:00:38.649729 17709 logger_google.cpp:103] [44;37m Imp(2): PN8phxpaxos8ProposerE::NewValue skip prepare, directly start accept [0m
W0108 23:00:38.649771 17709 logger_google.cpp:103] [44;37m Imp(2): PN8phxpaxos8ProposerE::Accept START ProposalID 4 ValueSize 27 ValueLen 27 [0m
W0108 23:00:38.649797 17709 logger_google.cpp:103] [44;37m Imp(2): PN8phxpaxos8ProposerE::AddAcceptTimer timeoutms 2000 [0m
W0108 23:00:38.649817 17709 logger_google.cpp:103] [44;37m Imp(2): PN8phxpaxos8ProposerE::Accept END [0m
W0108 23:00:38.649876 17709 logger_google.cpp:103] [44;37m Imp(2): PN8phxpaxos8InstanceE::ChecksumLogic my last checksum 456163776 other last checksum 456163776 [0m
W0108 23:00:38.649899 17709 logger_google.cpp:103] [44;37m Imp(2): PN8phxpaxos8AcceptorE::OnAccept START Msg.InstanceID 6 Msg.from_nodeid 288230419101395815 Msg.ProposalID 4 Msg.ValueLen 27 [0m
W0108 23:00:38.649997 17709 logger_google.cpp:103] [44;37m Imp(2): PN8phxpaxos8AcceptorE::OnAccept END Now.InstanceID 6 ReplyNodeID 288230419101395815 [0m
W0108 23:00:38.650030 17709 logger_google.cpp:103] [44;37m Imp(2): PN8phxpaxos8ProposerE::OnAcceptReply START Msg.ProposalID 4 State.ProposalID 4 Msg.from_nodeid 288230419101395815 RejectByPromiseID 0 [0m
W0108 23:00:38.650058 17709 logger_google.cpp:103] [44;37m Imp(2): PN8phxpaxos8ProposerE::OnAcceptReply END [0m
W0108 23:00:38.654700 17709 logger_google.cpp:103] [44;37m Imp(2): PN8phxpaxos8ProposerE::OnAcceptReply START Msg.ProposalID 4 State.ProposalID 4 Msg.from_nodeid 792633577366891367 RejectByPromiseID 0 [0m
W0108 23:00:38.654740 17709 logger_google.cpp:103] [44;37m Imp(2): PN8phxpaxos8ProposerE::OnAcceptReply END [0m
W0108 23:00:38.674144 17709 logger_google.cpp:103] [44;37m Imp(2): PN8phxpaxos8ProposerE::OnAcceptReply START Msg.ProposalID 4 State.ProposalID 4 Msg.from_nodeid 2954361398504729447 RejectByPromiseID 0 [0m
W0108 23:00:38.674186 17709 logger_google.cpp:103] [44;37m Imp(2): PN8phxpaxos8ProposerE::OnAcceptReply END [0m
W0108 23:00:38.674230 17709 logger_google.cpp:103] [44;37m Imp(2): PN8phxpaxos8ProposerE::OnAcceptReply START Msg.ProposalID 4 State.ProposalID 4 Msg.from_nodeid 3386706962732297063 RejectByPromiseID 0 [0m
W0108 23:00:38.674258 17709 logger_google.cpp:103] [44;37m Imp(2): PN8phxpaxos8ProposerE::OnAcceptReply END [0m
W0108 23:00:38.674317 17709 logger_google.cpp:103] [44;37m Imp(2): PN8phxpaxos7LearnerE::OnAskforLearn START Msg.InstanceID 6 Now.InstanceID 6 Msg.from_nodeid 2954361398504729447 MinChosenInstanceID 0 [0m
W0108 23:00:38.704671 17709 logger_google.cpp:103] [44;37m Imp(2): PN8phxpaxos8ProposerE::OnAcceptReply START Msg.ProposalID 4 State.ProposalID 4 Msg.from_nodeid 1297036735632386919 RejectByPromiseID 0 [0m
W0108 23:00:38.704888 17709 logger_google.cpp:103] [44;37m Imp(2): PN8phxpaxos8InstanceE::ChecksumLogic my last checksum 456163776 other last checksum 456163776 [0m
W0108 23:00:38.704921 17709 logger_google.cpp:103] [44;37m Imp(2): PN8phxpaxos7LearnerE::OnProposerSendSuccess START Msg.InstanceID 6 Now.InstanceID 6 Msg.ProposalID 4 State.AcceptedID 4 State.AcceptedNodeID 288230419101395815, Msg.from_nodeid 288230419101395815 [0m
W0108 23:00:38.704942 17709 logger_google.cpp:103] [44;37m Imp(2): PN8phxpaxos7LearnerE::OnProposerSendSuccess END Learn value OK, value 27 [0m
W0108 23:00:38.704962 17709 logger_google.cpp:103] [44;37m Imp(2): PN8phxpaxos8InstanceE::ReceiveMsgForLearner My commit ok, usetime 55ms [0m
W0108 23:00:38.705019 17709 logger_google.cpp:103] [44;37m Imp(2): PN8phxpaxos18MasterStateMachineE::LearnMaster Be master success, absexpiretime 1467302326 [0m
W0108 23:00:38.705058 17709 logger_google.cpp:103] [44;37m Imp(2): PN8phxpaxos8InstanceE::ReceiveMsgForLearner [Learned] New paxos starting, Now.Proposer.InstanceID 6 Now.Acceptor.InstanceID 6 Now.Learner.InstanceID 6 [0m
W0108 23:00:38.705080 17709 logger_google.cpp:103] [44;37m Imp(2): PN8phxpaxos8InstanceE::ReceiveMsgForLearner [Learned] Checksum change, last checksum 456163776 new checksum 2720766398 [0m
W0108 23:00:38.705101 17709 logger_google.cpp:103] [44;37m Imp(2): PN8phxpaxos8InstanceE::ReceiveMsgForLearner [Learned] New paxos instance has started, Now.Proposer.InstanceID 7 Now.Acceptor.InstanceID 7 Now.Learner.InstanceID 7 [0m
W0108 23:00:38.705142 17709 logger_google.cpp:103] [44;37m Imp(2): PN8phxpaxos8ProposerE::OnAcceptReply END [0m
W0108 23:00:38.760077 17709 logger_google.cpp:103] [44;37m Imp(2): PN8phxpaxos7LearnerE::OnAskforLearn START Msg.InstanceID 7 Now.InstanceID 7 Msg.from_nodeid 1008806359480675175 MinChosenInstanceID 0 [0m
E0108 23:00:39.095137 17704 logger_google.cpp:99] STATUS(0): PN8phxpaxos7CleanerE::run sleep a while, max deleted instanceid 0 checkpoint instanceid (no checkpoint) now instanceid 6
E0108 23:00:39.275420 17707 logger_google.cpp:99] STATUS(1): PN8phxpaxos7CleanerE::run sleep a while, max deleted instanceid 0 checkpoint instanceid (no checkpoint) now instanceid 6
W0108 23:00:39.298424 17706 logger_google.cpp:103] [44;37m Imp(1): PN8phxpaxos7LearnerE::OnAskforLearn START Msg.InstanceID 6 Now.InstanceID 6 Msg.from_nodeid 936748765442747239 MinChosenInstanceID 0 [0m
W0108 23:00:39.404430 17703 logger_google.cpp:103] [44;37m Imp(0): PN8phxpaxos7LearnerE::OnAskforLearn START Msg.InstanceID 6 Now.InstanceID 6 Msg.from_nodeid 936748765442747239 MinChosenInstanceID 0 [0m
E0108 23:00:39.476267 17712 logger_google.cpp:99] STATUS(1): PN8phxpaxos9CommitterE::LogStatus wait threads 0 avg thread wait ms 0 reject rate 0
W0108 23:00:39.476505 17712 logger_google.cpp:103] [44;37m Imp(1): PN8phxpaxos9CommitCtxE::NewCommit OK, valuesize 27 [0m
W0108 23:00:39.476593 17706 logger_google.cpp:103] [44;37m Imp(1): PN8phxpaxos8ProposerE::NewValue skip prepare, directly start accept [0m
W0108 23:00:39.476636 17706 logger_google.cpp:103] [44;37m Imp(1): PN8phxpaxos8ProposerE::Accept START ProposalID 4 ValueSize 27 ValueLen 27 [0m
W0108 23:00:39.476666 17706 logger_google.cpp:103] [44;37m Imp(1): PN8phxpaxos8ProposerE::AddAcceptTimer timeoutms 2000 [0m
W0108 23:00:39.476687 17706 logger_google.cpp:103] [44;37m Imp(1): PN8phxpaxos8ProposerE::Accept END [0m
W0108 23:00:39.476774 17706 logger_google.cpp:103] [44;37m Imp(1): PN8phxpaxos8InstanceE::ChecksumLogic my last checksum 2170211572 other last checksum 2170211572 [0m
W0108 23:00:39.476799 17706 logger_google.cpp:103] [44;37m Imp(1): PN8phxpaxos8AcceptorE::OnAccept START Msg.InstanceID 6 Msg.from_nodeid 288230419101395815 Msg.ProposalID 4 Msg.ValueLen 27 [0m
W0108 23:00:39.476995 17706 logger_google.cpp:103] [44;37m Imp(1): PN8phxpaxos8AcceptorE::OnAccept END Now.InstanceID 6 ReplyNodeID 288230419101395815 [0m
W0108 23:00:39.477032 17706 logger_google.cpp:103] [44;37m Imp(1): PN8phxpaxos8ProposerE::OnAcceptReply START Msg.ProposalID 4 State.ProposalID 4 Msg.from_nodeid 288230419101395815 RejectByPromiseID 0 [0m
W0108 23:00:39.477063 17706 logger_google.cpp:103] [44;37m Imp(1): PN8phxpaxos8ProposerE::OnAcceptReply END [0m
W0108 23:00:39.481540 17706 logger_google.cpp:103] [44;37m Imp(1): PN8phxpaxos8ProposerE::OnAcceptReply START Msg.ProposalID 4 State.ProposalID 4 Msg.from_nodeid 792633577366891367 RejectByPromiseID 0 [0m
W0108 23:00:39.481626 17706 logger_google.cpp:103] [44;37m Imp(1): PN8phxpaxos8ProposerE::OnAcceptReply END [0m
W0108 23:00:39.500883 17706 logger_google.cpp:103] [44;37m Imp(1): PN8phxpaxos8ProposerE::OnAcceptReply START Msg.ProposalID 4 State.ProposalID 4 Msg.from_nodeid 3386706962732297063 RejectByPromiseID 0 [0m
W0108 23:00:39.500926 17706 logger_google.cpp:103] [44;37m Imp(1): PN8phxpaxos8ProposerE::OnAcceptReply END [0m
W0108 23:00:39.500993 17706 logger_google.cpp:103] [44;37m Imp(1): PN8phxpaxos8ProposerE::OnAcceptReply START Msg.ProposalID 4 State.ProposalID 4 Msg.from_nodeid 2954361398504729447 RejectByPromiseID 0 [0m
W0108 23:00:39.501022 17706 logger_google.cpp:103] [44;37m Imp(1): PN8phxpaxos8ProposerE::OnAcceptReply END [0m
E0108 23:00:39.529861 17710 logger_google.cpp:99] STATUS(2): PN8phxpaxos7CleanerE::run sleep a while, max deleted instanceid 0 checkpoint instanceid (no checkpoint) now instanceid 7
W0108 23:00:39.531476 17706 logger_google.cpp:103] [44;37m Imp(1): PN8phxpaxos8ProposerE::OnAcceptReply START Msg.ProposalID 4 State.ProposalID 4 Msg.from_nodeid 936748765442747239 RejectByPromiseID 0 [0m
W0108 23:00:39.531539 17706 logger_google.cpp:103] [44;37m Imp(1): PN8phxpaxos8InstanceE::ChecksumLogic my last checksum 2170211572 other last checksum 2170211572 [0m
W0108 23:00:39.531561 17706 logger_google.cpp:103] [44;37m Imp(1): PN8phxpaxos7LearnerE::OnProposerSendSuccess START Msg.InstanceID 6 Now.InstanceID 6 Msg.ProposalID 4 State.AcceptedID 4 State.AcceptedNodeID 288230419101395815, Msg.from_nodeid 288230419101395815 [0m
