Log file created at: 2021/01/08 23:00:25
Running on machine: SLOT1-4
Log line format: [IWEF]mmdd hh:mm:ss.uuuuuu threadid file:line] msg
E0108 23:00:25.508546 17698 logger_google.cpp:99] init_glog_warning_file
W0108 23:00:25.509827 17698 logger_google.cpp:103] [44;37m Imp(0): PN8phxpaxos8LogStoreE::RebuildIndex START fileid 0 offset 0 checksum 0 [0m
W0108 23:00:25.509938 17698 logger_google.cpp:103] [44;37m Imp(0): PN8phxpaxos8LogStoreE::Init ok, path /dev/shm/storage/paxoslog_0/g0/vfile fileid 0 meta checksum 0 nowfilesize 104857600 nowfilewriteoffset 0 [0m
W0108 23:00:25.510332 17698 logger_google.cpp:103] [44;37m Imp(1): PN8phxpaxos8LogStoreE::RebuildIndex START fileid 0 offset 0 checksum 0 [0m
W0108 23:00:25.510427 17698 logger_google.cpp:103] [44;37m Imp(1): PN8phxpaxos8LogStoreE::Init ok, path /dev/shm/storage/paxoslog_0/g1/vfile fileid 0 meta checksum 0 nowfilesize 104857600 nowfilewriteoffset 0 [0m
W0108 23:00:25.510807 17698 logger_google.cpp:103] [44;37m Imp(2): PN8phxpaxos8LogStoreE::RebuildIndex START fileid 0 offset 0 checksum 0 [0m
W0108 23:00:25.510900 17698 logger_google.cpp:103] [44;37m Imp(2): PN8phxpaxos8LogStoreE::Init ok, path /dev/shm/storage/paxoslog_0/g2/vfile fileid 0 meta checksum 0 nowfilesize 104857600 nowfilewriteoffset 0 [0m
W0108 23:00:25.511101 17698 logger_google.cpp:103] [44;37m Imp(0): PN8phxpaxos18MasterStateMachineE::Init OK, master nodeid 0 version 18446744073709551615 expiretime 0 [0m
W0108 23:00:25.511155 17698 logger_google.cpp:103] [44;37m Imp(1): PN8phxpaxos18MasterStateMachineE::Init OK, master nodeid 0 version 18446744073709551615 expiretime 0 [0m
W0108 23:00:25.511200 17698 logger_google.cpp:103] [44;37m Imp(2): PN8phxpaxos18MasterStateMachineE::Init OK, master nodeid 0 version 18446744073709551615 expiretime 0 [0m
W0108 23:00:25.511600 17699 logger_google.cpp:103] [44;37m Imp(0): PN8phxpaxos9SystemVSME::RefleshNodeID ip 10.0.0.13 port 11111 nodeid 936748765442747239 [0m
W0108 23:00:25.511636 17699 logger_google.cpp:103] [44;37m Imp(0): PN8phxpaxos9SystemVSME::RefleshNodeID ip 10.0.0.18 port 11111 nodeid 1297036735632386919 [0m
W0108 23:00:25.511653 17699 logger_google.cpp:103] [44;37m Imp(0): PN8phxpaxos9SystemVSME::RefleshNodeID ip 10.0.0.11 port 11111 nodeid 792633577366891367 [0m
W0108 23:00:25.511670 17699 logger_google.cpp:103] [44;37m Imp(0): PN8phxpaxos9SystemVSME::RefleshNodeID ip 10.0.0.39 port 11111 nodeid 2810246210428873575 [0m
W0108 23:00:25.511687 17699 logger_google.cpp:103] [44;37m Imp(0): PN8phxpaxos9SystemVSME::RefleshNodeID ip 10.0.0.14 port 11111 nodeid 1008806359480675175 [0m
W0108 23:00:25.511704 17699 logger_google.cpp:103] [44;37m Imp(0): PN8phxpaxos9SystemVSME::RefleshNodeID ip 10.0.0.41 port 11111 nodeid 2954361398504729447 [0m
W0108 23:00:25.511727 17699 logger_google.cpp:103] [44;37m Imp(0): PN8phxpaxos9SystemVSME::RefleshNodeID ip 10.0.0.47 port 11111 nodeid 3386706962732297063 [0m
W0108 23:00:25.511749 17699 logger_google.cpp:103] [44;37m Imp(0): PN8phxpaxos9SystemVSME::RefleshNodeID ip 10.0.0.4 port 11111 nodeid 288230419101395815 [0m
W0108 23:00:25.511837 17700 logger_google.cpp:103] [44;37m Imp(1): PN8phxpaxos9SystemVSME::RefleshNodeID ip 10.0.0.13 port 11111 nodeid 936748765442747239 [0m
W0108 23:00:25.511785 17699 logger_google.cpp:103] [44;37m Imp(0): PN8phxpaxos6ConfigE::Init OK [0m
W0108 23:00:25.511862 17700 logger_google.cpp:103] [44;37m Imp(1): PN8phxpaxos9SystemVSME::RefleshNodeID ip 10.0.0.18 port 11111 nodeid 1297036735632386919 [0m
W0108 23:00:25.511762 17701 logger_google.cpp:103] [44;37m Imp(2): PN8phxpaxos9SystemVSME::RefleshNodeID ip 10.0.0.13 port 11111 nodeid 936748765442747239 [0m
W0108 23:00:25.511932 17700 logger_google.cpp:103] [44;37m Imp(1): PN8phxpaxos9SystemVSME::RefleshNodeID ip 10.0.0.11 port 11111 nodeid 792633577366891367 [0m
W0108 23:00:25.511960 17700 logger_google.cpp:103] [44;37m Imp(1): PN8phxpaxos9SystemVSME::RefleshNodeID ip 10.0.0.39 port 11111 nodeid 2810246210428873575 [0m
E0108 23:00:25.511970 17699 logger_google.cpp:99] [41;37m ERR(0): PN8phxpaxos13AcceptorStateE::Load empty database [0m
W0108 23:00:25.511960 17701 logger_google.cpp:103] [44;37m Imp(2): PN8phxpaxos9SystemVSME::RefleshNodeID ip 10.0.0.18 port 11111 nodeid 1297036735632386919 [0m
W0108 23:00:25.511986 17700 logger_google.cpp:103] [44;37m Imp(1): PN8phxpaxos9SystemVSME::RefleshNodeID ip 10.0.0.14 port 11111 nodeid 1008806359480675175 [0m
E0108 23:00:25.512360 17699 logger_google.cpp:99] [41;37m ERR(0): PN8phxpaxos8DatabaseE::GetMinChosenInstanceID no min chosen instanceid [0m
W0108 23:00:25.512413 17700 logger_google.cpp:103] [44;37m Imp(1): PN8phxpaxos9SystemVSME::RefleshNodeID ip 10.0.0.41 port 11111 nodeid 2954361398504729447 [0m
W0108 23:00:25.512364 17701 logger_google.cpp:103] [44;37m Imp(2): PN8phxpaxos9SystemVSME::RefleshNodeID ip 10.0.0.11 port 11111 nodeid 792633577366891367 [0m
W0108 23:00:25.512501 17700 logger_google.cpp:103] [44;37m Imp(1): PN8phxpaxos9SystemVSME::RefleshNodeID ip 10.0.0.47 port 11111 nodeid 3386706962732297063 [0m
W0108 23:00:25.512586 17700 logger_google.cpp:103] [44;37m Imp(1): PN8phxpaxos9SystemVSME::RefleshNodeID ip 10.0.0.4 port 11111 nodeid 288230419101395815 [0m
W0108 23:00:25.512632 17700 logger_google.cpp:103] [44;37m Imp(1): PN8phxpaxos6ConfigE::Init OK [0m
E0108 23:00:25.512673 17700 logger_google.cpp:99] [41;37m ERR(1): PN8phxpaxos13AcceptorStateE::Load empty database [0m
W0108 23:00:25.512552 17701 logger_google.cpp:103] [44;37m Imp(2): PN8phxpaxos9SystemVSME::RefleshNodeID ip 10.0.0.39 port 11111 nodeid 2810246210428873575 [0m
E0108 23:00:25.512730 17700 logger_google.cpp:99] [41;37m ERR(1): PN8phxpaxos8DatabaseE::GetMinChosenInstanceID no min chosen instanceid [0m
W0108 23:00:25.512800 17701 logger_google.cpp:103] [44;37m Imp(2): PN8phxpaxos9SystemVSME::RefleshNodeID ip 10.0.0.14 port 11111 nodeid 1008806359480675175 [0m
W0108 23:00:25.512869 17701 logger_google.cpp:103] [44;37m Imp(2): PN8phxpaxos9SystemVSME::RefleshNodeID ip 10.0.0.41 port 11111 nodeid 2954361398504729447 [0m
W0108 23:00:25.512899 17701 logger_google.cpp:103] [44;37m Imp(2): PN8phxpaxos9SystemVSME::RefleshNodeID ip 10.0.0.47 port 11111 nodeid 3386706962732297063 [0m
W0108 23:00:25.512923 17701 logger_google.cpp:103] [44;37m Imp(2): PN8phxpaxos9SystemVSME::RefleshNodeID ip 10.0.0.4 port 11111 nodeid 288230419101395815 [0m
W0108 23:00:25.512949 17701 logger_google.cpp:103] [44;37m Imp(2): PN8phxpaxos6ConfigE::Init OK [0m
E0108 23:00:25.513000 17701 logger_google.cpp:99] [41;37m ERR(2): PN8phxpaxos13AcceptorStateE::Load empty database [0m
E0108 23:00:25.513051 17701 logger_google.cpp:99] [41;37m ERR(2): PN8phxpaxos8DatabaseE::GetMinChosenInstanceID no min chosen instanceid [0m
E0108 23:00:25.513392 17704 logger_google.cpp:99] STATUS(0): PN8phxpaxos7CleanerE::run sleep a while, max deleted instanceid 0 checkpoint instanceid (no checkpoint) now instanceid 0
E0108 23:00:25.513495 17707 logger_google.cpp:99] STATUS(1): PN8phxpaxos7CleanerE::run sleep a while, max deleted instanceid 0 checkpoint instanceid (no checkpoint) now instanceid 0
E0108 23:00:25.513645 17710 logger_google.cpp:99] STATUS(2): PN8phxpaxos7CleanerE::run sleep a while, max deleted instanceid 0 checkpoint instanceid (no checkpoint) now instanceid 0
W0108 23:00:25.513726 17711 logger_google.cpp:103] [44;37m Imp(0): PN8phxpaxos9CommitCtxE::NewCommit OK, valuesize 36 [0m
W0108 23:00:25.513752 17698 logger_google.cpp:103] [44;37m Imp: PN8phxpaxos5PNodeE::Init OK [0m
W0108 23:00:25.513893 17712 logger_google.cpp:103] [44;37m Imp(1): PN8phxpaxos9CommitCtxE::NewCommit OK, valuesize 36 [0m
W0108 23:00:25.513958 17703 logger_google.cpp:103] [44;37m Imp(0): PN8phxpaxos8ProposerE::Prepare START Now.InstanceID 0 MyNodeID 288230419101395815 State.ProposalID 1 State.ValueLen 36 [0m
W0108 23:00:25.513980 17713 logger_google.cpp:103] [44;37m Imp(2): PN8phxpaxos9CommitCtxE::NewCommit OK, valuesize 35 [0m
W0108 23:00:25.514055 17703 logger_google.cpp:103] [44;37m Imp(0): PN8phxpaxos8ProposerE::AddPrepareTimer timeoutms 2000 [0m
W0108 23:00:25.514201 17703 logger_google.cpp:103] [44;37m Imp(0): PN8phxpaxos8ProposerE::Prepare END OK [0m
W0108 23:00:25.514400 17706 logger_google.cpp:103] [44;37m Imp(1): PN8phxpaxos8ProposerE::Prepare START Now.InstanceID 0 MyNodeID 288230419101395815 State.ProposalID 1 State.ValueLen 36 [0m
W0108 23:00:25.514469 17716 logger_google.cpp:103] [44;37m Imp: PN8phxpaxos11TcpAcceptorE::run start accept... [0m
W0108 23:00:25.514463 17709 logger_google.cpp:103] [44;37m Imp(2): PN8phxpaxos8ProposerE::Prepare START Now.InstanceID 0 MyNodeID 288230419101395815 State.ProposalID 1 State.ValueLen 35 [0m
W0108 23:00:25.514497 17703 logger_google.cpp:103] [44;37m Imp(0): PN8phxpaxos8AcceptorE::OnPrepare START Msg.InstanceID 0 Msg.from_nodeid 288230419101395815 Msg.ProposalID 1 [0m
W0108 23:00:25.514567 17709 logger_google.cpp:103] [44;37m Imp(2): PN8phxpaxos8ProposerE::AddPrepareTimer timeoutms 2000 [0m
W0108 23:00:25.514653 17709 logger_google.cpp:103] [44;37m Imp(2): PN8phxpaxos8ProposerE::Prepare END OK [0m
W0108 23:00:25.514694 17709 logger_google.cpp:103] [44;37m Imp(2): PN8phxpaxos8AcceptorE::OnPrepare START Msg.InstanceID 0 Msg.from_nodeid 288230419101395815 Msg.ProposalID 1 [0m
W0108 23:00:25.514475 17706 logger_google.cpp:103] [44;37m Imp(1): PN8phxpaxos8ProposerE::AddPrepareTimer timeoutms 2000 [0m
W0108 23:00:25.514801 17706 logger_google.cpp:103] [44;37m Imp(1): PN8phxpaxos8ProposerE::Prepare END OK [0m
W0108 23:00:25.514883 17706 logger_google.cpp:103] [44;37m Imp(1): PN8phxpaxos8AcceptorE::OnPrepare START Msg.InstanceID 0 Msg.from_nodeid 288230419101395815 Msg.ProposalID 1 [0m
W0108 23:00:25.514889 17703 logger_google.cpp:103] [44;37m Imp(0): PN8phxpaxos8AcceptorE::OnPrepare END Now.InstanceID 0 ReplyNodeID 288230419101395815 [0m
W0108 23:00:25.514938 17709 logger_google.cpp:103] [44;37m Imp(2): PN8phxpaxos8AcceptorE::OnPrepare END Now.InstanceID 0 ReplyNodeID 288230419101395815 [0m
W0108 23:00:25.515054 17709 logger_google.cpp:103] [44;37m Imp(2): PN8phxpaxos8ProposerE::OnPrepareReply START Msg.ProposalID 1 State.ProposalID 1 Msg.from_nodeid 288230419101395815 RejectByPromiseID 0 [0m
W0108 23:00:25.515064 17703 logger_google.cpp:103] [44;37m Imp(0): PN8phxpaxos8ProposerE::OnPrepareReply START Msg.ProposalID 1 State.ProposalID 1 Msg.from_nodeid 288230419101395815 RejectByPromiseID 0 [0m
W0108 23:00:25.515100 17706 logger_google.cpp:103] [44;37m Imp(1): PN8phxpaxos8AcceptorE::OnPrepare END Now.InstanceID 0 ReplyNodeID 288230419101395815 [0m
W0108 23:00:25.515220 17709 logger_google.cpp:103] [44;37m Imp(2): PN8phxpaxos8ProposerE::OnPrepareReply END [0m
W0108 23:00:25.515223 17706 logger_google.cpp:103] [44;37m Imp(1): PN8phxpaxos8ProposerE::OnPrepareReply START Msg.ProposalID 1 State.ProposalID 1 Msg.from_nodeid 288230419101395815 RejectByPromiseID 0 [0m
W0108 23:00:25.515348 17703 logger_google.cpp:103] [44;37m Imp(0): PN8phxpaxos8ProposerE::OnPrepareReply END [0m
W0108 23:00:25.515359 17706 logger_google.cpp:103] [44;37m Imp(1): PN8phxpaxos8ProposerE::OnPrepareReply END [0m
W0108 23:00:25.519709 17709 logger_google.cpp:103] [44;37m Imp(2): PN8phxpaxos8ProposerE::OnPrepareReply START Msg.ProposalID 1 State.ProposalID 1 Msg.from_nodeid 792633577366891367 RejectByPromiseID 3 [0m
W0108 23:00:25.519834 17709 logger_google.cpp:103] [44;37m Imp(2): PN8phxpaxos8ProposerE::OnPrepareReply END [0m
W0108 23:00:25.520042 17703 logger_google.cpp:103] [44;37m Imp(0): PN8phxpaxos8ProposerE::OnPrepareReply START Msg.ProposalID 1 State.ProposalID 1 Msg.from_nodeid 792633577366891367 RejectByPromiseID 3 [0m
W0108 23:00:25.520081 17703 logger_google.cpp:103] [44;37m Imp(0): PN8phxpaxos8ProposerE::OnPrepareReply END [0m
W0108 23:00:25.520154 17706 logger_google.cpp:103] [44;37m Imp(1): PN8phxpaxos8ProposerE::OnPrepareReply START Msg.ProposalID 1 State.ProposalID 1 Msg.from_nodeid 792633577366891367 RejectByPromiseID 3 [0m
W0108 23:00:25.520201 17706 logger_google.cpp:103] [44;37m Imp(1): PN8phxpaxos8ProposerE::OnPrepareReply END [0m
W0108 23:00:25.535233 17709 logger_google.cpp:103] [44;37m Imp(2): PN8phxpaxos7LearnerE::OnAskforLearn START Msg.InstanceID 0 Now.InstanceID 0 Msg.from_nodeid 2954361398504729447 MinChosenInstanceID 0 [0m
W0108 23:00:25.535516 17706 logger_google.cpp:103] [44;37m Imp(1): PN8phxpaxos7LearnerE::OnAskforLearn START Msg.InstanceID 0 Now.InstanceID 0 Msg.from_nodeid 2954361398504729447 MinChosenInstanceID 0 [0m
W0108 23:00:25.535688 17703 logger_google.cpp:103] [44;37m Imp(0): PN8phxpaxos7LearnerE::OnAskforLearn START Msg.InstanceID 0 Now.InstanceID 0 Msg.from_nodeid 2954361398504729447 MinChosenInstanceID 0 [0m
W0108 23:00:25.539556 17709 logger_google.cpp:103] [44;37m Imp(2): PN8phxpaxos8ProposerE::OnPrepareReply START Msg.ProposalID 1 State.ProposalID 1 Msg.from_nodeid 2954361398504729447 RejectByPromiseID 3 [0m
W0108 23:00:25.539615 17709 logger_google.cpp:103] [44;37m Imp(2): PN8phxpaxos8ProposerE::OnPrepareReply END [0m
W0108 23:00:25.539665 17709 logger_google.cpp:103] [44;37m Imp(2): PN8phxpaxos7LearnerE::OnAskforLearn START Msg.InstanceID 0 Now.InstanceID 0 Msg.from_nodeid 2954361398504729447 MinChosenInstanceID 0 [0m
W0108 23:00:25.539741 17703 logger_google.cpp:103] [44;37m Imp(0): PN8phxpaxos8ProposerE::OnPrepareReply START Msg.ProposalID 1 State.ProposalID 1 Msg.from_nodeid 2954361398504729447 RejectByPromiseID 3 [0m
W0108 23:00:25.539784 17703 logger_google.cpp:103] [44;37m Imp(0): PN8phxpaxos8ProposerE::OnPrepareReply END [0m
W0108 23:00:25.539891 17703 logger_google.cpp:103] [44;37m Imp(0): PN8phxpaxos7LearnerE::OnAskforLearn START Msg.InstanceID 0 Now.InstanceID 0 Msg.from_nodeid 2954361398504729447 MinChosenInstanceID 0 [0m
W0108 23:00:25.540057 17706 logger_google.cpp:103] [44;37m Imp(1): PN8phxpaxos8ProposerE::OnPrepareReply START Msg.ProposalID 1 State.ProposalID 1 Msg.from_nodeid 2954361398504729447 RejectByPromiseID 3 [0m
W0108 23:00:25.540217 17706 logger_google.cpp:103] [44;37m Imp(1): PN8phxpaxos8ProposerE::OnPrepareReply END [0m
W0108 23:00:25.570145 17706 logger_google.cpp:103] [44;37m Imp(1): PN8phxpaxos8ProposerE::OnPrepareReply START Msg.ProposalID 1 State.ProposalID 1 Msg.from_nodeid 1297036735632386919 RejectByPromiseID 3 [0m
W0108 23:00:25.570300 17706 logger_google.cpp:103] [44;37m Imp(1): PN8phxpaxos8ProposerE::OnPrepareReply END [0m
W0108 23:00:25.570365 17709 logger_google.cpp:103] [44;37m Imp(2): PN8phxpaxos8ProposerE::OnPrepareReply START Msg.ProposalID 1 State.ProposalID 1 Msg.from_nodeid 1297036735632386919 RejectByPromiseID 3 [0m
W0108 23:00:25.570438 17709 logger_google.cpp:103] [44;37m Imp(2): PN8phxpaxos8ProposerE::OnPrepareReply END [0m
W0108 23:00:25.570483 17703 logger_google.cpp:103] [44;37m Imp(0): PN8phxpaxos8ProposerE::OnPrepareReply START Msg.ProposalID 1 State.ProposalID 1 Msg.from_nodeid 1297036735632386919 RejectByPromiseID 3 [0m
W0108 23:00:25.570526 17703 logger_google.cpp:103] [44;37m Imp(0): PN8phxpaxos8ProposerE::OnPrepareReply END [0m
W0108 23:00:25.576721 17706 logger_google.cpp:103] [44;37m Imp(1): PN8phxpaxos7LearnerE::OnAskforLearn START Msg.InstanceID 0 Now.InstanceID 0 Msg.from_nodeid 2810246210428873575 MinChosenInstanceID 0 [0m
W0108 23:00:25.576884 17706 logger_google.cpp:103] [44;37m Imp(1): PN8phxpaxos7LearnerE::OnAskforLearn START Msg.InstanceID 0 Now.InstanceID 0 Msg.from_nodeid 2810246210428873575 MinChosenInstanceID 0 [0m
W0108 23:00:25.576959 17703 logger_google.cpp:103] [44;37m Imp(0): PN8phxpaxos7LearnerE::OnAskforLearn START Msg.InstanceID 0 Now.InstanceID 0 Msg.from_nodeid 2810246210428873575 MinChosenInstanceID 0 [0m
W0108 23:00:25.577006 17709 logger_google.cpp:103] [44;37m Imp(2): PN8phxpaxos7LearnerE::OnAskforLearn START Msg.InstanceID 0 Now.InstanceID 0 Msg.from_nodeid 2810246210428873575 MinChosenInstanceID 0 [0m
W0108 23:00:25.577062 17709 logger_google.cpp:103] [44;37m Imp(2): PN8phxpaxos7LearnerE::OnAskforLearn START Msg.InstanceID 0 Now.InstanceID 0 Msg.from_nodeid 2810246210428873575 MinChosenInstanceID 0 [0m
W0108 23:00:25.580358 17706 logger_google.cpp:103] [44;37m Imp(1): PN8phxpaxos8ProposerE::OnPrepareReply START Msg.ProposalID 1 State.ProposalID 1 Msg.from_nodeid 2810246210428873575 RejectByPromiseID 3 [0m
W0108 23:00:25.580453 17706 logger_google.cpp:103] [44;37m Imp(1): PN8phxpaxos8ProposerE::OnPrepareReply END [0m
W0108 23:00:25.580364 17709 logger_google.cpp:103] [44;37m Imp(2): PN8phxpaxos8ProposerE::OnPrepareReply START Msg.ProposalID 1 State.ProposalID 1 Msg.from_nodeid 2810246210428873575 RejectByPromiseID 3 [0m
W0108 23:00:25.580611 17709 logger_google.cpp:103] [44;37m Imp(2): PN8phxpaxos8ProposerE::OnPrepareReply END [0m
W0108 23:00:25.580616 17703 logger_google.cpp:103] [44;37m Imp(0): PN8phxpaxos8ProposerE::OnPrepareReply START Msg.ProposalID 1 State.ProposalID 1 Msg.from_nodeid 2810246210428873575 RejectByPromiseID 3 [0m
W0108 23:00:25.580700 17703 logger_google.cpp:103] [44;37m Imp(0): PN8phxpaxos8ProposerE::OnPrepareReply END [0m
W0108 23:00:25.580752 17703 logger_google.cpp:103] [44;37m Imp(0): PN8phxpaxos7LearnerE::OnAskforLearn START Msg.InstanceID 0 Now.InstanceID 0 Msg.from_nodeid 2810246210428873575 MinChosenInstanceID 0 [0m
W0108 23:00:25.588398 17703 logger_google.cpp:103] [44;37m Imp(0): PN8phxpaxos7LearnerE::OnAskforLearn START Msg.InstanceID 0 Now.InstanceID 0 Msg.from_nodeid 792633577366891367 MinChosenInstanceID 0 [0m
W0108 23:00:25.588572 17703 logger_google.cpp:103] [44;37m Imp(0): PN8phxpaxos7LearnerE::OnAskforLearn START Msg.InstanceID 0 Now.InstanceID 0 Msg.from_nodeid 792633577366891367 MinChosenInstanceID 0 [0m
W0108 23:00:25.588403 17706 logger_google.cpp:103] [44;37m Imp(1): PN8phxpaxos7LearnerE::OnAskforLearn START Msg.InstanceID 0 Now.InstanceID 0 Msg.from_nodeid 792633577366891367 MinChosenInstanceID 0 [0m
W0108 23:00:25.588701 17706 logger_google.cpp:103] [44;37m Imp(1): PN8phxpaxos7LearnerE::OnAskforLearn START Msg.InstanceID 0 Now.InstanceID 0 Msg.from_nodeid 792633577366891367 MinChosenInstanceID 0 [0m
W0108 23:00:25.588714 17709 logger_google.cpp:103] [44;37m Imp(2): PN8phxpaxos7LearnerE::OnAskforLearn START Msg.InstanceID 0 Now.InstanceID 0 Msg.from_nodeid 792633577366891367 MinChosenInstanceID 0 [0m
W0108 23:00:25.588781 17709 logger_google.cpp:103] [44;37m Imp(2): PN8phxpaxos7LearnerE::OnAskforLearn START Msg.InstanceID 0 Now.InstanceID 0 Msg.from_nodeid 792633577366891367 MinChosenInstanceID 0 [0m
W0108 23:00:25.590564 17706 logger_google.cpp:103] [44;37m Imp(1): PN8phxpaxos7LearnerE::OnAskforLearn START Msg.InstanceID 0 Now.InstanceID 0 Msg.from_nodeid 1297036735632386919 MinChosenInstanceID 0 [0m
W0108 23:00:25.590698 17706 logger_google.cpp:103] [44;37m Imp(1): PN8phxpaxos7LearnerE::OnAskforLearn START Msg.InstanceID 0 Now.InstanceID 0 Msg.from_nodeid 1297036735632386919 MinChosenInstanceID 0 [0m
W0108 23:00:25.590768 17703 logger_google.cpp:103] [44;37m Imp(0): PN8phxpaxos7LearnerE::OnAskforLearn START Msg.InstanceID 0 Now.InstanceID 0 Msg.from_nodeid 1297036735632386919 MinChosenInstanceID 0 [0m
W0108 23:00:25.590826 17709 logger_google.cpp:103] [44;37m Imp(2): PN8phxpaxos7LearnerE::OnAskforLearn START Msg.InstanceID 0 Now.InstanceID 0 Msg.from_nodeid 1297036735632386919 MinChosenInstanceID 0 [0m
W0108 23:00:25.590891 17703 logger_google.cpp:103] [44;37m Imp(0): PN8phxpaxos7LearnerE::OnAskforLearn START Msg.InstanceID 0 Now.InstanceID 0 Msg.from_nodeid 1297036735632386919 MinChosenInstanceID 0 [0m
E0108 23:00:26.055714 17707 logger_google.cpp:99] STATUS(1): PN8phxpaxos7CleanerE::run sleep a while, max deleted instanceid 0 checkpoint instanceid (no checkpoint) now instanceid 0
E0108 23:00:26.263823 17710 logger_google.cpp:99] STATUS(2): PN8phxpaxos7CleanerE::run sleep a while, max deleted instanceid 0 checkpoint instanceid (no checkpoint) now instanceid 0
E0108 23:00:26.373629 17704 logger_google.cpp:99] STATUS(0): PN8phxpaxos7CleanerE::run sleep a while, max deleted instanceid 0 checkpoint instanceid (no checkpoint) now instanceid 0
W0108 23:00:26.570744 17709 logger_google.cpp:103] [44;37m Imp(2): PN8phxpaxos7LearnerE::OnAskforLearn START Msg.InstanceID 0 Now.InstanceID 0 Msg.from_nodeid 1297036735632386919 MinChosenInstanceID 0 [0m
W0108 23:00:26.571579 17706 logger_google.cpp:103] [44;37m Imp(1): PN8phxpaxos7LearnerE::OnAskforLearn START Msg.InstanceID 0 Now.InstanceID 0 Msg.from_nodeid 2954361398504729447 MinChosenInstanceID 0 [0m
E0108 23:00:26.790019 17710 logger_google.cpp:99] STATUS(2): PN8phxpaxos7CleanerE::run sleep a while, max deleted instanceid 0 checkpoint instanceid (no checkpoint) now instanceid 0
E0108 23:00:26.890059 17707 logger_google.cpp:99] STATUS(1): PN8phxpaxos7CleanerE::run sleep a while, max deleted instanceid 0 checkpoint instanceid (no checkpoint) now instanceid 0
E0108 23:00:27.194823 17704 logger_google.cpp:99] STATUS(0): PN8phxpaxos7CleanerE::run sleep a while, max deleted instanceid 0 checkpoint instanceid (no checkpoint) now instanceid 0
E0108 23:00:27.436343 17710 logger_google.cpp:99] STATUS(2): PN8phxpaxos7CleanerE::run sleep a while, max deleted instanceid 0 checkpoint instanceid (no checkpoint) now instanceid 0
W0108 23:00:27.571079 17709 logger_google.cpp:103] [44;37m Imp(2): PN8phxpaxos8ProposerE::OnPrepareTimeout OK [0m
W0108 23:00:27.571238 17709 logger_google.cpp:103] [44;37m Imp(2): PN8phxpaxos8ProposerE::Prepare START Now.InstanceID 0 MyNodeID 288230419101395815 State.ProposalID 1 State.ValueLen 35 [0m
W0108 23:00:27.571290 17709 logger_google.cpp:103] [44;37m Imp(2): PN8phxpaxos13ProposerStateE::NewPrepare START ProposalID 1 HighestOther 3 MyNodeID 288230419101395815 [0m
W0108 23:00:27.571310 17709 logger_google.cpp:103] [44;37m Imp(2): PN8phxpaxos13ProposerStateE::NewPrepare END New.ProposalID 4 [0m
W0108 23:00:27.571334 17709 logger_google.cpp:103] [44;37m Imp(2): PN8phxpaxos8ProposerE::AddPrepareTimer timeoutms 4000 [0m
W0108 23:00:27.571354 17709 logger_google.cpp:103] [44;37m Imp(2): PN8phxpaxos8ProposerE::Prepare END OK [0m
W0108 23:00:27.571408 17709 logger_google.cpp:103] [44;37m Imp(2): PN8phxpaxos8AcceptorE::OnPrepare START Msg.InstanceID 0 Msg.from_nodeid 288230419101395815 Msg.ProposalID 4 [0m
W0108 23:00:27.571497 17709 logger_google.cpp:103] [44;37m Imp(2): PN8phxpaxos8AcceptorE::OnPrepare END Now.InstanceID 0 ReplyNodeID 288230419101395815 [0m
W0108 23:00:27.571532 17709 logger_google.cpp:103] [44;37m Imp(2): PN8phxpaxos8ProposerE::OnPrepareReply START Msg.ProposalID 4 State.ProposalID 4 Msg.from_nodeid 288230419101395815 RejectByPromiseID 0 [0m
W0108 23:00:27.571569 17709 logger_google.cpp:103] [44;37m Imp(2): PN8phxpaxos8ProposerE::OnPrepareReply END [0m
W0108 23:00:27.571655 17709 logger_google.cpp:103] [44;37m Imp(2): PN8phxpaxos7LearnerE::OnAskforLearn START Msg.InstanceID 0 Now.InstanceID 0 Msg.from_nodeid 792633577366891367 MinChosenInstanceID 0 [0m
W0108 23:00:27.571768 17706 logger_google.cpp:103] [44;37m Imp(1): PN8phxpaxos8ProposerE::OnPrepareTimeout OK [0m
W0108 23:00:27.571813 17706 logger_google.cpp:103] [44;37m Imp(1): PN8phxpaxos8ProposerE::Prepare START Now.InstanceID 0 MyNodeID 288230419101395815 State.ProposalID 1 State.ValueLen 36 [0m
W0108 23:00:27.571841 17706 logger_google.cpp:103] [44;37m Imp(1): PN8phxpaxos13ProposerStateE::NewPrepare START ProposalID 1 HighestOther 3 MyNodeID 288230419101395815 [0m
W0108 23:00:27.571859 17706 logger_google.cpp:103] [44;37m Imp(1): PN8phxpaxos13ProposerStateE::NewPrepare END New.ProposalID 4 [0m
W0108 23:00:27.571883 17706 logger_google.cpp:103] [44;37m Imp(1): PN8phxpaxos8ProposerE::AddPrepareTimer timeoutms 4000 [0m
W0108 23:00:27.571902 17706 logger_google.cpp:103] [44;37m Imp(1): PN8phxpaxos8ProposerE::Prepare END OK [0m
W0108 23:00:27.571936 17706 logger_google.cpp:103] [44;37m Imp(1): PN8phxpaxos8AcceptorE::OnPrepare START Msg.InstanceID 0 Msg.from_nodeid 288230419101395815 Msg.ProposalID 4 [0m
W0108 23:00:27.572078 17706 logger_google.cpp:103] [44;37m Imp(1): PN8phxpaxos8AcceptorE::OnPrepare END Now.InstanceID 0 ReplyNodeID 288230419101395815 [0m
W0108 23:00:27.572115 17706 logger_google.cpp:103] [44;37m Imp(1): PN8phxpaxos8ProposerE::OnPrepareReply START Msg.ProposalID 4 State.ProposalID 4 Msg.from_nodeid 288230419101395815 RejectByPromiseID 0 [0m
W0108 23:00:27.572154 17706 logger_google.cpp:103] [44;37m Imp(1): PN8phxpaxos8ProposerE::OnPrepareReply END [0m
W0108 23:00:27.572229 17706 logger_google.cpp:103] [44;37m Imp(1): PN8phxpaxos7LearnerE::OnAskforLearn START Msg.InstanceID 0 Now.InstanceID 0 Msg.from_nodeid 792633577366891367 MinChosenInstanceID 0 [0m
W0108 23:00:27.576217 17709 logger_google.cpp:103] [44;37m Imp(2): PN8phxpaxos8ProposerE::OnPrepareReply START Msg.ProposalID 4 State.ProposalID 4 Msg.from_nodeid 792633577366891367 RejectByPromiseID 0 [0m
W0108 23:00:27.576270 17709 logger_google.cpp:103] [44;37m Imp(2): PN8phxpaxos8ProposerE::OnPrepareReply END [0m
W0108 23:00:27.576591 17706 logger_google.cpp:103] [44;37m Imp(1): PN8phxpaxos8ProposerE::OnPrepareReply START Msg.ProposalID 4 State.ProposalID 4 Msg.from_nodeid 792633577366891367 RejectByPromiseID 0 [0m
W0108 23:00:27.576661 17706 logger_google.cpp:103] [44;37m Imp(1): PN8phxpaxos8ProposerE::OnPrepareReply END [0m
W0108 23:00:27.591217 17703 logger_google.cpp:103] [44;37m Imp(0): PN8phxpaxos8ProposerE::OnPrepareTimeout OK [0m
W0108 23:00:27.591428 17703 logger_google.cpp:103] [44;37m Imp(0): PN8phxpaxos8ProposerE::Prepare START Now.InstanceID 0 MyNodeID 288230419101395815 State.ProposalID 1 State.ValueLen 36 [0m
W0108 23:00:27.591470 17703 logger_google.cpp:103] [44;37m Imp(0): PN8phxpaxos13ProposerStateE::NewPrepare START ProposalID 1 HighestOther 3 MyNodeID 288230419101395815 [0m
W0108 23:00:27.591492 17703 logger_google.cpp:103] [44;37m Imp(0): PN8phxpaxos13ProposerStateE::NewPrepare END New.ProposalID 4 [0m
W0108 23:00:27.591516 17703 logger_google.cpp:103] [44;37m Imp(0): PN8phxpaxos8ProposerE::AddPrepareTimer timeoutms 4000 [0m
W0108 23:00:27.591534 17703 logger_google.cpp:103] [44;37m Imp(0): PN8phxpaxos8ProposerE::Prepare END OK [0m
W0108 23:00:27.591567 17703 logger_google.cpp:103] [44;37m Imp(0): PN8phxpaxos8AcceptorE::OnPrepare START Msg.InstanceID 0 Msg.from_nodeid 288230419101395815 Msg.ProposalID 4 [0m
W0108 23:00:27.591639 17703 logger_google.cpp:103] [44;37m Imp(0): PN8phxpaxos8AcceptorE::OnPrepare END Now.InstanceID 0 ReplyNodeID 288230419101395815 [0m
W0108 23:00:27.591672 17703 logger_google.cpp:103] [44;37m Imp(0): PN8phxpaxos8ProposerE::OnPrepareReply START Msg.ProposalID 4 State.ProposalID 4 Msg.from_nodeid 288230419101395815 RejectByPromiseID 0 [0m
W0108 23:00:27.591708 17703 logger_google.cpp:103] [44;37m Imp(0): PN8phxpaxos8ProposerE::OnPrepareReply END [0m
W0108 23:00:27.596007 17709 logger_google.cpp:103] [44;37m Imp(2): PN8phxpaxos8ProposerE::OnPrepareReply START Msg.ProposalID 4 State.ProposalID 4 Msg.from_nodeid 2954361398504729447 RejectByPromiseID 0 [0m
W0108 23:00:27.596053 17709 logger_google.cpp:103] [44;37m Imp(2): PN8phxpaxos8ProposerE::OnPrepareReply END [0m
W0108 23:00:27.596274 17706 logger_google.cpp:103] [44;37m Imp(1): PN8phxpaxos8ProposerE::OnPrepareReply START Msg.ProposalID 4 State.ProposalID 4 Msg.from_nodeid 2954361398504729447 RejectByPromiseID 0 [0m
W0108 23:00:27.596323 17706 logger_google.cpp:103] [44;37m Imp(1): PN8phxpaxos8ProposerE::OnPrepareReply END [0m
W0108 23:00:27.596453 17703 logger_google.cpp:103] [44;37m Imp(0): PN8phxpaxos8ProposerE::OnPrepareReply START Msg.ProposalID 4 State.ProposalID 4 Msg.from_nodeid 792633577366891367 RejectByPromiseID 0 [0m
W0108 23:00:27.596505 17703 logger_google.cpp:103] [44;37m Imp(0): PN8phxpaxos8ProposerE::OnPrepareReply END [0m
W0108 23:00:27.615928 17703 logger_google.cpp:103] [44;37m Imp(0): PN8phxpaxos8ProposerE::OnPrepareReply START Msg.ProposalID 4 State.ProposalID 4 Msg.from_nodeid 2954361398504729447 RejectByPromiseID 0 [0m
W0108 23:00:27.615978 17703 logger_google.cpp:103] [44;37m Imp(0): PN8phxpaxos8ProposerE::OnPrepareReply END [0m
W0108 23:00:27.626595 17709 logger_google.cpp:103] [44;37m Imp(2): PN8phxpaxos8ProposerE::OnPrepareReply START Msg.ProposalID 4 State.ProposalID 4 Msg.from_nodeid 1297036735632386919 RejectByPromiseID 0 [0m
W0108 23:00:27.626794 17709 logger_google.cpp:103] [44;37m Imp(2): PN8phxpaxos8ProposerE::OnPrepareReply END [0m
W0108 23:00:27.626857 17706 logger_google.cpp:103] [44;37m Imp(1): PN8phxpaxos8ProposerE::OnPrepareReply START Msg.ProposalID 4 State.ProposalID 4 Msg.from_nodeid 1297036735632386919 RejectByPromiseID 0 [0m
W0108 23:00:27.626966 17706 logger_google.cpp:103] [44;37m Imp(1): PN8phxpaxos8ProposerE::OnPrepareReply END [0m
W0108 23:00:27.636552 17709 logger_google.cpp:103] [44;37m Imp(2): PN8phxpaxos8ProposerE::OnPrepareReply START Msg.ProposalID 4 State.ProposalID 4 Msg.from_nodeid 2810246210428873575 RejectByPromiseID 0 [0m
W0108 23:00:27.636762 17709 logger_google.cpp:103] [44;37m Imp(2): PN8phxpaxos8ProposerE::Accept START ProposalID 4 ValueSize 35 ValueLen 35 [0m
W0108 23:00:27.636798 17709 logger_google.cpp:103] [44;37m Imp(2): PN8phxpaxos8ProposerE::AddAcceptTimer timeoutms 8000 [0m
W0108 23:00:27.636821 17709 logger_google.cpp:103] [44;37m Imp(2): PN8phxpaxos8ProposerE::Accept END [0m
W0108 23:00:27.636895 17709 logger_google.cpp:103] [44;37m Imp(2): PN8phxpaxos8AcceptorE::OnAccept START Msg.InstanceID 0 Msg.from_nodeid 288230419101395815 Msg.ProposalID 4 Msg.ValueLen 35 [0m
W0108 23:00:27.636976 17709 logger_google.cpp:103] [44;37m Imp(2): PN8phxpaxos8AcceptorE::OnAccept END Now.InstanceID 0 ReplyNodeID 288230419101395815 [0m
W0108 23:00:27.637010 17709 logger_google.cpp:103] [44;37m Imp(2): PN8phxpaxos8ProposerE::OnAcceptReply START Msg.ProposalID 4 State.ProposalID 4 Msg.from_nodeid 288230419101395815 RejectByPromiseID 0 [0m
W0108 23:00:27.637063 17709 logger_google.cpp:103] [44;37m Imp(2): PN8phxpaxos8ProposerE::OnAcceptReply END [0m
W0108 23:00:27.637090 17709 logger_google.cpp:103] [44;37m Imp(2): PN8phxpaxos8ProposerE::OnPrepareReply END [0m
W0108 23:00:27.637100 17706 logger_google.cpp:103] [44;37m Imp(1): PN8phxpaxos8ProposerE::OnPrepareReply START Msg.ProposalID 4 State.ProposalID 4 Msg.from_nodeid 2810246210428873575 RejectByPromiseID 0 [0m
W0108 23:00:27.637171 17706 logger_google.cpp:103] [44;37m Imp(1): PN8phxpaxos8ProposerE::Accept START ProposalID 4 ValueSize 36 ValueLen 36 [0m
W0108 23:00:27.637194 17706 logger_google.cpp:103] [44;37m Imp(1): PN8phxpaxos8ProposerE::AddAcceptTimer timeoutms 8000 [0m
W0108 23:00:27.637214 17706 logger_google.cpp:103] [44;37m Imp(1): PN8phxpaxos8ProposerE::Accept END [0m
W0108 23:00:27.637265 17706 logger_google.cpp:103] [44;37m Imp(1): PN8phxpaxos8AcceptorE::OnAccept START Msg.InstanceID 0 Msg.from_nodeid 288230419101395815 Msg.ProposalID 4 Msg.ValueLen 36 [0m
W0108 23:00:27.637360 17706 logger_google.cpp:103] [44;37m Imp(1): PN8phxpaxos8AcceptorE::OnAccept END Now.InstanceID 0 ReplyNodeID 288230419101395815 [0m
W0108 23:00:27.637393 17706 logger_google.cpp:103] [44;37m Imp(1): PN8phxpaxos8ProposerE::OnAcceptReply START Msg.ProposalID 4 State.ProposalID 4 Msg.from_nodeid 288230419101395815 RejectByPromiseID 0 [0m
W0108 23:00:27.637421 17706 logger_google.cpp:103] [44;37m Imp(1): PN8phxpaxos8ProposerE::OnAcceptReply END [0m
W0108 23:00:27.637440 17706 logger_google.cpp:103] [44;37m Imp(1): PN8phxpaxos8ProposerE::OnPrepareReply END [0m
W0108 23:00:27.641638 17709 logger_google.cpp:103] [44;37m Imp(2): PN8phxpaxos8ProposerE::OnAcceptReply START Msg.ProposalID 4 State.ProposalID 4 Msg.from_nodeid 792633577366891367 RejectByPromiseID 0 [0m
W0108 23:00:27.641687 17706 logger_google.cpp:103] [44;37m Imp(1): PN8phxpaxos8ProposerE::OnAcceptReply START Msg.ProposalID 4 State.ProposalID 4 Msg.from_nodeid 792633577366891367 RejectByPromiseID 0 [0m
W0108 23:00:27.641688 17709 logger_google.cpp:103] [44;37m Imp(2): PN8phxpaxos8ProposerE::OnAcceptReply END [0m
W0108 23:00:27.641813 17706 logger_google.cpp:103] [44;37m Imp(1): PN8phxpaxos8ProposerE::OnAcceptReply END [0m
W0108 23:00:27.646420 17703 logger_google.cpp:103] [44;37m Imp(0): PN8phxpaxos8ProposerE::OnPrepareReply START Msg.ProposalID 4 State.ProposalID 4 Msg.from_nodeid 1297036735632386919 RejectByPromiseID 0 [0m
W0108 23:00:27.646488 17703 logger_google.cpp:103] [44;37m Imp(0): PN8phxpaxos8ProposerE::OnPrepareReply END [0m
W0108 23:00:27.656639 17703 logger_google.cpp:103] [44;37m Imp(0): PN8phxpaxos8ProposerE::OnPrepareReply START Msg.ProposalID 4 State.ProposalID 4 Msg.from_nodeid 2810246210428873575 RejectByPromiseID 0 [0m
W0108 23:00:27.656778 17703 logger_google.cpp:103] [44;37m Imp(0): PN8phxpaxos8ProposerE::Accept START ProposalID 4 ValueSize 36 ValueLen 36 [0m
W0108 23:00:27.656807 17703 logger_google.cpp:103] [44;37m Imp(0): PN8phxpaxos8ProposerE::AddAcceptTimer timeoutms 8000 [0m
W0108 23:00:27.656829 17703 logger_google.cpp:103] [44;37m Imp(0): PN8phxpaxos8ProposerE::Accept END [0m
W0108 23:00:27.656893 17703 logger_google.cpp:103] [44;37m Imp(0): PN8phxpaxos8AcceptorE::OnAccept START Msg.InstanceID 0 Msg.from_nodeid 288230419101395815 Msg.ProposalID 4 Msg.ValueLen 36 [0m
W0108 23:00:27.656975 17703 logger_google.cpp:103] [44;37m Imp(0): PN8phxpaxos8AcceptorE::OnAccept END Now.InstanceID 0 ReplyNodeID 288230419101395815 [0m
W0108 23:00:27.657008 17703 logger_google.cpp:103] [44;37m Imp(0): PN8phxpaxos8ProposerE::OnAcceptReply START Msg.ProposalID 4 State.ProposalID 4 Msg.from_nodeid 288230419101395815 RejectByPromiseID 0 [0m
W0108 23:00:27.657037 17703 logger_google.cpp:103] [44;37m Imp(0): PN8phxpaxos8ProposerE::OnAcceptReply END [0m
W0108 23:00:27.657058 17703 logger_google.cpp:103] [44;37m Imp(0): PN8phxpaxos8ProposerE::OnPrepareReply END [0m
W0108 23:00:27.660863 17709 logger_google.cpp:103] [44;37m Imp(2): PN8phxpaxos8ProposerE::OnAcceptReply START Msg.ProposalID 4 State.ProposalID 4 Msg.from_nodeid 2954361398504729447 RejectByPromiseID 0 [0m
W0108 23:00:27.660903 17709 logger_google.cpp:103] [44;37m Imp(2): PN8phxpaxos8ProposerE::OnAcceptReply END [0m
W0108 23:00:27.661234 17706 logger_google.cpp:103] [44;37m Imp(1): PN8phxpaxos8ProposerE::OnAcceptReply START Msg.ProposalID 4 State.ProposalID 4 Msg.from_nodeid 2954361398504729447 RejectByPromiseID 0 [0m
W0108 23:00:27.661278 17706 logger_google.cpp:103] [44;37m Imp(1): PN8phxpaxos8ProposerE::OnAcceptReply END [0m
W0108 23:00:27.661450 17703 logger_google.cpp:103] [44;37m Imp(0): PN8phxpaxos8ProposerE::OnAcceptReply START Msg.ProposalID 4 State.ProposalID 4 Msg.from_nodeid 792633577366891367 RejectByPromiseID 0 [0m
W0108 23:00:27.661491 17703 logger_google.cpp:103] [44;37m Imp(0): PN8phxpaxos8ProposerE::OnAcceptReply END [0m
W0108 23:00:27.680907 17703 logger_google.cpp:103] [44;37m Imp(0): PN8phxpaxos8ProposerE::OnAcceptReply START Msg.ProposalID 4 State.ProposalID 4 Msg.from_nodeid 2954361398504729447 RejectByPromiseID 0 [0m
W0108 23:00:27.680984 17703 logger_google.cpp:103] [44;37m Imp(0): PN8phxpaxos8ProposerE::OnAcceptReply END [0m
W0108 23:00:27.691581 17709 logger_google.cpp:103] [44;37m Imp(2): PN8phxpaxos8ProposerE::OnAcceptReply START Msg.ProposalID 4 State.ProposalID 4 Msg.from_nodeid 1297036735632386919 RejectByPromiseID 0 [0m
W0108 23:00:27.691625 17709 logger_google.cpp:103] [44;37m Imp(2): PN8phxpaxos8ProposerE::OnAcceptReply END [0m
W0108 23:00:27.691738 17706 logger_google.cpp:103] [44;37m Imp(1): PN8phxpaxos8ProposerE::OnAcceptReply START Msg.ProposalID 4 State.ProposalID 4 Msg.from_nodeid 1297036735632386919 RejectByPromiseID 0 [0m
W0108 23:00:27.691776 17706 logger_google.cpp:103] [44;37m Imp(1): PN8phxpaxos8ProposerE::OnAcceptReply END [0m
W0108 23:00:27.701799 17709 logger_google.cpp:103] [44;37m Imp(2): PN8phxpaxos8ProposerE::OnAcceptReply START Msg.ProposalID 4 State.ProposalID 4 Msg.from_nodeid 2810246210428873575 RejectByPromiseID 0 [0m
W0108 23:00:27.701862 17709 logger_google.cpp:103] [44;37m Imp(2): PN8phxpaxos7LearnerE::OnProposerSendSuccess START Msg.InstanceID 0 Now.InstanceID 0 Msg.ProposalID 4 State.AcceptedID 4 State.AcceptedNodeID 288230419101395815, Msg.from_nodeid 288230419101395815 [0m
W0108 23:00:27.701884 17709 logger_google.cpp:103] [44;37m Imp(2): PN8phxpaxos7LearnerE::OnProposerSendSuccess END Learn value OK, value 35 [0m
W0108 23:00:27.701906 17709 logger_google.cpp:103] [44;37m Imp(2): PN8phxpaxos8InstanceE::ReceiveMsgForLearner My commit ok, usetime 2187ms [0m
W0108 23:00:27.701968 17709 logger_google.cpp:103] [44;37m Imp(2): PN8phxpaxos18MasterStateMachineE::LearnMaster Be master success, absexpiretime 1467289190 [0m
W0108 23:00:27.702010 17709 logger_google.cpp:103] [44;37m Imp(2): PN8phxpaxos8InstanceE::ReceiveMsgForLearner [Learned] New paxos starting, Now.Proposer.InstanceID 0 Now.Acceptor.InstanceID 0 Now.Learner.InstanceID 0 [0m
W0108 23:00:27.702095 17709 logger_google.cpp:103] [44;37m Imp(2): PN8phxpaxos8InstanceE::ReceiveMsgForLearner [Learned] Checksum change, last checksum 0 new checksum 1193364321 [0m
W0108 23:00:27.702131 17709 logger_google.cpp:103] [44;37m Imp(2): PN8phxpaxos8InstanceE::ReceiveMsgForLearner [Learned] New paxos instance has started, Now.Proposer.InstanceID 1 Now.Acceptor.InstanceID 1 Now.Learner.InstanceID 1 [0m
W0108 23:00:27.702173 17709 logger_google.cpp:103] [44;37m Imp(2): PN8phxpaxos8ProposerE::OnAcceptReply END [0m
W0108 23:00:27.702220 17706 logger_google.cpp:103] [44;37m Imp(1): PN8phxpaxos8ProposerE::OnAcceptReply START Msg.ProposalID 4 State.ProposalID 4 Msg.from_nodeid 2810246210428873575 RejectByPromiseID 0 [0m
E0108 23:00:27.702224 17713 logger_google.cpp:99] STATUS(2): PN8phxpaxos9CommitterE::LogStatus wait threads 0 avg thread wait ms 0 reject rate 0
W0108 23:00:27.702471 17713 logger_google.cpp:103] [44;37m Imp(2): PN8phxpaxos9CommitCtxE::NewCommit OK, valuesize 27 [0m
W0108 23:00:27.702519 17706 logger_google.cpp:103] [44;37m Imp(1): PN8phxpaxos7LearnerE::OnProposerSendSuccess START Msg.InstanceID 0 Now.InstanceID 0 Msg.ProposalID 4 State.AcceptedID 4 State.AcceptedNodeID 288230419101395815, Msg.from_nodeid 288230419101395815 [0m
W0108 23:00:27.702546 17709 logger_google.cpp:103] [44;37m Imp(2): PN8phxpaxos8ProposerE::NewValue skip prepare, directly start accept [0m
W0108 23:00:27.702595 17709 logger_google.cpp:103] [44;37m Imp(2): PN8phxpaxos8ProposerE::Accept START ProposalID 4 ValueSize 27 ValueLen 27 [0m
W0108 23:00:27.702628 17709 logger_google.cpp:103] [44;37m Imp(2): PN8phxpaxos8ProposerE::AddAcceptTimer timeoutms 2000 [0m
W0108 23:00:27.702652 17709 logger_google.cpp:103] [44;37m Imp(2): PN8phxpaxos8ProposerE::Accept END [0m
W0108 23:00:27.702561 17706 logger_google.cpp:103] [44;37m Imp(1): PN8phxpaxos7LearnerE::OnProposerSendSuccess END Learn value OK, value 36 [0m
W0108 23:00:27.702726 17709 logger_google.cpp:103] [44;37m Imp(2): PN8phxpaxos8InstanceE::ChecksumLogic my last checksum 1193364321 other last checksum 1193364321 [0m
W0108 23:00:27.702729 17706 logger_google.cpp:103] [44;37m Imp(1): PN8phxpaxos8InstanceE::ReceiveMsgForLearner My commit ok, usetime 2189ms [0m
W0108 23:00:27.702757 17709 logger_google.cpp:103] [44;37m Imp(2): PN8phxpaxos8AcceptorE::OnAccept START Msg.InstanceID 1 Msg.from_nodeid 288230419101395815 Msg.ProposalID 4 Msg.ValueLen 27 [0m
W0108 23:00:27.702868 17706 logger_google.cpp:103] [44;37m Imp(1): PN8phxpaxos18MasterStateMachineE::LearnMaster Be master success, absexpiretime 1467289190 [0m
W0108 23:00:27.702961 17709 logger_google.cpp:103] [44;37m Imp(2): PN8phxpaxos8AcceptorE::OnAccept END Now.InstanceID 1 ReplyNodeID 288230419101395815 [0m
W0108 23:00:27.702972 17706 logger_google.cpp:103] [44;37m Imp(1): PN8phxpaxos8InstanceE::ReceiveMsgForLearner [Learned] New paxos starting, Now.Proposer.InstanceID 0 Now.Acceptor.InstanceID 0 Now.Learner.InstanceID 0 [0m
W0108 23:00:27.703022 17706 logger_google.cpp:103] [44;37m Imp(1): PN8phxpaxos8InstanceE::ReceiveMsgForLearner [Learned] Checksum change, last checksum 0 new checksum 4288474734 [0m
W0108 23:00:27.703050 17706 logger_google.cpp:103] [44;37m Imp(1): PN8phxpaxos8InstanceE::ReceiveMsgForLearner [Learned] New paxos instance has started, Now.Proposer.InstanceID 1 Now.Acceptor.InstanceID 1 Now.Learner.InstanceID 1 [0m
W0108 23:00:27.703065 17709 logger_google.cpp:103] [44;37m Imp(2): PN8phxpaxos8ProposerE::OnAcceptReply START Msg.ProposalID 4 State.ProposalID 4 Msg.from_nodeid 288230419101395815 RejectByPromiseID 0 [0m
W0108 23:00:27.703099 17706 logger_google.cpp:103] [44;37m Imp(1): PN8phxpaxos8ProposerE::OnAcceptReply END [0m
E0108 23:00:27.703183 17712 logger_google.cpp:99] STATUS(1): PN8phxpaxos9CommitterE::LogStatus wait threads 0 avg thread wait ms 0 reject rate 0
W0108 23:00:27.703155 17709 logger_google.cpp:103] [44;37m Imp(2): PN8phxpaxos8ProposerE::OnAcceptReply END [0m
W0108 23:00:27.703418 17712 logger_google.cpp:103] [44;37m Imp(1): PN8phxpaxos9CommitCtxE::NewCommit OK, valuesize 27 [0m
W0108 23:00:27.703480 17706 logger_google.cpp:103] [44;37m Imp(1): PN8phxpaxos8ProposerE::NewValue skip prepare, directly start accept [0m
W0108 23:00:27.703513 17706 logger_google.cpp:103] [44;37m Imp(1): PN8phxpaxos8ProposerE::Accept START ProposalID 4 ValueSize 27 ValueLen 27 [0m
W0108 23:00:27.703538 17706 logger_google.cpp:103] [44;37m Imp(1): PN8phxpaxos8ProposerE::AddAcceptTimer timeoutms 2000 [0m
W0108 23:00:27.703560 17706 logger_google.cpp:103] [44;37m Imp(1): PN8phxpaxos8ProposerE::Accept END [0m
W0108 23:00:27.703614 17706 logger_google.cpp:103] [44;37m Imp(1): PN8phxpaxos8InstanceE::ChecksumLogic my last checksum 4288474734 other last checksum 4288474734 [0m
W0108 23:00:27.703639 17706 logger_google.cpp:103] [44;37m Imp(1): PN8phxpaxos8AcceptorE::OnAccept START Msg.InstanceID 1 Msg.from_nodeid 288230419101395815 Msg.ProposalID 4 Msg.ValueLen 27 [0m
W0108 23:00:27.703732 17706 logger_google.cpp:103] [44;37m Imp(1): PN8phxpaxos8AcceptorE::OnAccept END Now.InstanceID 1 ReplyNodeID 288230419101395815 [0m
W0108 23:00:27.703768 17706 logger_google.cpp:103] [44;37m Imp(1): PN8phxpaxos8ProposerE::OnAcceptReply START Msg.ProposalID 4 State.ProposalID 4 Msg.from_nodeid 288230419101395815 RejectByPromiseID 0 [0m
W0108 23:00:27.703797 17706 logger_google.cpp:103] [44;37m Imp(1): PN8phxpaxos8ProposerE::OnAcceptReply END [0m
W0108 23:00:27.707134 17709 logger_google.cpp:103] [44;37m Imp(2): PN8phxpaxos8ProposerE::OnAcceptReply START Msg.ProposalID 4 State.ProposalID 4 Msg.from_nodeid 792633577366891367 RejectByPromiseID 0 [0m
W0108 23:00:27.707289 17709 logger_google.cpp:103] [44;37m Imp(2): PN8phxpaxos8ProposerE::OnAcceptReply END [0m
W0108 23:00:27.707979 17706 logger_google.cpp:103] [44;37m Imp(1): PN8phxpaxos8ProposerE::OnAcceptReply START Msg.ProposalID 4 State.ProposalID 4 Msg.from_nodeid 792633577366891367 RejectByPromiseID 0 [0m
W0108 23:00:27.708012 17706 logger_google.cpp:103] [44;37m Imp(1): PN8phxpaxos8ProposerE::OnAcceptReply END [0m
W0108 23:00:27.711490 17703 logger_google.cpp:103] [44;37m Imp(0): PN8phxpaxos8ProposerE::OnAcceptReply START Msg.ProposalID 4 State.ProposalID 4 Msg.from_nodeid 1297036735632386919 RejectByPromiseID 0 [0m
W0108 23:00:27.711524 17703 logger_google.cpp:103] [44;37m Imp(0): PN8phxpaxos8ProposerE::OnAcceptReply END [0m
E0108 23:00:27.721020 17704 logger_google.cpp:99] STATUS(0): PN8phxpaxos7CleanerE::run sleep a while, max deleted instanceid 0 checkpoint instanceid (no checkpoint) now instanceid 0
W0108 23:00:27.721849 17703 logger_google.cpp:103] [44;37m Imp(0): PN8phxpaxos8ProposerE::OnAcceptReply START Msg.ProposalID 4 State.ProposalID 4 Msg.from_nodeid 2810246210428873575 RejectByPromiseID 0 [0m
W0108 23:00:27.721911 17703 logger_google.cpp:103] [44;37m Imp(0): PN8phxpaxos7LearnerE::OnProposerSendSuccess START Msg.InstanceID 0 Now.InstanceID 0 Msg.ProposalID 4 State.AcceptedID 4 State.AcceptedNodeID 288230419101395815, Msg.from_nodeid 288230419101395815 [0m
W0108 23:00:27.721932 17703 logger_google.cpp:103] [44;37m Imp(0): PN8phxpaxos7LearnerE::OnProposerSendSuccess END Learn value OK, value 36 [0m
W0108 23:00:27.721954 17703 logger_google.cpp:103] [44;37m Imp(0): PN8phxpaxos8InstanceE::ReceiveMsgForLearner My commit ok, usetime 2208ms [0m
W0108 23:00:27.722010 17703 logger_google.cpp:103] [44;37m Imp(0): PN8phxpaxos18MasterStateMachineE::LearnMaster Be master success, absexpiretime 1467289190 [0m
W0108 23:00:27.722048 17703 logger_google.cpp:103] [44;37m Imp(0): PN8phxpaxos8InstanceE::ReceiveMsgForLearner [Learned] New paxos starting, Now.Proposer.InstanceID 0 Now.Acceptor.InstanceID 0 Now.Learner.InstanceID 0 [0m
W0108 23:00:27.722070 17703 logger_google.cpp:103] [44;37m Imp(0): PN8phxpaxos8InstanceE::ReceiveMsgForLearner [Learned] Checksum change, last checksum 0 new checksum 3645234882 [0m
W0108 23:00:27.722091 17703 logger_google.cpp:103] [44;37m Imp(0): PN8phxpaxos8InstanceE::ReceiveMsgForLearner [Learned] New paxos instance has started, Now.Proposer.InstanceID 1 Now.Acceptor.InstanceID 1 Now.Learner.InstanceID 1 [0m
W0108 23:00:27.722188 17703 logger_google.cpp:103] [44;37m Imp(0): PN8phxpaxos8ProposerE::OnAcceptReply END [0m
E0108 23:00:27.722193 17711 logger_google.cpp:99] STATUS(0): PN8phxpaxos9CommitterE::LogStatus wait threads 0 avg thread wait ms 0 reject rate 0
W0108 23:00:27.722293 17711 logger_google.cpp:103] [44;37m Imp(0): PN8phxpaxos9CommitCtxE::NewCommit OK, valuesize 27 [0m
W0108 23:00:27.722395 17703 logger_google.cpp:103] [44;37m Imp(0): PN8phxpaxos8ProposerE::NewValue skip prepare, directly start accept [0m
W0108 23:00:27.722460 17703 logger_google.cpp:103] [44;37m Imp(0): PN8phxpaxos8ProposerE::Accept START ProposalID 4 ValueSize 27 ValueLen 27 [0m
W0108 23:00:27.722487 17703 logger_google.cpp:103] [44;37m Imp(0): PN8phxpaxos8ProposerE::AddAcceptTimer timeoutms 2000 [0m
W0108 23:00:27.722508 17703 logger_google.cpp:103] [44;37m Imp(0): PN8phxpaxos8ProposerE::Accept END [0m
W0108 23:00:27.722564 17703 logger_google.cpp:103] [44;37m Imp(0): PN8phxpaxos8InstanceE::ChecksumLogic my last checksum 3645234882 other last checksum 3645234882 [0m
W0108 23:00:27.722587 17703 logger_google.cpp:103] [44;37m Imp(0): PN8phxpaxos8AcceptorE::OnAccept START Msg.InstanceID 1 Msg.from_nodeid 288230419101395815 Msg.ProposalID 4 Msg.ValueLen 27 [0m
W0108 23:00:27.722662 17703 logger_google.cpp:103] [44;37m Imp(0): PN8phxpaxos8AcceptorE::OnAccept END Now.InstanceID 1 ReplyNodeID 288230419101395815 [0m
W0108 23:00:27.722695 17703 logger_google.cpp:103] [44;37m Imp(0): PN8phxpaxos8ProposerE::OnAcceptReply START Msg.ProposalID 4 State.ProposalID 4 Msg.from_nodeid 288230419101395815 RejectByPromiseID 0 [0m
W0108 23:00:27.722725 17703 logger_google.cpp:103] [44;37m Imp(0): PN8phxpaxos8ProposerE::OnAcceptReply END [0m
W0108 23:00:27.726745 17709 logger_google.cpp:103] [44;37m Imp(2): PN8phxpaxos8ProposerE::OnAcceptReply START Msg.ProposalID 4 State.ProposalID 4 Msg.from_nodeid 2954361398504729447 RejectByPromiseID 0 [0m
W0108 23:00:27.726933 17709 logger_google.cpp:103] [44;37m Imp(2): PN8phxpaxos8ProposerE::OnAcceptReply END [0m
W0108 23:00:27.727099 17703 logger_google.cpp:103] [44;37m Imp(0): PN8phxpaxos7LearnerE::OnAskforLearn START Msg.InstanceID 1 Now.InstanceID 1 Msg.from_nodeid 792633577366891367 MinChosenInstanceID 0 [0m
W0108 23:00:27.727255 17703 logger_google.cpp:103] [44;37m Imp(0): PN8phxpaxos8ProposerE::OnAcceptReply START Msg.ProposalID 4 State.ProposalID 4 Msg.from_nodeid 792633577366891367 RejectByPromiseID 0 [0m
W0108 23:00:27.727294 17703 logger_google.cpp:103] [44;37m Imp(0): PN8phxpaxos8ProposerE::OnAcceptReply END [0m
W0108 23:00:27.727638 17706 logger_google.cpp:103] [44;37m Imp(1): PN8phxpaxos8ProposerE::OnAcceptReply START Msg.ProposalID 4 State.ProposalID 4 Msg.from_nodeid 2954361398504729447 RejectByPromiseID 0 [0m
W0108 23:00:27.727679 17706 logger_google.cpp:103] [44;37m Imp(1): PN8phxpaxos8ProposerE::OnAcceptReply END [0m
W0108 23:00:27.747035 17703 logger_google.cpp:103] [44;37m Imp(0): PN8phxpaxos8ProposerE::OnAcceptReply START Msg.ProposalID 4 State.ProposalID 4 Msg.from_nodeid 2954361398504729447 RejectByPromiseID 0 [0m
W0108 23:00:27.747076 17703 logger_google.cpp:103] [44;37m Imp(0): PN8phxpaxos8ProposerE::OnAcceptReply END [0m
W0108 23:00:27.757546 17709 logger_google.cpp:103] [44;37m Imp(2): PN8phxpaxos8ProposerE::OnAcceptReply START Msg.ProposalID 4 State.ProposalID 4 Msg.from_nodeid 1297036735632386919 RejectByPromiseID 0 [0m
W0108 23:00:27.757588 17709 logger_google.cpp:103] [44;37m Imp(2): PN8phxpaxos8ProposerE::OnAcceptReply END [0m
W0108 23:00:27.758148 17706 logger_google.cpp:103] [44;37m Imp(1): PN8phxpaxos8ProposerE::OnAcceptReply START Msg.ProposalID 4 State.ProposalID 4 Msg.from_nodeid 1297036735632386919 RejectByPromiseID 0 [0m
W0108 23:00:27.758208 17706 logger_google.cpp:103] [44;37m Imp(1): PN8phxpaxos8ProposerE::OnAcceptReply END [0m
W0108 23:00:27.767748 17709 logger_google.cpp:103] [44;37m Imp(2): PN8phxpaxos8ProposerE::OnAcceptReply START Msg.ProposalID 4 State.ProposalID 4 Msg.from_nodeid 2810246210428873575 RejectByPromiseID 0 [0m
W0108 23:00:27.767871 17709 logger_google.cpp:103] [44;37m Imp(2): PN8phxpaxos8InstanceE::ChecksumLogic my last checksum 1193364321 other last checksum 1193364321 [0m
W0108 23:00:27.767899 17709 logger_google.cpp:103] [44;37m Imp(2): PN8phxpaxos7LearnerE::OnProposerSendSuccess START Msg.InstanceID 1 Now.InstanceID 1 Msg.ProposalID 4 State.AcceptedID 4 State.AcceptedNodeID 288230419101395815, Msg.from_nodeid 288230419101395815 [0m
W0108 23:00:27.767920 17709 logger_google.cpp:103] [44;37m Imp(2): PN8phxpaxos7LearnerE::OnProposerSendSuccess END Learn value OK, value 27 [0m
